#
# There is insufficient memory for the Java Runtime Environment to continue.
# Native memory allocation (malloc) failed to allocate 879136 bytes. Error detail: Chunk::new
# Possible reasons:
#   The system is out of physical RAM or swap space
#   This process is running with CompressedOops enabled, and the Java Heap may be blocking the growth of the native heap
# Possible solutions:
#   Reduce memory load on the system
#   Increase physical memory or swap space
#   Check if swap backing store is full
#   Decrease Java heap size (-Xmx/-Xms)
#   Decrease number of Java threads
#   Decrease Java thread stack sizes (-Xss)
#   Set larger code cache with -XX:ReservedCodeCacheSize=
#   JVM is running with Unscaled Compressed Oops mode in which the Java heap is
#     placed in the first 4GB address space. The Java Heap base address is the
#     maximum limit for the native heap growth. Please use -XX:HeapBaseMinAddress
#     to set the Java Heap base and to place the Java Heap above 4GB virtual address.
# This output file may be truncated or incomplete.
#
#  Out of Memory Error (arena.cpp:168), pid=75892, tid=75840
#
# JRE version: OpenJDK Runtime Environment Temurin-21.0.9+10 (21.0.9+10) (build 21.0.9+10-LTS)
# Java VM: OpenJDK 64-Bit Server VM Temurin-21.0.9+10 (21.0.9+10-LTS, mixed mode, sharing, tiered, compressed oops, compressed class ptrs, parallel gc, windows-amd64)
# No core dump will be written. Minidumps are not enabled by default on client versions of Windows
#

---------------  S U M M A R Y ------------

Command Line: --add-modules=ALL-SYSTEM --add-opens=java.base/java.util=ALL-UNNAMED --add-opens=java.base/java.lang=ALL-UNNAMED --add-opens=java.base/sun.nio.fs=ALL-UNNAMED -Declipse.application=org.eclipse.jdt.ls.core.id1 -Dosgi.bundles.defaultStartLevel=4 -Declipse.product=org.eclipse.jdt.ls.core.product -Djava.import.generatesMetadataFilesAtProjectRoot=false -DDetectVMInstallationsJob.disabled=true -Dfile.encoding=utf8 -XX:+UseParallelGC -XX:GCTimeRatio=4 -XX:AdaptiveSizePolicyWeight=90 -Dsun.zip.disableMemoryMapping=true -Xmx2G -Xms100m -Xlog:disable -javaagent:c:\Users\82103\.cursor\extensions\redhat.java-1.51.0-win32-x64\lombok\lombok-1.18.39-4050.jar -XX:+HeapDumpOnOutOfMemoryError -XX:HeapDumpPath=c:\Users\82103\AppData\Roaming\Cursor\User\workspaceStorage\188db7536be9950b7912d41f0468fc29\redhat.java -Daether.dependencyCollector.impl=bf c:\Users\82103\.cursor\extensions\redhat.java-1.51.0-win32-x64\server\plugins\org.eclipse.equinox.launcher_1.7.100.v20251111-0406.jar -configuration c:\Users\82103\AppData\Roaming\Cursor\User\globalStorage\redhat.java\1.51.0\config_win -data c:\Users\82103\AppData\Roaming\Cursor\User\workspaceStorage\188db7536be9950b7912d41f0468fc29\redhat.java\jdt_ws --pipe=\\.\pipe\lsp-a3bb5875d2e9042ccc00b839e3df6588-sock

Host: 11th Gen Intel(R) Core(TM) i5-1135G7 @ 2.40GHz, 8 cores, 15G,  Windows 11 , 64 bit Build 26100 (10.0.26100.4484)
Time: Sun Feb  1 15:22:14 2026 elapsed time: 15.904374 seconds (0d 0h 0m 15s)

---------------  T H R E A D  ---------------

Current thread (0x0000029ec715a280):  JavaThread "C2 CompilerThread2" daemon [_thread_in_native, id=75840, stack(0x000000d12b800000,0x000000d12b900000) (1024K)]


Current CompileTask:
C2:15904 5837   !   4       org.eclipse.osgi.internal.loader.BundleLoader::findRequiredSource (283 bytes)

Stack: [0x000000d12b800000,0x000000d12b900000]
Native frames: (J=compiled Java code, j=interpreted, Vv=VM code, C=native code)
V  [jvm.dll+0x6d6e29]
V  [jvm.dll+0x8b4b76]
V  [jvm.dll+0x8b712e]
V  [jvm.dll+0x8b7813]
V  [jvm.dll+0x283d86]
V  [jvm.dll+0xc66ed]
V  [jvm.dll+0xc6c31]
V  [jvm.dll+0x2facee]
V  [jvm.dll+0x5fde44]
V  [jvm.dll+0x255557]
V  [jvm.dll+0x24dc5f]
V  [jvm.dll+0x24b482]
V  [jvm.dll+0x1cb13e]
V  [jvm.dll+0x25b29d]
V  [jvm.dll+0x25982a]
V  [jvm.dll+0x3f7ea6]
V  [jvm.dll+0x85e9ad]
V  [jvm.dll+0x6d565d]
C  [ucrtbase.dll+0x37b0]
C  [KERNEL32.DLL+0x2e8d7]
C  [ntdll.dll+0x3c34c]


---------------  P R O C E S S  ---------------

Threads class SMR info:
_java_thread_list=0x0000029ec702fdb0, length=45, elements={
0x0000029ee54d9e70, 0x0000029ee5c1a4f0, 0x0000029ee5c1ced0, 0x0000029efe054b00,
0x0000029efe056660, 0x0000029efe058770, 0x0000029efe059640, 0x0000029efe060f10,
0x0000029efe06b8f0, 0x0000029effbf2060, 0x0000029ec5016ab0, 0x0000029effd5a8c0,
0x0000029ec5852570, 0x0000029ec58e9850, 0x0000029ec567f8d0, 0x0000029ec5471940,
0x0000029ec5e5a8b0, 0x0000029ec5ef66e0, 0x0000029ec5d960e0, 0x0000029ec5d953c0,
0x0000029ec5d932f0, 0x0000029ec5d95a50, 0x0000029ec5d92c60, 0x0000029ec715a280,
0x0000029ec5d946a0, 0x0000029ec5d94010, 0x0000029ec78ccb00, 0x0000029ec78cd190,
0x0000029ec78cdeb0, 0x0000029ec78cff80, 0x0000029ec78d0610, 0x0000029ec78d0ca0,
0x0000029ec78cf8f0, 0x0000029ec78ce540, 0x0000029ec78cd820, 0x0000029ec78d1330,
0x0000029ec78d19c0, 0x0000029ec78d2050, 0x0000029ec78cebd0, 0x0000029ec78cf260,
0x0000029ec78d3a90, 0x0000029ec78d2d70, 0x0000029ec78d3400, 0x0000029ec78d4120,
0x0000029ecad413f0
}

Java Threads: ( => current thread )
  0x0000029ee54d9e70 JavaThread "main"                              [_thread_blocked, id=76340, stack(0x000000d129700000,0x000000d129800000) (1024K)]
  0x0000029ee5c1a4f0 JavaThread "Reference Handler"          daemon [_thread_blocked, id=75932, stack(0x000000d129b00000,0x000000d129c00000) (1024K)]
  0x0000029ee5c1ced0 JavaThread "Finalizer"                  daemon [_thread_blocked, id=74196, stack(0x000000d129c00000,0x000000d129d00000) (1024K)]
  0x0000029efe054b00 JavaThread "Signal Dispatcher"          daemon [_thread_blocked, id=75036, stack(0x000000d129d00000,0x000000d129e00000) (1024K)]
  0x0000029efe056660 JavaThread "Attach Listener"            daemon [_thread_blocked, id=74940, stack(0x000000d129e00000,0x000000d129f00000) (1024K)]
  0x0000029efe058770 JavaThread "Service Thread"             daemon [_thread_blocked, id=75220, stack(0x000000d129f00000,0x000000d12a000000) (1024K)]
  0x0000029efe059640 JavaThread "Monitor Deflation Thread"   daemon [_thread_blocked, id=76708, stack(0x000000d12a000000,0x000000d12a100000) (1024K)]
  0x0000029efe060f10 JavaThread "C2 CompilerThread0"         daemon [_thread_in_vm, id=76460, stack(0x000000d12a100000,0x000000d12a200000) (1024K)]
  0x0000029efe06b8f0 JavaThread "C1 CompilerThread0"         daemon [_thread_in_vm, id=74828, stack(0x000000d12a200000,0x000000d12a300000) (1024K)]
  0x0000029effbf2060 JavaThread "Common-Cleaner"             daemon [_thread_blocked, id=72056, stack(0x000000d12a300000,0x000000d12a400000) (1024K)]
  0x0000029ec5016ab0 JavaThread "Notification Thread"        daemon [_thread_blocked, id=71656, stack(0x000000d12a500000,0x000000d12a600000) (1024K)]
  0x0000029effd5a8c0 JavaThread "C2 CompilerThread1"         daemon [_thread_in_native, id=77792, stack(0x000000d12a400000,0x000000d12a500000) (1024K)]
  0x0000029ec5852570 JavaThread "Active Thread: Equinox Container: 29136411-fccb-471b-a179-aecbaf4dac3e"        [_thread_blocked, id=76996, stack(0x000000d12ad00000,0x000000d12ae00000) (1024K)]
  0x0000029ec58e9850 JavaThread "Refresh Thread: Equinox Container: 29136411-fccb-471b-a179-aecbaf4dac3e" daemon [_thread_blocked, id=77364, stack(0x000000d12af00000,0x000000d12b000000) (1024K)]
  0x0000029ec567f8d0 JavaThread "Framework Event Dispatcher: Equinox Container: 29136411-fccb-471b-a179-aecbaf4dac3e" daemon [_thread_blocked, id=75824, stack(0x000000d12b000000,0x000000d12b100000) (1024K)]
  0x0000029ec5471940 JavaThread "Start Level: Equinox Container: 29136411-fccb-471b-a179-aecbaf4dac3e" daemon [_thread_blocked, id=70700, stack(0x000000d12b100000,0x000000d12b200000) (1024K)]
  0x0000029ec5e5a8b0 JavaThread "Bundle File Closer"         daemon [_thread_blocked, id=74412, stack(0x000000d12b200000,0x000000d12b300000) (1024K)]
  0x0000029ec5ef66e0 JavaThread "SCR Component Actor"        daemon [_thread_blocked, id=73132, stack(0x000000d12b300000,0x000000d12b400000) (1024K)]
  0x0000029ec5d960e0 JavaThread "Worker-JM"                         [_thread_blocked, id=77720, stack(0x000000d12a600000,0x000000d12a700000) (1024K)]
  0x0000029ec5d953c0 JavaThread "JNA Cleaner"                daemon [_thread_blocked, id=75436, stack(0x000000d12b400000,0x000000d12b500000) (1024K)]
  0x0000029ec5d932f0 JavaThread "Worker-0: Repository registry initialization"        [_thread_blocked, id=77476, stack(0x000000d12b500000,0x000000d12b600000) (1024K)]
  0x0000029ec5d95a50 JavaThread "Worker-1: Updating Maven Dependencies"        [_thread_in_Java, id=41484, stack(0x000000d12b600000,0x000000d12b700000) (1024K)]
  0x0000029ec5d92c60 JavaThread "Worker-2"                          [_thread_blocked, id=74920, stack(0x000000d12b700000,0x000000d12b800000) (1024K)]
=>0x0000029ec715a280 JavaThread "C2 CompilerThread2"         daemon [_thread_in_native, id=75840, stack(0x000000d12b800000,0x000000d12b900000) (1024K)]
  0x0000029ec5d946a0 JavaThread "Worker-3"                          [_thread_blocked, id=77748, stack(0x000000d12b900000,0x000000d12ba00000) (1024K)]
  0x0000029ec5d94010 JavaThread "Java indexing"              daemon [_thread_blocked, id=76208, stack(0x000000d12ba00000,0x000000d12bb00000) (1024K)]
  0x0000029ec78ccb00 JavaThread "Worker-4: Initialize After Load"        [_thread_blocked, id=75068, stack(0x000000d12bb00000,0x000000d12bc00000) (1024K)]
  0x0000029ec78cd190 JavaThread "Worker-5"                          [_thread_blocked, id=68344, stack(0x000000d12be00000,0x000000d12bf00000) (1024K)]
  0x0000029ec78cdeb0 JavaThread "Worker-6: Synchronize Gradle projects with workspace"        [_thread_blocked, id=56916, stack(0x000000d12bf00000,0x000000d12c000000) (1024K)]
  0x0000029ec78cff80 JavaThread "Thread-1"                   daemon [_thread_in_native, id=77604, stack(0x000000d12c000000,0x000000d12c100000) (1024K)]
  0x0000029ec78d0610 JavaThread "Thread-2"                   daemon [_thread_in_native, id=76472, stack(0x000000d12c100000,0x000000d12c200000) (1024K)]
  0x0000029ec78d0ca0 JavaThread "Thread-3"                   daemon [_thread_in_native, id=27808, stack(0x000000d12c200000,0x000000d12c300000) (1024K)]
  0x0000029ec78cf8f0 JavaThread "Thread-4"                   daemon [_thread_in_native, id=76204, stack(0x000000d12c300000,0x000000d12c400000) (1024K)]
  0x0000029ec78ce540 JavaThread "Thread-5"                   daemon [_thread_in_native, id=77320, stack(0x000000d12c400000,0x000000d12c500000) (1024K)]
  0x0000029ec78cd820 JavaThread "Thread-6"                   daemon [_thread_in_native, id=77752, stack(0x000000d12c500000,0x000000d12c600000) (1024K)]
  0x0000029ec78d1330 JavaThread "Thread-7"                   daemon [_thread_in_native, id=76360, stack(0x000000d12c600000,0x000000d12c700000) (1024K)]
  0x0000029ec78d19c0 JavaThread "Thread-8"                   daemon [_thread_in_native, id=74836, stack(0x000000d12c700000,0x000000d12c800000) (1024K)]
  0x0000029ec78d2050 JavaThread "Thread-9"                   daemon [_thread_in_native, id=73104, stack(0x000000d12c800000,0x000000d12c900000) (1024K)]
  0x0000029ec78cebd0 JavaThread "Worker-7"                          [_thread_blocked, id=76544, stack(0x000000d12c900000,0x000000d12ca00000) (1024K)]
  0x0000029ec78cf260 JavaThread "Timer-0"                           [_thread_blocked, id=69132, stack(0x000000d12ca00000,0x000000d12cb00000) (1024K)]
  0x0000029ec78d3a90 JavaThread "Timer-1"                           [_thread_blocked, id=76152, stack(0x000000d12cb00000,0x000000d12cc00000) (1024K)]
  0x0000029ec78d2d70 JavaThread "Connection worker"                 [_thread_in_native, id=37412, stack(0x000000d12cc00000,0x000000d12cd00000) (1024K)]
  0x0000029ec78d3400 JavaThread "pool-2-thread-1"                   [_thread_blocked, id=45520, stack(0x000000d12cd00000,0x000000d12ce00000) (1024K)]
  0x0000029ec78d4120 JavaThread "WorkspaceEventsHandler"            [_thread_blocked, id=62664, stack(0x000000d12ce00000,0x000000d12cf00000) (1024K)]
  0x0000029ecad413f0 JavaThread "pool-1-thread-1"                   [_thread_blocked, id=70192, stack(0x000000d12cf00000,0x000000d12d000000) (1024K)]
Total: 45

Other Threads:
  0x0000029efe0514c0 VMThread "VM Thread"                           [id=76356, stack(0x000000d129a00000,0x000000d129b00000) (1024K)]
  0x0000029ee5bc85d0 WatcherThread "VM Periodic Task Thread"        [id=76372, stack(0x000000d129900000,0x000000d129a00000) (1024K)]
  0x0000029ee5b7a080 WorkerThread "GC Thread#0"                     [id=76376, stack(0x000000d129800000,0x000000d129900000) (1024K)]
  0x0000029ec55e32a0 WorkerThread "GC Thread#1"                     [id=73972, stack(0x000000d12a700000,0x000000d12a800000) (1024K)]
  0x0000029ec55e3640 WorkerThread "GC Thread#2"                     [id=73868, stack(0x000000d12a800000,0x000000d12a900000) (1024K)]
  0x0000029ec55e39e0 WorkerThread "GC Thread#3"                     [id=75996, stack(0x000000d12a900000,0x000000d12aa00000) (1024K)]
  0x0000029ec56f2450 WorkerThread "GC Thread#4"                     [id=76664, stack(0x000000d12aa00000,0x000000d12ab00000) (1024K)]
  0x0000029ec56f27f0 WorkerThread "GC Thread#5"                     [id=76656, stack(0x000000d12ab00000,0x000000d12ac00000) (1024K)]
  0x0000029ec51fc0b0 WorkerThread "GC Thread#6"                     [id=76660, stack(0x000000d12ac00000,0x000000d12ad00000) (1024K)]
  0x0000029ec583d3e0 WorkerThread "GC Thread#7"                     [id=77576, stack(0x000000d12ae00000,0x000000d12af00000) (1024K)]
Total: 10

Threads with active compile tasks:
C2 CompilerThread0  17957 6033       4       java.util.regex.Pattern::atom (422 bytes)
C1 CompilerThread0  17957 6093       3       com.google.inject.internal.aop.ImmutableStringTrie::buildSubTrie (336 bytes)
C2 CompilerThread1  17957 5735   !   4       org.eclipse.osgi.internal.loader.classpath.ClasspathManager::defineClass (636 bytes)
C2 CompilerThread2  17957 5837   !   4       org.eclipse.osgi.internal.loader.BundleLoader::findRequiredSource (283 bytes)
Total: 4

VM state: not at safepoint (normal execution)

VM Mutex/Monitor currently owned by a thread: None

Heap address: 0x0000000080000000, size: 2048 MB, Compressed Oops mode: 32-bit

CDS archive(s) mapped at: [0x0000029e80000000-0x0000029e80ba0000-0x0000029e80ba0000), size 12189696, SharedBaseAddress: 0x0000029e80000000, ArchiveRelocationMode: 1.
Compressed class space mapped at: 0x0000029e81000000-0x0000029ec1000000, reserved size: 1073741824
Narrow klass base: 0x0000029e80000000, Narrow klass shift: 0, Narrow klass range: 0x100000000

GC Precious Log:
 CardTable entry size: 512
 CPUs: 8 total, 8 available
 Memory: 16075M
 Large Page Support: Disabled
 NUMA Support: Disabled
 Compressed Oops: Enabled (32-bit)
 Alignments: Space 512K, Generation 512K, Heap 2M
 Heap Min Capacity: 100M
 Heap Initial Capacity: 100M
 Heap Max Capacity: 2G
 Pre-touch: Disabled
 Parallel Workers: 8

Heap:
 PSYoungGen      total 23552K, used 6623K [0x00000000d5580000, 0x00000000d6f80000, 0x0000000100000000)
  eden space 22016K, 24% used [0x00000000d5580000,0x00000000d5ac7d90,0x00000000d6b00000)
  from space 1536K, 79% used [0x00000000d6b80000,0x00000000d6cb0000,0x00000000d6d00000)
  to   space 2048K, 0% used [0x00000000d6d80000,0x00000000d6d80000,0x00000000d6f80000)
 ParOldGen       total 68608K, used 31689K [0x0000000080000000, 0x0000000084300000, 0x00000000d5580000)
  object space 68608K, 46% used [0x0000000080000000,0x0000000081ef2658,0x0000000084300000)
 Metaspace       used 46712K, committed 47936K, reserved 1114112K
  class space    used 5279K, committed 5824K, reserved 1048576K

Card table byte_map: [0x0000029ef93a0000,0x0000029ef97b0000] _byte_map_base: 0x0000029ef8fa0000

Marking Bits: (ParMarkBitMap*) 0x00007ff8f5892460
 Begin Bits: [0x0000029ef9a60000, 0x0000029efba60000)
 End Bits:   [0x0000029efba60000, 0x0000029efda60000)

Polling page: 0x0000029ee5c20000

Metaspace:

Usage:
  Non-class:     40.46 MB used.
      Class:      5.16 MB used.
       Both:     45.62 MB used.

Virtual space:
  Non-class space:       64.00 MB reserved,      41.12 MB ( 64%) committed,  1 nodes.
      Class space:        1.00 GB reserved,       5.69 MB ( <1%) committed,  1 nodes.
             Both:        1.06 GB reserved,      46.81 MB (  4%) committed. 

Chunk freelists:
   Non-Class:  6.33 MB
       Class:  10.23 MB
        Both:  16.56 MB

MaxMetaspaceSize: unlimited
CompressedClassSpaceSize: 1.00 GB
Initial GC threshold: 21.00 MB
Current GC threshold: 58.38 MB
CDS: on
 - commit_granule_bytes: 65536.
 - commit_granule_words: 8192.
 - virtual_space_node_default_size: 8388608.
 - enlarge_chunks_in_place: 1.
 - use_allocation_guard: 0.


Internal statistics:

num_allocs_failed_limit: 6.
num_arena_births: 834.
num_arena_deaths: 14.
num_vsnodes_births: 2.
num_vsnodes_deaths: 0.
num_space_committed: 749.
num_space_uncommitted: 0.
num_chunks_returned_to_freelist: 20.
num_chunks_taken_from_freelist: 3002.
num_chunk_merges: 7.
num_chunk_splits: 1815.
num_chunks_enlarged: 957.
num_inconsistent_stats: 0.

CodeHeap 'non-profiled nmethods': size=120000Kb used=2760Kb max_used=2760Kb free=117239Kb
 bounds [0x0000029ef1c90000, 0x0000029ef1f50000, 0x0000029ef91c0000]
CodeHeap 'profiled nmethods': size=120000Kb used=11451Kb max_used=11451Kb free=108548Kb
 bounds [0x0000029eea1c0000, 0x0000029eeacf0000, 0x0000029ef16f0000]
CodeHeap 'non-nmethods': size=5760Kb used=1378Kb max_used=1422Kb free=4381Kb
 bounds [0x0000029ef16f0000, 0x0000029ef1960000, 0x0000029ef1c90000]
CodeCache: size=245760Kb, used=15589Kb, max_used=15633Kb, free=230168Kb
 total_blobs=6154, nmethods=5487, adapters=573, full_count=0
Compilation: enabled, stopped_count=0, restarted_count=0

Compilation events (20 events):
Event: 12.877 Thread 0x0000029efe06b8f0 nmethod 6021 0x0000029eeacc4210 code [0x0000029eeacc44c0, 0x0000029eeacc5150]
Event: 12.877 Thread 0x0000029efe06b8f0 6027       3       java.util.concurrent.locks.ReentrantLock$Sync::tryLock (63 bytes)
Event: 12.877 Thread 0x0000029efe06b8f0 nmethod 6027 0x0000029eeacc5690 code [0x0000029eeacc5880, 0x0000029eeacc5c58]
Event: 12.878 Thread 0x0000029efe06b8f0 6029       3       com.google.common.cache.LocalCache$Segment::drainReferenceQueues (29 bytes)
Event: 12.878 Thread 0x0000029efe06b8f0 nmethod 6029 0x0000029eeacc5d90 code [0x0000029eeacc5f60, 0x0000029eeacc62d0]
Event: 12.878 Thread 0x0000029efe06b8f0 6022       3       com.google.common.util.concurrent.SettableFuture::set (6 bytes)
Event: 12.880 Thread 0x0000029efe06b8f0 nmethod 6022 0x0000029eeacc6410 code [0x0000029eeacc66a0, 0x0000029eeacc71a8]
Event: 12.880 Thread 0x0000029efe06b8f0 6030       3       org.objectweb.asm.ByteVector::put12 (64 bytes)
Event: 12.881 Thread 0x0000029efe06b8f0 nmethod 6030 0x0000029eeacc7610 code [0x0000029eeacc77c0, 0x0000029eeacc79f0]
Event: 12.881 Thread 0x0000029efe06b8f0 6031       3       com.google.common.cache.LocalCache$Segment::expireEntries (113 bytes)
Event: 13.892 Thread 0x0000029efe06b8f0 nmethod 6031 0x0000029eeacc7b90 code [0x0000029eeacc7e40, 0x0000029eeacc8b28]
Event: 13.892 Thread 0x0000029efe06b8f0 6023       3       com.google.common.util.concurrent.AbstractFuture::set (30 bytes)
Event: 13.893 Thread 0x0000029efe06b8f0 nmethod 6023 0x0000029eeacc8f10 code [0x0000029eeacc91a0, 0x0000029eeacc9cb0]
Event: 13.893 Thread 0x0000029efe06b8f0 6024       3       com.google.common.util.concurrent.AbstractFutureState::casValue (10 bytes)
Event: 13.894 Thread 0x0000029efe06b8f0 nmethod 6024 0x0000029eeacca110 code [0x0000029eeacca3c0, 0x0000029eeaccb048]
Event: 13.895 Thread 0x0000029efe06b8f0 6025       3       com.google.common.util.concurrent.AbstractFutureState$VarHandleAtomicHelper::casValue (10 bytes)
Event: 13.896 Thread 0x0000029efe06b8f0 nmethod 6025 0x0000029eeaccb510 code [0x0000029eeaccb7a0, 0x0000029eeaccc3e8]
Event: 13.896 Thread 0x0000029efe06b8f0 6036   !   3       com.google.common.cache.LocalCache$Segment::runLockedCleanup (39 bytes)
Event: 13.896 Thread 0x0000029efe06b8f0 nmethod 6036 0x0000029eeaccc810 code [0x0000029eeaccca80, 0x0000029eeaccd568]
Event: 13.896 Thread 0x0000029efe06b8f0 6020       3       com.google.common.cache.LocalCache$Segment::setValue (82 bytes)

GC Heap History (20 events):
Event: 6.195 GC heap before
{Heap before GC invocations=12 (full 1):
 PSYoungGen      total 26112K, used 25896K [0x00000000d5580000, 0x00000000d7400000, 0x0000000100000000)
  eden space 23552K, 100% used [0x00000000d5580000,0x00000000d6c80000,0x00000000d6c80000)
  from space 2560K, 91% used [0x00000000d7180000,0x00000000d73ca2b0,0x00000000d7400000)
  to   space 2560K, 0% used [0x00000000d6f00000,0x00000000d6f00000,0x00000000d7180000)
 ParOldGen       total 68608K, used 15005K [0x0000000080000000, 0x0000000084300000, 0x00000000d5580000)
  object space 68608K, 21% used [0x0000000080000000,0x0000000080ea76a0,0x0000000084300000)
 Metaspace       used 31080K, committed 32064K, reserved 1114112K
  class space    used 3073K, committed 3456K, reserved 1048576K
}
Event: 6.200 GC heap after
{Heap after GC invocations=12 (full 1):
 PSYoungGen      total 25088K, used 1616K [0x00000000d5580000, 0x00000000d7200000, 0x0000000100000000)
  eden space 23040K, 0% used [0x00000000d5580000,0x00000000d5580000,0x00000000d6c00000)
  from space 2048K, 78% used [0x00000000d6f00000,0x00000000d70942b0,0x00000000d7100000)
  to   space 1024K, 0% used [0x00000000d7100000,0x00000000d7100000,0x00000000d7200000)
 ParOldGen       total 68608K, used 17258K [0x0000000080000000, 0x0000000084300000, 0x00000000d5580000)
  object space 68608K, 25% used [0x0000000080000000,0x00000000810daba0,0x0000000084300000)
 Metaspace       used 31080K, committed 32064K, reserved 1114112K
  class space    used 3073K, committed 3456K, reserved 1048576K
}
Event: 6.614 GC heap before
{Heap before GC invocations=13 (full 1):
 PSYoungGen      total 25088K, used 24656K [0x00000000d5580000, 0x00000000d7200000, 0x0000000100000000)
  eden space 23040K, 100% used [0x00000000d5580000,0x00000000d6c00000,0x00000000d6c00000)
  from space 2048K, 78% used [0x00000000d6f00000,0x00000000d70942b0,0x00000000d7100000)
  to   space 1024K, 0% used [0x00000000d7100000,0x00000000d7100000,0x00000000d7200000)
 ParOldGen       total 68608K, used 17258K [0x0000000080000000, 0x0000000084300000, 0x00000000d5580000)
  object space 68608K, 25% used [0x0000000080000000,0x00000000810daba0,0x0000000084300000)
 Metaspace       used 34097K, committed 35200K, reserved 1114112K
  class space    used 3485K, committed 3968K, reserved 1048576K
}
Event: 6.620 GC heap after
{Heap after GC invocations=13 (full 1):
 PSYoungGen      total 23552K, used 1021K [0x00000000d5580000, 0x00000000d7200000, 0x0000000100000000)
  eden space 22528K, 0% used [0x00000000d5580000,0x00000000d5580000,0x00000000d6b80000)
  from space 1024K, 99% used [0x00000000d7100000,0x00000000d71ff510,0x00000000d7200000)
  to   space 3072K, 0% used [0x00000000d6c00000,0x00000000d6c00000,0x00000000d6f00000)
 ParOldGen       total 68608K, used 18923K [0x0000000080000000, 0x0000000084300000, 0x00000000d5580000)
  object space 68608K, 27% used [0x0000000080000000,0x000000008127ae80,0x0000000084300000)
 Metaspace       used 34097K, committed 35200K, reserved 1114112K
  class space    used 3485K, committed 3968K, reserved 1048576K
}
Event: 6.714 GC heap before
{Heap before GC invocations=14 (full 1):
 PSYoungGen      total 23552K, used 8406K [0x00000000d5580000, 0x00000000d7200000, 0x0000000100000000)
  eden space 22528K, 32% used [0x00000000d5580000,0x00000000d5cb6388,0x00000000d6b80000)
  from space 1024K, 99% used [0x00000000d7100000,0x00000000d71ff510,0x00000000d7200000)
  to   space 3072K, 0% used [0x00000000d6c00000,0x00000000d6c00000,0x00000000d6f00000)
 ParOldGen       total 68608K, used 18923K [0x0000000080000000, 0x0000000084300000, 0x00000000d5580000)
  object space 68608K, 27% used [0x0000000080000000,0x000000008127ae80,0x0000000084300000)
 Metaspace       used 34830K, committed 35840K, reserved 1114112K
  class space    used 3581K, committed 4032K, reserved 1048576K
}
Event: 6.717 GC heap after
{Heap after GC invocations=14 (full 1):
 PSYoungGen      total 25600K, used 789K [0x00000000d5580000, 0x00000000d7180000, 0x0000000100000000)
  eden space 22528K, 0% used [0x00000000d5580000,0x00000000d5580000,0x00000000d6b80000)
  from space 3072K, 25% used [0x00000000d6c00000,0x00000000d6cc54b8,0x00000000d6f00000)
  to   space 1536K, 0% used [0x00000000d7000000,0x00000000d7000000,0x00000000d7180000)
 ParOldGen       total 68608K, used 19872K [0x0000000080000000, 0x0000000084300000, 0x00000000d5580000)
  object space 68608K, 28% used [0x0000000080000000,0x00000000813680a8,0x0000000084300000)
 Metaspace       used 34830K, committed 35840K, reserved 1114112K
  class space    used 3581K, committed 4032K, reserved 1048576K
}
Event: 6.717 GC heap before
{Heap before GC invocations=15 (full 2):
 PSYoungGen      total 25600K, used 789K [0x00000000d5580000, 0x00000000d7180000, 0x0000000100000000)
  eden space 22528K, 0% used [0x00000000d5580000,0x00000000d5580000,0x00000000d6b80000)
  from space 3072K, 25% used [0x00000000d6c00000,0x00000000d6cc54b8,0x00000000d6f00000)
  to   space 1536K, 0% used [0x00000000d7000000,0x00000000d7000000,0x00000000d7180000)
 ParOldGen       total 68608K, used 19872K [0x0000000080000000, 0x0000000084300000, 0x00000000d5580000)
  object space 68608K, 28% used [0x0000000080000000,0x00000000813680a8,0x0000000084300000)
 Metaspace       used 34830K, committed 35840K, reserved 1114112K
  class space    used 3581K, committed 4032K, reserved 1048576K
}
Event: 6.774 GC heap after
{Heap after GC invocations=15 (full 2):
 PSYoungGen      total 25600K, used 0K [0x00000000d5580000, 0x00000000d7180000, 0x0000000100000000)
  eden space 22528K, 0% used [0x00000000d5580000,0x00000000d5580000,0x00000000d6b80000)
  from space 3072K, 0% used [0x00000000d6c00000,0x00000000d6c00000,0x00000000d6f00000)
  to   space 1536K, 0% used [0x00000000d7000000,0x00000000d7000000,0x00000000d7180000)
 ParOldGen       total 68608K, used 19274K [0x0000000080000000, 0x0000000084300000, 0x00000000d5580000)
  object space 68608K, 28% used [0x0000000080000000,0x00000000812d28a0,0x0000000084300000)
 Metaspace       used 34830K, committed 35840K, reserved 1114112K
  class space    used 3581K, committed 4032K, reserved 1048576K
}
Event: 7.066 GC heap before
{Heap before GC invocations=16 (full 2):
 PSYoungGen      total 25600K, used 22528K [0x00000000d5580000, 0x00000000d7180000, 0x0000000100000000)
  eden space 22528K, 100% used [0x00000000d5580000,0x00000000d6b80000,0x00000000d6b80000)
  from space 3072K, 0% used [0x00000000d6c00000,0x00000000d6c00000,0x00000000d6f00000)
  to   space 1536K, 0% used [0x00000000d7000000,0x00000000d7000000,0x00000000d7180000)
 ParOldGen       total 68608K, used 19274K [0x0000000080000000, 0x0000000084300000, 0x00000000d5580000)
  object space 68608K, 28% used [0x0000000080000000,0x00000000812d28a0,0x0000000084300000)
 Metaspace       used 36789K, committed 37952K, reserved 1114112K
  class space    used 3865K, committed 4416K, reserved 1048576K
}
Event: 7.069 GC heap after
{Heap after GC invocations=16 (full 2):
 PSYoungGen      total 23040K, used 1003K [0x00000000d5580000, 0x00000000d7100000, 0x0000000100000000)
  eden space 22016K, 0% used [0x00000000d5580000,0x00000000d5580000,0x00000000d6b00000)
  from space 1024K, 97% used [0x00000000d7000000,0x00000000d70fac08,0x00000000d7100000)
  to   space 1536K, 0% used [0x00000000d6e00000,0x00000000d6e00000,0x00000000d6f80000)
 ParOldGen       total 68608K, used 19282K [0x0000000080000000, 0x0000000084300000, 0x00000000d5580000)
  object space 68608K, 28% used [0x0000000080000000,0x00000000812d48a0,0x0000000084300000)
 Metaspace       used 36789K, committed 37952K, reserved 1114112K
  class space    used 3865K, committed 4416K, reserved 1048576K
}
Event: 7.378 GC heap before
{Heap before GC invocations=17 (full 2):
 PSYoungGen      total 23040K, used 23019K [0x00000000d5580000, 0x00000000d7100000, 0x0000000100000000)
  eden space 22016K, 100% used [0x00000000d5580000,0x00000000d6b00000,0x00000000d6b00000)
  from space 1024K, 97% used [0x00000000d7000000,0x00000000d70fac08,0x00000000d7100000)
  to   space 1536K, 0% used [0x00000000d6e00000,0x00000000d6e00000,0x00000000d6f80000)
 ParOldGen       total 68608K, used 19282K [0x0000000080000000, 0x0000000084300000, 0x00000000d5580000)
  object space 68608K, 28% used [0x0000000080000000,0x00000000812d48a0,0x0000000084300000)
 Metaspace       used 38720K, committed 39872K, reserved 1114112K
  class space    used 4155K, committed 4672K, reserved 1048576K
}
Event: 7.382 GC heap after
{Heap after GC invocations=17 (full 2):
 PSYoungGen      total 23552K, used 1536K [0x00000000d5580000, 0x00000000d7080000, 0x0000000100000000)
  eden space 22016K, 0% used [0x00000000d5580000,0x00000000d5580000,0x00000000d6b00000)
  from space 1536K, 100% used [0x00000000d6e00000,0x00000000d6f80000,0x00000000d6f80000)
  to   space 1024K, 0% used [0x00000000d6f80000,0x00000000d6f80000,0x00000000d7080000)
 ParOldGen       total 68608K, used 19802K [0x0000000080000000, 0x0000000084300000, 0x00000000d5580000)
  object space 68608K, 28% used [0x0000000080000000,0x00000000813568a0,0x0000000084300000)
 Metaspace       used 38720K, committed 39872K, reserved 1114112K
  class space    used 4155K, committed 4672K, reserved 1048576K
}
Event: 7.914 GC heap before
{Heap before GC invocations=18 (full 2):
 PSYoungGen      total 23552K, used 23552K [0x00000000d5580000, 0x00000000d7080000, 0x0000000100000000)
  eden space 22016K, 100% used [0x00000000d5580000,0x00000000d6b00000,0x00000000d6b00000)
  from space 1536K, 100% used [0x00000000d6e00000,0x00000000d6f80000,0x00000000d6f80000)
  to   space 1024K, 0% used [0x00000000d6f80000,0x00000000d6f80000,0x00000000d7080000)
 ParOldGen       total 68608K, used 19802K [0x0000000080000000, 0x0000000084300000, 0x00000000d5580000)
  object space 68608K, 28% used [0x0000000080000000,0x00000000813568a0,0x0000000084300000)
 Metaspace       used 40834K, committed 42048K, reserved 1114112K
  class space    used 4444K, committed 4992K, reserved 1048576K
}
Event: 7.919 GC heap after
{Heap after GC invocations=18 (full 2):
 PSYoungGen      total 23040K, used 1002K [0x00000000d5580000, 0x00000000d7200000, 0x0000000100000000)
  eden space 22016K, 0% used [0x00000000d5580000,0x00000000d5580000,0x00000000d6b00000)
  from space 1024K, 97% used [0x00000000d6f80000,0x00000000d707aa18,0x00000000d7080000)
  to   space 3584K, 0% used [0x00000000d6b00000,0x00000000d6b00000,0x00000000d6e80000)
 ParOldGen       total 68608K, used 21715K [0x0000000080000000, 0x0000000084300000, 0x00000000d5580000)
  object space 68608K, 31% used [0x0000000080000000,0x0000000081534c58,0x0000000084300000)
 Metaspace       used 40834K, committed 42048K, reserved 1114112K
  class space    used 4444K, committed 4992K, reserved 1048576K
}
Event: 10.203 GC heap before
{Heap before GC invocations=19 (full 2):
 PSYoungGen      total 23040K, used 23018K [0x00000000d5580000, 0x00000000d7200000, 0x0000000100000000)
  eden space 22016K, 100% used [0x00000000d5580000,0x00000000d6b00000,0x00000000d6b00000)
  from space 1024K, 97% used [0x00000000d6f80000,0x00000000d707aa18,0x00000000d7080000)
  to   space 3584K, 0% used [0x00000000d6b00000,0x00000000d6b00000,0x00000000d6e80000)
 ParOldGen       total 68608K, used 21715K [0x0000000080000000, 0x0000000084300000, 0x00000000d5580000)
  object space 68608K, 31% used [0x0000000080000000,0x0000000081534c58,0x0000000084300000)
 Metaspace       used 42629K, committed 43840K, reserved 1114112K
  class space    used 4658K, committed 5184K, reserved 1048576K
}
Event: 11.206 GC heap after
{Heap after GC invocations=19 (full 2):
 PSYoungGen      total 25600K, used 3582K [0x00000000d5580000, 0x00000000d7300000, 0x0000000100000000)
  eden space 22016K, 0% used [0x00000000d5580000,0x00000000d5580000,0x00000000d6b00000)
  from space 3584K, 99% used [0x00000000d6b00000,0x00000000d6e7fb98,0x00000000d6e80000)
  to   space 4096K, 0% used [0x00000000d6f00000,0x00000000d6f00000,0x00000000d7300000)
 ParOldGen       total 68608K, used 22658K [0x0000000080000000, 0x0000000084300000, 0x00000000d5580000)
  object space 68608K, 33% used [0x0000000080000000,0x00000000816208a0,0x0000000084300000)
 Metaspace       used 42629K, committed 43840K, reserved 1114112K
  class space    used 4658K, committed 5184K, reserved 1048576K
}
Event: 11.483 GC heap before
{Heap before GC invocations=20 (full 2):
 PSYoungGen      total 25600K, used 25598K [0x00000000d5580000, 0x00000000d7300000, 0x0000000100000000)
  eden space 22016K, 100% used [0x00000000d5580000,0x00000000d6b00000,0x00000000d6b00000)
  from space 3584K, 99% used [0x00000000d6b00000,0x00000000d6e7fb98,0x00000000d6e80000)
  to   space 4096K, 0% used [0x00000000d6f00000,0x00000000d6f00000,0x00000000d7300000)
 ParOldGen       total 68608K, used 22658K [0x0000000080000000, 0x0000000084300000, 0x00000000d5580000)
  object space 68608K, 33% used [0x0000000080000000,0x00000000816208a0,0x0000000084300000)
 Metaspace       used 44483K, committed 45632K, reserved 1114112K
  class space    used 4919K, committed 5440K, reserved 1048576K
}
Event: 11.487 GC heap after
{Heap after GC invocations=20 (full 2):
 PSYoungGen      total 24576K, used 2211K [0x00000000d5580000, 0x00000000d7180000, 0x0000000100000000)
  eden space 22016K, 0% used [0x00000000d5580000,0x00000000d5580000,0x00000000d6b00000)
  from space 2560K, 86% used [0x00000000d6f00000,0x00000000d7128e78,0x00000000d7180000)
  to   space 3072K, 0% used [0x00000000d6b80000,0x00000000d6b80000,0x00000000d6e80000)
 ParOldGen       total 68608K, used 29606K [0x0000000080000000, 0x0000000084300000, 0x00000000d5580000)
  object space 68608K, 43% used [0x0000000080000000,0x0000000081ce9958,0x0000000084300000)
 Metaspace       used 44483K, committed 45632K, reserved 1114112K
  class space    used 4919K, committed 5440K, reserved 1048576K
}
Event: 12.856 GC heap before
{Heap before GC invocations=21 (full 2):
 PSYoungGen      total 24576K, used 24227K [0x00000000d5580000, 0x00000000d7180000, 0x0000000100000000)
  eden space 22016K, 99% used [0x00000000d5580000,0x00000000d6afffb8,0x00000000d6b00000)
  from space 2560K, 86% used [0x00000000d6f00000,0x00000000d7128e78,0x00000000d7180000)
  to   space 3072K, 0% used [0x00000000d6b80000,0x00000000d6b80000,0x00000000d6e80000)
 ParOldGen       total 68608K, used 29606K [0x0000000080000000, 0x0000000084300000, 0x00000000d5580000)
  object space 68608K, 43% used [0x0000000080000000,0x0000000081ce9958,0x0000000084300000)
 Metaspace       used 46517K, committed 47680K, reserved 1114112K
  class space    used 5252K, committed 5760K, reserved 1048576K
}
Event: 12.860 GC heap after
{Heap after GC invocations=21 (full 2):
 PSYoungGen      total 23552K, used 1216K [0x00000000d5580000, 0x00000000d6f80000, 0x0000000100000000)
  eden space 22016K, 0% used [0x00000000d5580000,0x00000000d5580000,0x00000000d6b00000)
  from space 1536K, 79% used [0x00000000d6b80000,0x00000000d6cb0000,0x00000000d6d00000)
  to   space 2048K, 0% used [0x00000000d6d80000,0x00000000d6d80000,0x00000000d6f80000)
 ParOldGen       total 68608K, used 31689K [0x0000000080000000, 0x0000000084300000, 0x00000000d5580000)
  object space 68608K, 46% used [0x0000000080000000,0x0000000081ef2658,0x0000000084300000)
 Metaspace       used 46517K, committed 47680K, reserved 1114112K
  class space    used 5252K, committed 5760K, reserved 1048576K
}

Dll operation events (11 events):
Event: 0.013 Loaded shared library c:\Users\82103\.cursor\extensions\redhat.java-1.51.0-win32-x64\jre\21.0.9-win32-x86_64\bin\java.dll
Event: 0.044 Loaded shared library c:\Users\82103\.cursor\extensions\redhat.java-1.51.0-win32-x64\jre\21.0.9-win32-x86_64\bin\zip.dll
Event: 0.130 Loaded shared library C:\Users\82103\.cursor\extensions\redhat.java-1.51.0-win32-x64\jre\21.0.9-win32-x86_64\bin\instrument.dll
Event: 0.138 Loaded shared library C:\Users\82103\.cursor\extensions\redhat.java-1.51.0-win32-x64\jre\21.0.9-win32-x86_64\bin\net.dll
Event: 0.141 Loaded shared library C:\Users\82103\.cursor\extensions\redhat.java-1.51.0-win32-x64\jre\21.0.9-win32-x86_64\bin\nio.dll
Event: 0.147 Loaded shared library C:\Users\82103\.cursor\extensions\redhat.java-1.51.0-win32-x64\jre\21.0.9-win32-x86_64\bin\zip.dll
Event: 0.170 Loaded shared library C:\Users\82103\.cursor\extensions\redhat.java-1.51.0-win32-x64\jre\21.0.9-win32-x86_64\bin\jimage.dll
Event: 0.273 Loaded shared library c:\Users\82103\.cursor\extensions\redhat.java-1.51.0-win32-x64\jre\21.0.9-win32-x86_64\bin\verify.dll
Event: 2.005 Loaded shared library C:\Users\82103\AppData\Roaming\Cursor\User\globalStorage\redhat.java\1.51.0\config_win\org.eclipse.equinox.launcher\org.eclipse.equinox.launcher.win32.win32.x86_64_1.2.1400.v20250801-0854\eclipse_11916.dll
Event: 4.130 Loaded shared library C:\Users\82103\AppData\Local\Temp\jna-53255354\jna10071332541957355650.dll
Event: 11.647 Loaded shared library C:\Users\82103\.gradle\native\c067742578af261105cb4f569cf0c3c89f3d7b1fecec35dd04571415982c5e48\windows-amd64\native-platform.dll

Deoptimization events (20 events):
Event: 12.839 Thread 0x0000029ec78d2d70 DEOPT PACKING pc=0x0000029eea226a1f sp=0x000000d12ccfcb70
Event: 12.839 Thread 0x0000029ec78d2d70 DEOPT UNPACKING pc=0x0000029ef17478e2 sp=0x000000d12ccfc058 mode 0
Event: 12.847 Thread 0x0000029ec78d2d70 Uncommon trap: trap_request=0xffffffc6 fr.pc=0x0000029ef1d1e498 relative=0x0000000000000e98
Event: 12.847 Thread 0x0000029ec78d2d70 Uncommon trap: reason=bimorphic_or_optimized_type_check action=maybe_recompile pc=0x0000029ef1d1e498 method=java.util.HashMap.putVal(ILjava/lang/Object;Ljava/lang/Object;ZZ)Ljava/lang/Object; @ 203 c2
Event: 12.847 Thread 0x0000029ec78d2d70 DEOPT PACKING pc=0x0000029ef1d1e498 sp=0x000000d12ccfcc60
Event: 12.847 Thread 0x0000029ec78d2d70 DEOPT UNPACKING pc=0x0000029ef1746da2 sp=0x000000d12ccfcaf8 mode 2
Event: 12.848 Thread 0x0000029ec78d2d70 DEOPT PACKING pc=0x0000029eea262b78 sp=0x000000d12ccfc890
Event: 12.848 Thread 0x0000029ec78d2d70 DEOPT UNPACKING pc=0x0000029ef17478e2 sp=0x000000d12ccfbd78 mode 0
Event: 12.852 Thread 0x0000029ec5d95a50 Uncommon trap: trap_request=0xffffff45 fr.pc=0x0000029ef1d146e4 relative=0x0000000000000424
Event: 12.852 Thread 0x0000029ec5d95a50 Uncommon trap: reason=unstable_if action=reinterpret pc=0x0000029ef1d146e4 method=java.util.HashMap.removeNode(ILjava/lang/Object;Ljava/lang/Object;ZZ)Ljava/util/HashMap$Node; @ 133 c2
Event: 12.852 Thread 0x0000029ec5d95a50 DEOPT PACKING pc=0x0000029ef1d146e4 sp=0x000000d12b6fd360
Event: 12.852 Thread 0x0000029ec5d95a50 DEOPT UNPACKING pc=0x0000029ef1746da2 sp=0x000000d12b6fd258 mode 2
Event: 12.854 Thread 0x0000029ec78d2d70 DEOPT PACKING pc=0x0000029eea262b78 sp=0x000000d12ccfc890
Event: 12.854 Thread 0x0000029ec78d2d70 DEOPT UNPACKING pc=0x0000029ef17478e2 sp=0x000000d12ccfbd78 mode 0
Event: 12.865 Thread 0x0000029ec78d2d70 DEOPT PACKING pc=0x0000029eea262b78 sp=0x000000d12ccfc890
Event: 12.865 Thread 0x0000029ec78d2d70 DEOPT UNPACKING pc=0x0000029ef17478e2 sp=0x000000d12ccfbd78 mode 0
Event: 12.877 Thread 0x0000029ec5d95a50 Uncommon trap: trap_request=0xffffff45 fr.pc=0x0000029ef1d17b18 relative=0x00000000000003d8
Event: 12.877 Thread 0x0000029ec5d95a50 Uncommon trap: reason=unstable_if action=reinterpret pc=0x0000029ef1d17b18 method=java.util.HashMap.removeNode(ILjava/lang/Object;Ljava/lang/Object;ZZ)Ljava/util/HashMap$Node; @ 133 c2
Event: 12.877 Thread 0x0000029ec5d95a50 DEOPT PACKING pc=0x0000029ef1d17b18 sp=0x000000d12b6fd2d0
Event: 12.877 Thread 0x0000029ec5d95a50 DEOPT UNPACKING pc=0x0000029ef1746da2 sp=0x000000d12b6fd238 mode 2

Classes loaded (20 events):
Event: 9.039 Loading class java/time/format/DateTimeParseContext
Event: 9.039 Loading class java/time/format/DateTimeParseContext done
Event: 9.039 Loading class java/time/format/Parsed
Event: 9.040 Loading class java/time/format/Parsed done
Event: 10.184 Loading class java/time/Month
Event: 10.184 Loading class java/time/Month done
Event: 10.185 Loading class java/time/Year
Event: 10.185 Loading class java/time/Year done
Event: 11.212 Loading class sun/nio/ch/WindowsAsynchronousFileChannelImpl$WriteTask
Event: 11.212 Loading class sun/nio/ch/WindowsAsynchronousFileChannelImpl$WriteTask done
Event: 11.333 Loading class java/util/concurrent/CompletionService
Event: 11.333 Loading class java/util/concurrent/CompletionService done
Event: 11.339 Loading class java/nio/channels/ServerSocketChannel
Event: 11.339 Loading class java/nio/channels/ServerSocketChannel done
Event: 11.610 Loading class java/lang/ExceptionInInitializerError
Event: 11.610 Loading class java/lang/ExceptionInInitializerError done
Event: 11.645 Loading class jdk/internal/org/objectweb/asm/ClassReader
Event: 11.646 Loading class jdk/internal/org/objectweb/asm/ClassReader done
Event: 11.649 Loading class java/util/RegularEnumSet$EnumSetIterator
Event: 11.649 Loading class java/util/RegularEnumSet$EnumSetIterator done

Classes unloaded (7 events):
Event: 4.777 Thread 0x0000029efe0514c0 Unloading class 0x0000029e811ac800 'java/lang/invoke/LambdaForm$MH+0x0000029e811ac800'
Event: 4.777 Thread 0x0000029efe0514c0 Unloading class 0x0000029e811ac400 'java/lang/invoke/LambdaForm$MH+0x0000029e811ac400'
Event: 4.777 Thread 0x0000029efe0514c0 Unloading class 0x0000029e811ac000 'java/lang/invoke/LambdaForm$MH+0x0000029e811ac000'
Event: 4.777 Thread 0x0000029efe0514c0 Unloading class 0x0000029e811abc00 'java/lang/invoke/LambdaForm$MH+0x0000029e811abc00'
Event: 4.777 Thread 0x0000029efe0514c0 Unloading class 0x0000029e811ab800 'java/lang/invoke/LambdaForm$BMH+0x0000029e811ab800'
Event: 4.777 Thread 0x0000029efe0514c0 Unloading class 0x0000029e811ab400 'java/lang/invoke/LambdaForm$DMH+0x0000029e811ab400'
Event: 4.777 Thread 0x0000029efe0514c0 Unloading class 0x0000029e811aa400 'java/lang/invoke/LambdaForm$DMH+0x0000029e811aa400'

Classes redefined (0 events):
No events

Internal exceptions (20 events):
Event: 6.467 Thread 0x0000029ec5d946a0 Exception <a 'java/lang/UnsatisfiedLinkError'{0x00000000d642d8e8}: 지정된 프로시저를 찾을 수 없습니다.
> (0x00000000d642d8e8) 
thrown [s\src\hotspot\share\prims\jni.cpp, line 539]
Event: 6.612 Thread 0x0000029ec5d95a50 Exception <a 'java/lang/NoClassDefFoundError'{0x00000000d6b7ad90}: javax/enterprise/inject/Typed> (0x00000000d6b7ad90) 
thrown [s\src\hotspot\share\classfile\systemDictionary.cpp, line 301]
Event: 6.677 Thread 0x0000029ec5d946a0 Exception <a 'java/io/FileNotFoundException'{0x00000000d592c740}> (0x00000000d592c740) 
thrown [s\src\hotspot\share\prims\jni.cpp, line 520]
Event: 6.696 Thread 0x0000029ee54d9e70 Exception <a 'java/lang/NoSuchMethodError'{0x00000000d5b14740}: 'java.lang.Object java.lang.invoke.DirectMethodHandle$Holder.invokeStatic(java.lang.Object, long, java.lang.Object)'> (0x00000000d5b14740) 
thrown [s\src\hotspot\share\interpreter\linkResolver.cpp, line 773]
Event: 6.698 Thread 0x0000029ee54d9e70 Exception <a 'java/lang/NoSuchMethodError'{0x00000000d5b18248}: 'java.lang.Object java.lang.invoke.DirectMethodHandle$Holder.invokeStaticInit(java.lang.Object, long, java.lang.Object)'> (0x00000000d5b18248) 
thrown [s\src\hotspot\share\interpreter\linkResolver.cpp, line 773]
Event: 6.700 Thread 0x0000029ee54d9e70 Exception <a 'java/lang/NoSuchMethodError'{0x00000000d5b56f48}: 'java.lang.Object java.lang.invoke.DirectMethodHandle$Holder.newInvokeSpecial(java.lang.Object, long)'> (0x00000000d5b56f48) 
thrown [s\src\hotspot\share\interpreter\linkResolver.cpp, line 773]
Event: 6.914 Thread 0x0000029ec78cdeb0 Exception <a 'java/lang/NoSuchMethodError'{0x00000000d6034c90}: 'void java.lang.invoke.DirectMethodHandle$Holder.invokeStaticInit(java.lang.Object, java.lang.Object, java.lang.Object)'> (0x00000000d6034c90) 
thrown [s\src\hotspot\share\interpreter\linkResolver.cpp, line 773]
Event: 6.924 Thread 0x0000029ec5d92c60 Exception <a 'java/lang/NoSuchMethodError'{0x00000000d60c1f40}: 'void java.lang.invoke.DirectMethodHandle$Holder.invokeStaticInit(java.lang.Object, java.lang.Object, java.lang.Object, java.lang.Object)'> (0x00000000d60c1f40) 
thrown [s\src\hotspot\share\interpreter\linkResolver.cpp, line 773]
Event: 7.081 Thread 0x0000029ec78cdeb0 Exception <a 'java/lang/NoSuchMethodError'{0x00000000d55f48b0}: 'java.lang.Object java.lang.invoke.DirectMethodHandle$Holder.invokeVirtual(java.lang.Object, java.lang.Object, java.lang.Object, java.lang.Object)'> (0x00000000d55f48b0) 
thrown [s\src\hotspot\share\interpreter\linkResolver.cpp, line 773]
Event: 7.089 Thread 0x0000029ec78cdeb0 Exception <a 'java/lang/NoSuchMethodError'{0x00000000d5683190}: 'java.lang.Object java.lang.invoke.DirectMethodHandle$Holder.invokeVirtual(java.lang.Object, java.lang.Object, java.lang.Object, java.lang.Object, java.lang.Object)'> (0x00000000d5683190) 
thrown [s\src\hotspot\share\interpreter\linkResolver.cpp, line 773]
Event: 7.436 Thread 0x0000029ec78d2d70 Implicit null exception at 0x0000029ef1d6621b to 0x0000029ef1d66468
Event: 7.911 Thread 0x0000029ee54d9e70 Exception <a 'java/lang/NoSuchMethodError'{0x00000000d6afedc8}: 'void java.lang.invoke.DirectMethodHandle$Holder.invokeSpecial(java.lang.Object, java.lang.Object, java.lang.Object, java.lang.Object, java.lang.Object, java.lang.Object)'> (0x00000000d6afedc8) 
thrown [s\src\hotspot\share\interpreter\linkResolver.cpp, line 773]
Event: 7.928 Thread 0x0000029ee54d9e70 Exception <a 'java/lang/IncompatibleClassChangeError'{0x00000000d55c35c8}: Found class java.lang.Object, but interface was expected> (0x00000000d55c35c8) 
thrown [s\src\hotspot\share\interpreter\linkResolver.cpp, line 840]
Event: 7.929 Thread 0x0000029ee54d9e70 Exception <a 'java/lang/IncompatibleClassChangeError'{0x00000000d55c5310}: Found class java.lang.Object, but interface was expected> (0x00000000d55c5310) 
thrown [s\src\hotspot\share\interpreter\linkResolver.cpp, line 840]
Event: 11.613 Thread 0x0000029ec5d95a50 Exception <a 'java/lang/ExceptionInInitializerError'{0x00000000d5e48bf8}> (0x00000000d5e48bf8) 
thrown [s\src\hotspot\share\oops\instanceKlass.cpp, line 1220]
Event: 11.613 Thread 0x0000029ec78d2d70 Exception <a 'java/lang/NoSuchMethodError'{0x00000000d5e36d40}: 'java.lang.Object java.lang.invoke.DirectMethodHandle$Holder.invokeVirtual(java.lang.Object, java.lang.Object, java.lang.Object, java.lang.Object, java.lang.Object, java.lang.Object, java.lang.Object)'> (0x00000000d5e36d40) 
thrown [s\src\hotspot\share\interpreter\linkResolver.cpp, line 773]
Event: 11.641 Thread 0x0000029ec5d95a50 Exception <a 'java/lang/NoSuchMethodError'{0x00000000d5f682f8}: 'long java.lang.invoke.DirectMethodHandle$Holder.invokeStatic(java.lang.Object, java.lang.Object, int)'> (0x00000000d5f682f8) 
thrown [s\src\hotspot\share\interpreter\linkResolver.cpp, line 773]
Event: 11.648 Thread 0x0000029ec5d95a50 Implicit null exception at 0x0000029ef1dcf3fe to 0x0000029ef1dcf670
Event: 11.648 Thread 0x0000029ec5d95a50 Implicit null exception at 0x0000029ef1d4209c to 0x0000029ef1d42fbc
Event: 11.650 Thread 0x0000029ec5d95a50 Exception <a 'java/lang/NoSuchMethodError'{0x00000000d60438c8}: 'java.lang.Object java.lang.invoke.Invokers$Holder.invokeExact_MT(java.lang.Object, int, java.lang.Object)'> (0x00000000d60438c8) 
thrown [s\src\hotspot\share\interpreter\linkResolver.cpp, line 773]

ZGC Phase Switch (0 events):
No events

VM Operations (20 events):
Event: 7.817 Executing VM operation: HandshakeAllThreads (Deoptimize)
Event: 7.818 Executing VM operation: HandshakeAllThreads (Deoptimize) done
Event: 7.912 Executing VM operation: ParallelGCFailedAllocation (Allocation Failure)
Event: 7.919 Executing VM operation: ParallelGCFailedAllocation (Allocation Failure) done
Event: 8.920 Executing VM operation: Cleanup
Event: 8.972 Executing VM operation: Cleanup done
Event: 9.977 Executing VM operation: Cleanup
Event: 10.142 Executing VM operation: Cleanup done
Event: 10.203 Executing VM operation: ParallelGCFailedAllocation (Allocation Failure)
Event: 11.206 Executing VM operation: ParallelGCFailedAllocation (Allocation Failure) done
Event: 11.483 Executing VM operation: ParallelGCFailedAllocation (Allocation Failure)
Event: 11.487 Executing VM operation: ParallelGCFailedAllocation (Allocation Failure) done
Event: 11.711 Executing VM operation: HandshakeAllThreads (Deoptimize)
Event: 11.711 Executing VM operation: HandshakeAllThreads (Deoptimize) done
Event: 12.713 Executing VM operation: Cleanup
Event: 12.745 Executing VM operation: Cleanup done
Event: 12.856 Executing VM operation: ParallelGCFailedAllocation (Allocation Failure)
Event: 12.861 Executing VM operation: ParallelGCFailedAllocation (Allocation Failure) done
Event: 13.875 Executing VM operation: Cleanup
Event: 13.876 Executing VM operation: Cleanup done

Memory protections (0 events):
No events

Nmethod flushes (20 events):
Event: 6.744 Thread 0x0000029efe0514c0 flushing  nmethod 0x0000029eea839010
Event: 6.744 Thread 0x0000029efe0514c0 flushing  nmethod 0x0000029eea839910
Event: 6.744 Thread 0x0000029efe0514c0 flushing  nmethod 0x0000029eea83ab10
Event: 6.744 Thread 0x0000029efe0514c0 flushing  nmethod 0x0000029eea83b310
Event: 6.744 Thread 0x0000029efe0514c0 flushing  nmethod 0x0000029eea83ba90
Event: 6.744 Thread 0x0000029efe0514c0 flushing  nmethod 0x0000029eea83d010
Event: 6.744 Thread 0x0000029efe0514c0 flushing  nmethod 0x0000029eea83db90
Event: 6.744 Thread 0x0000029efe0514c0 flushing  nmethod 0x0000029eea83e990
Event: 6.744 Thread 0x0000029efe0514c0 flushing  nmethod 0x0000029eea840990
Event: 6.744 Thread 0x0000029efe0514c0 flushing  nmethod 0x0000029eea841610
Event: 6.744 Thread 0x0000029efe0514c0 flushing  nmethod 0x0000029eea841e10
Event: 6.744 Thread 0x0000029efe0514c0 flushing  nmethod 0x0000029eea84bc90
Event: 6.744 Thread 0x0000029efe0514c0 flushing  nmethod 0x0000029eea85f990
Event: 6.744 Thread 0x0000029efe0514c0 flushing  nmethod 0x0000029eea879110
Event: 6.744 Thread 0x0000029efe0514c0 flushing  nmethod 0x0000029eea87ca90
Event: 6.744 Thread 0x0000029efe0514c0 flushing  nmethod 0x0000029eea87d810
Event: 6.744 Thread 0x0000029efe0514c0 flushing  nmethod 0x0000029eea886190
Event: 6.744 Thread 0x0000029efe0514c0 flushing  nmethod 0x0000029eea88f990
Event: 6.744 Thread 0x0000029efe0514c0 flushing  nmethod 0x0000029eea8d3f10
Event: 6.744 Thread 0x0000029efe0514c0 flushing  nmethod 0x0000029eea8eab90

Events (20 events):
Event: 5.898 Thread 0x0000029ec5471940 Thread added: 0x0000029ec5d94010
Event: 5.899 Thread 0x0000029ec5d946a0 Thread added: 0x0000029ec78ccb00
Event: 6.538 Thread 0x0000029ec78ccb00 Thread added: 0x0000029ec78cd190
Event: 6.560 Thread 0x0000029ec78cd190 Thread added: 0x0000029ec78cdeb0
Event: 6.779 Thread 0x0000029ee54d9e70 Thread added: 0x0000029ec78cff80
Event: 6.780 Thread 0x0000029ee54d9e70 Thread added: 0x0000029ec78d0610
Event: 6.780 Thread 0x0000029ee54d9e70 Thread added: 0x0000029ec78d0ca0
Event: 6.780 Thread 0x0000029ee54d9e70 Thread added: 0x0000029ec78cf8f0
Event: 6.781 Thread 0x0000029ee54d9e70 Thread added: 0x0000029ec78ce540
Event: 6.782 Thread 0x0000029ee54d9e70 Thread added: 0x0000029ec78cd820
Event: 6.782 Thread 0x0000029ee54d9e70 Thread added: 0x0000029ec78d1330
Event: 6.782 Thread 0x0000029ee54d9e70 Thread added: 0x0000029ec78d19c0
Event: 6.782 Thread 0x0000029ee54d9e70 Thread added: 0x0000029ec78d2050
Event: 6.877 Thread 0x0000029ec78cdeb0 Thread added: 0x0000029ec78cebd0
Event: 6.897 Thread 0x0000029ec78cdeb0 Thread added: 0x0000029ec78cf260
Event: 6.930 Thread 0x0000029ec78cdeb0 Thread added: 0x0000029ec78d3a90
Event: 7.268 Thread 0x0000029ec78cdeb0 Thread added: 0x0000029ec78d2d70
Event: 7.290 Thread 0x0000029ee54d9e70 Thread added: 0x0000029ec78d3400
Event: 8.980 Thread 0x0000029ee54d9e70 Thread added: 0x0000029ec78d4120
Event: 8.980 Thread 0x0000029ee54d9e70 Thread added: 0x0000029ecad413f0


Dynamic libraries:
0x00007ff6a7340000 - 0x00007ff6a734e000 	c:\Users\82103\.cursor\extensions\redhat.java-1.51.0-win32-x64\jre\21.0.9-win32-x86_64\bin\java.exe
0x00007ff9bfdc0000 - 0x00007ff9c0028000 	C:\WINDOWS\SYSTEM32\ntdll.dll
0x00007ff9bdfc0000 - 0x00007ff9be089000 	C:\WINDOWS\System32\KERNEL32.DLL
0x00007ff9bd0f0000 - 0x00007ff9bd4dd000 	C:\WINDOWS\System32\KERNELBASE.dll
0x00007ff9bda10000 - 0x00007ff9bdb5b000 	C:\WINDOWS\System32\ucrtbase.dll
0x00007ff9a20e0000 - 0x00007ff9a20f8000 	c:\Users\82103\.cursor\extensions\redhat.java-1.51.0-win32-x64\jre\21.0.9-win32-x86_64\bin\jli.dll
0x00007ff9a2440000 - 0x00007ff9a245e000 	c:\Users\82103\.cursor\extensions\redhat.java-1.51.0-win32-x64\jre\21.0.9-win32-x86_64\bin\VCRUNTIME140.dll
0x00007ff9bdb70000 - 0x00007ff9bdd3c000 	C:\WINDOWS\System32\USER32.dll
0x00007ff9bd570000 - 0x00007ff9bd597000 	C:\WINDOWS\System32\win32u.dll
0x00007ff9a1330000 - 0x00007ff9a15ca000 	C:\WINDOWS\WinSxS\amd64_microsoft.windows.common-controls_6595b64144ccf1df_6.0.26100.4484_none_3e0e6d4ce32ef3b3\COMCTL32.dll
0x00007ff9bde40000 - 0x00007ff9bde6b000 	C:\WINDOWS\System32\GDI32.dll
0x00007ff9be3b0000 - 0x00007ff9be459000 	C:\WINDOWS\System32\msvcrt.dll
0x00007ff9bcfb0000 - 0x00007ff9bd0e7000 	C:\WINDOWS\System32\gdi32full.dll
0x00007ff9bd960000 - 0x00007ff9bda03000 	C:\WINDOWS\System32\msvcp_win.dll
0x00007ff9bdf00000 - 0x00007ff9bdf2f000 	C:\WINDOWS\System32\IMM32.DLL
0x00007ff9a9760000 - 0x00007ff9a976c000 	c:\Users\82103\.cursor\extensions\redhat.java-1.51.0-win32-x64\jre\21.0.9-win32-x86_64\bin\vcruntime140_1.dll
0x00007ff9724e0000 - 0x00007ff97256d000 	c:\Users\82103\.cursor\extensions\redhat.java-1.51.0-win32-x64\jre\21.0.9-win32-x86_64\bin\msvcp140.dll
0x00007ff8f4bd0000 - 0x00007ff8f5970000 	c:\Users\82103\.cursor\extensions\redhat.java-1.51.0-win32-x64\jre\21.0.9-win32-x86_64\bin\server\jvm.dll
0x00007ff9bf600000 - 0x00007ff9bf6b4000 	C:\WINDOWS\System32\ADVAPI32.dll
0x00007ff9be1c0000 - 0x00007ff9be266000 	C:\WINDOWS\System32\sechost.dll
0x00007ff9bfae0000 - 0x00007ff9bfbf8000 	C:\WINDOWS\System32\RPCRT4.dll
0x00007ff9be090000 - 0x00007ff9be104000 	C:\WINDOWS\System32\WS2_32.dll
0x00007ff9bcd60000 - 0x00007ff9bcdbe000 	C:\WINDOWS\SYSTEM32\POWRPROF.dll
0x00007ff9b4180000 - 0x00007ff9b418b000 	C:\WINDOWS\SYSTEM32\VERSION.dll
0x00007ff9a12d0000 - 0x00007ff9a1305000 	C:\WINDOWS\SYSTEM32\WINMM.dll
0x00007ff9bcd40000 - 0x00007ff9bcd54000 	C:\WINDOWS\SYSTEM32\UMPDC.dll
0x00007ff9bbcb0000 - 0x00007ff9bbccb000 	C:\WINDOWS\SYSTEM32\kernel.appcore.dll
0x00007ff9a9330000 - 0x00007ff9a933a000 	c:\Users\82103\.cursor\extensions\redhat.java-1.51.0-win32-x64\jre\21.0.9-win32-x86_64\bin\jimage.dll
0x00007ff9ba590000 - 0x00007ff9ba7d1000 	C:\WINDOWS\SYSTEM32\DBGHELP.DLL
0x00007ff9bf6c0000 - 0x00007ff9bfa46000 	C:\WINDOWS\System32\combase.dll
0x00007ff9be2a0000 - 0x00007ff9be380000 	C:\WINDOWS\System32\OLEAUT32.dll
0x00007ff9ad200000 - 0x00007ff9ad243000 	C:\WINDOWS\SYSTEM32\dbgcore.DLL
0x00007ff9bcf10000 - 0x00007ff9bcfa9000 	C:\WINDOWS\System32\bcryptPrimitives.dll
0x00007ff9ad360000 - 0x00007ff9ad36f000 	c:\Users\82103\.cursor\extensions\redhat.java-1.51.0-win32-x64\jre\21.0.9-win32-x86_64\bin\instrument.dll
0x00007ff999450000 - 0x00007ff999470000 	c:\Users\82103\.cursor\extensions\redhat.java-1.51.0-win32-x64\jre\21.0.9-win32-x86_64\bin\java.dll
0x00007ff9bee40000 - 0x00007ff9bf58a000 	C:\WINDOWS\System32\SHELL32.dll
0x00007ff9bd5a0000 - 0x00007ff9bd714000 	C:\WINDOWS\System32\wintypes.dll
0x00007ff9bab20000 - 0x00007ff9bb37b000 	C:\WINDOWS\SYSTEM32\windows.storage.dll
0x00007ff9be470000 - 0x00007ff9be565000 	C:\WINDOWS\System32\SHCORE.dll
0x00007ff9bf590000 - 0x00007ff9bf5fa000 	C:\WINDOWS\System32\shlwapi.dll
0x00007ff9bce20000 - 0x00007ff9bce4f000 	C:\WINDOWS\SYSTEM32\profapi.dll
0x00007ff998560000 - 0x00007ff998578000 	c:\Users\82103\.cursor\extensions\redhat.java-1.51.0-win32-x64\jre\21.0.9-win32-x86_64\bin\zip.dll
0x00007ff9a9100000 - 0x00007ff9a9110000 	C:\Users\82103\.cursor\extensions\redhat.java-1.51.0-win32-x64\jre\21.0.9-win32-x86_64\bin\net.dll
0x00007ff9b43c0000 - 0x00007ff9b44de000 	C:\WINDOWS\SYSTEM32\WINHTTP.dll
0x00007ff9bc240000 - 0x00007ff9bc2aa000 	C:\WINDOWS\system32\mswsock.dll
0x00007ff99a8b0000 - 0x00007ff99a8c6000 	C:\Users\82103\.cursor\extensions\redhat.java-1.51.0-win32-x64\jre\21.0.9-win32-x86_64\bin\nio.dll
0x00007ff9ad3d0000 - 0x00007ff9ad3e0000 	c:\Users\82103\.cursor\extensions\redhat.java-1.51.0-win32-x64\jre\21.0.9-win32-x86_64\bin\verify.dll
0x00007ff9a2f00000 - 0x00007ff9a2f44000 	C:\Users\82103\AppData\Roaming\Cursor\User\globalStorage\redhat.java\1.51.0\config_win\org.eclipse.equinox.launcher\org.eclipse.equinox.launcher.win32.win32.x86_64_1.2.1400.v20250801-0854\eclipse_11916.dll
0x00007ff9be570000 - 0x00007ff9be70e000 	C:\WINDOWS\System32\ole32.dll
0x00007ff9bc4f0000 - 0x00007ff9bc50b000 	C:\WINDOWS\SYSTEM32\CRYPTSP.dll
0x00007ff9bbc10000 - 0x00007ff9bbc4b000 	C:\WINDOWS\system32\rsaenh.dll
0x00007ff9bc2e0000 - 0x00007ff9bc30b000 	C:\WINDOWS\SYSTEM32\USERENV.dll
0x00007ff9bcdf0000 - 0x00007ff9bce16000 	C:\WINDOWS\SYSTEM32\bcrypt.dll
0x00007ff9bc510000 - 0x00007ff9bc51c000 	C:\WINDOWS\SYSTEM32\CRYPTBASE.dll
0x00007ff9bb750000 - 0x00007ff9bb783000 	C:\WINDOWS\SYSTEM32\IPHLPAPI.DLL
0x00007ff9bfc00000 - 0x00007ff9bfc0a000 	C:\WINDOWS\System32\NSI.dll
0x00007ff99a860000 - 0x00007ff99a8a9000 	C:\Users\82103\AppData\Local\Temp\jna-53255354\jna10071332541957355650.dll
0x00007ff9bdb60000 - 0x00007ff9bdb68000 	C:\WINDOWS\System32\PSAPI.DLL
0x00007ff9b5e90000 - 0x00007ff9b5eaf000 	C:\WINDOWS\SYSTEM32\dhcpcsvc6.DLL
0x00007ff9b5bc0000 - 0x00007ff9b5be5000 	C:\WINDOWS\SYSTEM32\dhcpcsvc.DLL
0x00007ff99b160000 - 0x00007ff99b187000 	C:\Users\82103\.gradle\native\c067742578af261105cb4f569cf0c3c89f3d7b1fecec35dd04571415982c5e48\windows-amd64\native-platform.dll

JVMTI agents:
c:\Users\82103\.cursor\extensions\redhat.java-1.51.0-win32-x64\lombok\lombok-1.18.39-4050.jar path:c:\Users\82103\.cursor\extensions\redhat.java-1.51.0-win32-x64\jre\21.0.9-win32-x86_64\bin\instrument.dll, loaded, initialized, instrumentlib options:none

dbghelp: loaded successfully - version: 4.0.5 - missing functions: none
symbol engine: initialized successfully - sym options: 0x614 - pdb path: .;c:\Users\82103\.cursor\extensions\redhat.java-1.51.0-win32-x64\jre\21.0.9-win32-x86_64\bin;C:\WINDOWS\SYSTEM32;C:\WINDOWS\WinSxS\amd64_microsoft.windows.common-controls_6595b64144ccf1df_6.0.26100.4484_none_3e0e6d4ce32ef3b3;c:\Users\82103\.cursor\extensions\redhat.java-1.51.0-win32-x64\jre\21.0.9-win32-x86_64\bin\server;C:\Users\82103\AppData\Roaming\Cursor\User\globalStorage\redhat.java\1.51.0\config_win\org.eclipse.equinox.launcher\org.eclipse.equinox.launcher.win32.win32.x86_64_1.2.1400.v20250801-0854;C:\Users\82103\AppData\Local\Temp\jna-53255354;C:\Users\82103\.gradle\native\c067742578af261105cb4f569cf0c3c89f3d7b1fecec35dd04571415982c5e48\windows-amd64

VM Arguments:
jvm_args: --add-modules=ALL-SYSTEM --add-opens=java.base/java.util=ALL-UNNAMED --add-opens=java.base/java.lang=ALL-UNNAMED --add-opens=java.base/sun.nio.fs=ALL-UNNAMED -Declipse.application=org.eclipse.jdt.ls.core.id1 -Dosgi.bundles.defaultStartLevel=4 -Declipse.product=org.eclipse.jdt.ls.core.product -Djava.import.generatesMetadataFilesAtProjectRoot=false -DDetectVMInstallationsJob.disabled=true -Dfile.encoding=utf8 -XX:+UseParallelGC -XX:GCTimeRatio=4 -XX:AdaptiveSizePolicyWeight=90 -Dsun.zip.disableMemoryMapping=true -Xmx2G -Xms100m -Xlog:disable -javaagent:c:\Users\82103\.cursor\extensions\redhat.java-1.51.0-win32-x64\lombok\lombok-1.18.39-4050.jar -XX:+HeapDumpOnOutOfMemoryError -XX:HeapDumpPath=c:\Users\82103\AppData\Roaming\Cursor\User\workspaceStorage\188db7536be9950b7912d41f0468fc29\redhat.java -Daether.dependencyCollector.impl=bf 
java_command: c:\Users\82103\.cursor\extensions\redhat.java-1.51.0-win32-x64\server\plugins\org.eclipse.equinox.launcher_1.7.100.v20251111-0406.jar -configuration c:\Users\82103\AppData\Roaming\Cursor\User\globalStorage\redhat.java\1.51.0\config_win -data c:\Users\82103\AppData\Roaming\Cursor\User\workspaceStorage\188db7536be9950b7912d41f0468fc29\redhat.java\jdt_ws --pipe=\\.\pipe\lsp-a3bb5875d2e9042ccc00b839e3df6588-sock
java_class_path (initial): c:\Users\82103\.cursor\extensions\redhat.java-1.51.0-win32-x64\server\plugins\org.eclipse.equinox.launcher_1.7.100.v20251111-0406.jar
Launcher Type: SUN_STANDARD

[Global flags]
    uintx AdaptiveSizePolicyWeight                 = 90                                        {product} {command line}
     intx CICompilerCount                          = 4                                         {product} {ergonomic}
    uintx GCTimeRatio                              = 4                                         {product} {command line}
     bool HeapDumpOnOutOfMemoryError               = true                                   {manageable} {command line}
    ccstr HeapDumpPath                             = c:\Users\82103\AppData\Roaming\Cursor\User\workspaceStorage\188db7536be9950b7912d41f0468fc29\redhat.java         {manageable} {command line}
   size_t InitialHeapSize                          = 104857600                                 {product} {command line}
   size_t MaxHeapSize                              = 2147483648                                {product} {command line}
   size_t MaxNewSize                               = 715653120                                 {product} {ergonomic}
   size_t MinHeapDeltaBytes                        = 524288                                    {product} {ergonomic}
   size_t MinHeapSize                              = 104857600                                 {product} {command line}
   size_t NewSize                                  = 34603008                                  {product} {ergonomic}
    uintx NonNMethodCodeHeapSize                   = 5839372                                {pd product} {ergonomic}
    uintx NonProfiledCodeHeapSize                  = 122909434                              {pd product} {ergonomic}
   size_t OldSize                                  = 70254592                                  {product} {ergonomic}
    uintx ProfiledCodeHeapSize                     = 122909434                              {pd product} {ergonomic}
    uintx ReservedCodeCacheSize                    = 251658240                              {pd product} {ergonomic}
     bool SegmentedCodeCache                       = true                                      {product} {ergonomic}
   size_t SoftMaxHeapSize                          = 2147483648                             {manageable} {ergonomic}
     bool UseCompressedOops                        = true                           {product lp64_product} {ergonomic}
     bool UseLargePagesIndividualAllocation        = false                                  {pd product} {ergonomic}
     bool UseParallelGC                            = true                                      {product} {command line}

Logging:
Log output configuration:
 #0: stdout all=off uptime,level,tags foldmultilines=false
 #1: stderr all=off uptime,level,tags foldmultilines=false

Release file:
JAVA_VERSION="21.0.9" 
MODULES="java.base java.compiler java.datatransfer java.xml java.prefs java.desktop java.instrument java.logging java.management java.security.sasl java.naming java.rmi java.management.rmi java.net.http java.scripting java.security.jgss java.transaction.xa java.sql java.sql.rowset java.xml.crypto java.se java.smartcardio jdk.accessibility jdk.internal.jvmstat jdk.attach jdk.charsets jdk.internal.opt jdk.zipfs jdk.compiler jdk.crypto.ec jdk.crypto.cryptoki jdk.crypto.mscapi jdk.dynalink jdk.internal.ed jdk.editpad jdk.hotspot.agent jdk.httpserver jdk.internal.le jdk.internal.vm.ci jdk.internal.vm.compiler jdk.internal.vm.compiler.management jdk.jartool jdk.javadoc jdk.jcmd jdk.management jdk.management.agent jdk.jconsole jdk.jdeps jdk.jdwp.agent jdk.jdi jdk.jfr jdk.jshell jdk.jsobject jdk.jstatd jdk.localedata jdk.management.jfr jdk.naming.dns jdk.naming.rmi jdk.net jdk.nio.mapmode jdk.random jdk.sctp jdk.security.auth jdk.security.jgss jdk.unsupported jdk.unsupported.desktop jdk.xml.dom" 

Environment Variables:
JAVA_HOME=C:\Program Files\Java\jdk-17.0.5
CLASSPATH=C:\Program Files\Java\jdk-17.0.5\lib
PATH=C:\Windows\system32;C:\Windows;C:\Windows\System32\Wbem;C:\Windows\System32\WindowsPowerShell\v1.0\;C:\Windows\System32\OpenSSH\;C:\Program Files (x86)\NVIDIA Corporation\PhysX\Common;C:\Program Files\NVIDIA Corporation\NVIDIA NvDLISR;C:\WINDOWS\system32;C:\WINDOWS;C:\WINDOWS\System32\Wbem;C:\WINDOWS\System32\WindowsPowerShell\v1.0\;C:\WINDOWS\System32\OpenSSH\;C:\Program Files\Java\jdk-17.0.5\bin;C:\Program Files\Git\cmd;C:\Users\82103\AppData\Roaming\nvm;C:\Program Files\nodejs;C:\Program Files\Bandizip\;C:\Program Files\Docker\Docker\resources\bin;C:\Program Files\cursor\resources\app\bin;C:\Users\82103\AppData\Local\Microsoft\WindowsApps;C:\Program Files\JetBrains\IntelliJ IDEA Community Edition 2021.2.3\bin;;C:\Users\82103\AppData\Local\Programs\Microsoft VS Code\bin;C:\Users\82103\AppData\Roaming\npm;C:\Users\82103\AppData\Roaming\nvm;C:\Program Files\nodejs;
USERNAME=82103
OS=Windows_NT
PROCESSOR_IDENTIFIER=Intel64 Family 6 Model 140 Stepping 1, GenuineIntel
TMP=C:\Users\82103\AppData\Local\Temp
TEMP=C:\Users\82103\AppData\Local\Temp




Periodic native trim disabled

---------------  S Y S T E M  ---------------

OS:
 Windows 11 , 64 bit Build 26100 (10.0.26100.4484)
OS uptime: 169 days 7:34 hours
Hyper-V role detected

CPU: total 8 (initial active 8) (4 cores per cpu, 2 threads per core) family 6 model 140 stepping 1 microcode 0xa4, cx8, cmov, fxsr, ht, mmx, 3dnowpref, sse, sse2, sse3, ssse3, sse4.1, sse4.2, popcnt, lzcnt, tsc, tscinvbit, avx, avx2, aes, erms, clmul, bmi1, bmi2, adx, avx512f, avx512dq, avx512cd, avx512bw, avx512vl, sha, fma, vzeroupper, avx512_vpopcntdq, avx512_vpclmulqdq, avx512_vaes, avx512_vnni, clflush, clflushopt, clwb, avx512_vbmi2, avx512_vbmi, hv, rdtscp, rdpid, fsrm, gfni, avx512_bitalg, f16c, cet_ibt, cet_ss, avx512_ifma
Processor Information for the first 8 processors :
  Max Mhz: 2419, Current Mhz: 2419, Mhz Limit: 2419

Memory: 4k page, system-wide physical 16075M (712M free)
TotalPageFile size 58176M (AvailPageFile size 9M)
current process WorkingSet (physical memory assigned to process): 235M, peak: 238M
current process commit charge ("private bytes"): 346M, peak: 351M

vm_info: OpenJDK 64-Bit Server VM (21.0.9+10-LTS) for windows-amd64 JRE (21.0.9+10-LTS), built on 2025-10-21T00:00:00Z by "admin" with unknown MS VC++:1942

END.
