#
# There is insufficient memory for the Java Runtime Environment to continue.
# Native memory allocation (malloc) failed to allocate 272640 bytes. Error detail: Chunk::new
# Possible reasons:
#   The system is out of physical RAM or swap space
#   This process is running with CompressedOops enabled, and the Java Heap may be blocking the growth of the native heap
# Possible solutions:
#   Reduce memory load on the system
#   Increase physical memory or swap space
#   Check if swap backing store is full
#   Decrease Java heap size (-Xmx/-Xms)
#   Decrease number of Java threads
#   Decrease Java thread stack sizes (-Xss)
#   Set larger code cache with -XX:ReservedCodeCacheSize=
#   JVM is running with Unscaled Compressed Oops mode in which the Java heap is
#     placed in the first 4GB address space. The Java Heap base address is the
#     maximum limit for the native heap growth. Please use -XX:HeapBaseMinAddress
#     to set the Java Heap base and to place the Java Heap above 4GB virtual address.
# This output file may be truncated or incomplete.
#
#  Out of Memory Error (arena.cpp:168), pid=75592, tid=75444
#
# JRE version: OpenJDK Runtime Environment Temurin-21.0.9+10 (21.0.9+10) (build 21.0.9+10-LTS)
# Java VM: OpenJDK 64-Bit Server VM Temurin-21.0.9+10 (21.0.9+10-LTS, mixed mode, sharing, tiered, compressed oops, compressed class ptrs, parallel gc, windows-amd64)
# No core dump will be written. Minidumps are not enabled by default on client versions of Windows
#

---------------  S U M M A R Y ------------

Command Line: --add-modules=ALL-SYSTEM --add-opens=java.base/java.util=ALL-UNNAMED --add-opens=java.base/java.lang=ALL-UNNAMED --add-opens=java.base/sun.nio.fs=ALL-UNNAMED -Declipse.application=org.eclipse.jdt.ls.core.id1 -Dosgi.bundles.defaultStartLevel=4 -Declipse.product=org.eclipse.jdt.ls.core.product -Djava.import.generatesMetadataFilesAtProjectRoot=false -DDetectVMInstallationsJob.disabled=true -Dfile.encoding=utf8 -XX:+UseParallelGC -XX:GCTimeRatio=4 -XX:AdaptiveSizePolicyWeight=90 -Dsun.zip.disableMemoryMapping=true -Xmx2G -Xms100m -Xlog:disable -javaagent:c:\Users\82103\.cursor\extensions\redhat.java-1.51.0-win32-x64\lombok\lombok-1.18.39-4050.jar -XX:+HeapDumpOnOutOfMemoryError -XX:HeapDumpPath=c:\Users\82103\AppData\Roaming\Cursor\User\workspaceStorage\188db7536be9950b7912d41f0468fc29\redhat.java -Daether.dependencyCollector.impl=bf c:\Users\82103\.cursor\extensions\redhat.java-1.51.0-win32-x64\server\plugins\org.eclipse.equinox.launcher_1.7.100.v20251111-0406.jar -configuration c:\Users\82103\AppData\Roaming\Cursor\User\globalStorage\redhat.java\1.51.0\config_win -data c:\Users\82103\AppData\Roaming\Cursor\User\workspaceStorage\188db7536be9950b7912d41f0468fc29\redhat.java\jdt_ws --pipe=\\.\pipe\lsp-8d4041c942b67a768af064312a659289-sock

Host: 11th Gen Intel(R) Core(TM) i5-1135G7 @ 2.40GHz, 8 cores, 15G,  Windows 11 , 64 bit Build 26100 (10.0.26100.4484)
Time: Sun Feb  1 15:21:34 2026 elapsed time: 153.843696 seconds (0d 0h 2m 33s)

---------------  T H R E A D  ---------------

Current thread (0x00000262925ea250):  JavaThread "C2 CompilerThread0" daemon [_thread_in_native, id=75444, stack(0x0000008ce8300000,0x0000008ce8400000) (1024K)]


Current CompileTask:
C2:153843 10110       4       java.lang.reflect.AccessibleObject::checkAccess (40 bytes)

Stack: [0x0000008ce8300000,0x0000008ce8400000]
Native frames: (J=compiled Java code, j=interpreted, Vv=VM code, C=native code)
V  [jvm.dll+0x6d6e29]
V  [jvm.dll+0x8b4b76]
V  [jvm.dll+0x8b712e]
V  [jvm.dll+0x8b7813]
V  [jvm.dll+0x283d86]
V  [jvm.dll+0xc66ed]
V  [jvm.dll+0xc6c31]
V  [jvm.dll+0x3be53b]
V  [jvm.dll+0x1e3d59]
V  [jvm.dll+0x24c0f3]
V  [jvm.dll+0x24b580]
V  [jvm.dll+0x1cb13e]
V  [jvm.dll+0x25b29d]
V  [jvm.dll+0x25982a]
V  [jvm.dll+0x3f7ea6]
V  [jvm.dll+0x85e9ad]
V  [jvm.dll+0x6d565d]
C  [ucrtbase.dll+0x37b0]
C  [KERNEL32.DLL+0x2e8d7]
C  [ntdll.dll+0x3c34c]


---------------  P R O C E S S  ---------------

Threads class SMR info:
_java_thread_list=0x00000262f24847b0, length=55, elements={
0x00000262903f9760, 0x00000262925d0a30, 0x00000262925d1840, 0x00000262925d5f60,
0x00000262925d6bb0, 0x00000262925d8fc0, 0x00000262925dda70, 0x00000262925ea250,
0x00000262925eeb90, 0x00000262ebbdc2d0, 0x00000262ebd5f6d0, 0x00000262f0441d00,
0x00000262f0529550, 0x00000262ebd85610, 0x00000262ebad2dc0, 0x00000262f08f38d0,
0x00000262f06ff000, 0x00000262f0fcee50, 0x00000262f0fce130, 0x00000262f0fd0200,
0x00000262f0fcfb70, 0x00000262f0fce7c0, 0x00000262f1bbf6e0, 0x00000262f1bbcf80,
0x00000262f1bbf050, 0x00000262f1bbdca0, 0x00000262f1bc0a90, 0x00000262f1bbe9c0,
0x00000262f1bbd610, 0x00000262f1bc1120, 0x00000262f1bc17b0, 0x00000262f1bbe330,
0x00000262f1bc45a0, 0x00000262f1bc3f10, 0x00000262f1bc1e40, 0x00000262f1bbfd70,
0x00000262f1bc0400, 0x00000262f1bc31f0, 0x00000262f0fcf4e0, 0x00000262f4174a20,
0x00000262f4175740, 0x00000262f41750b0, 0x00000262f4177810, 0x00000262f4175dd0,
0x00000262f4177ea0, 0x00000262f4961e90, 0x00000262f4962520, 0x00000262f4962bb0,
0x00000262f4963240, 0x00000262f4961800, 0x00000262f49638d0, 0x00000262f4960450,
0x00000262f4961170, 0x00000262f1481330, 0x00000262f10d3e00
}

Java Threads: ( => current thread )
  0x00000262903f9760 JavaThread "main"                              [_thread_blocked, id=75544, stack(0x0000008ce7900000,0x0000008ce7a00000) (1024K)]
  0x00000262925d0a30 JavaThread "Reference Handler"          daemon [_thread_blocked, id=75432, stack(0x0000008ce7d00000,0x0000008ce7e00000) (1024K)]
  0x00000262925d1840 JavaThread "Finalizer"                  daemon [_thread_blocked, id=75460, stack(0x0000008ce7e00000,0x0000008ce7f00000) (1024K)]
  0x00000262925d5f60 JavaThread "Signal Dispatcher"          daemon [_thread_blocked, id=75464, stack(0x0000008ce7f00000,0x0000008ce8000000) (1024K)]
  0x00000262925d6bb0 JavaThread "Attach Listener"            daemon [_thread_blocked, id=75420, stack(0x0000008ce8000000,0x0000008ce8100000) (1024K)]
  0x00000262925d8fc0 JavaThread "Service Thread"             daemon [_thread_blocked, id=75452, stack(0x0000008ce8100000,0x0000008ce8200000) (1024K)]
  0x00000262925dda70 JavaThread "Monitor Deflation Thread"   daemon [_thread_blocked, id=75448, stack(0x0000008ce8200000,0x0000008ce8300000) (1024K)]
=>0x00000262925ea250 JavaThread "C2 CompilerThread0"         daemon [_thread_in_native, id=75444, stack(0x0000008ce8300000,0x0000008ce8400000) (1024K)]
  0x00000262925eeb90 JavaThread "C1 CompilerThread0"         daemon [_thread_blocked, id=75416, stack(0x0000008ce8400000,0x0000008ce8500000) (1024K)]
  0x00000262ebbdc2d0 JavaThread "Common-Cleaner"             daemon [_thread_blocked, id=75428, stack(0x0000008ce8500000,0x0000008ce8600000) (1024K)]
  0x00000262ebd5f6d0 JavaThread "Notification Thread"        daemon [_thread_blocked, id=75404, stack(0x0000008ce8700000,0x0000008ce8800000) (1024K)]
  0x00000262f0441d00 JavaThread "Active Thread: Equinox Container: 3bb67a2a-3559-4dec-a592-1a3af09a68d2"        [_thread_blocked, id=73716, stack(0x0000008ce8e00000,0x0000008ce8f00000) (1024K)]
  0x00000262f0529550 JavaThread "Refresh Thread: Equinox Container: 3bb67a2a-3559-4dec-a592-1a3af09a68d2" daemon [_thread_blocked, id=27208, stack(0x0000008ce8f00000,0x0000008ce9000000) (1024K)]
  0x00000262ebd85610 JavaThread "Framework Event Dispatcher: Equinox Container: 3bb67a2a-3559-4dec-a592-1a3af09a68d2" daemon [_thread_blocked, id=74956, stack(0x0000008ce9000000,0x0000008ce9100000) (1024K)]
  0x00000262ebad2dc0 JavaThread "Start Level: Equinox Container: 3bb67a2a-3559-4dec-a592-1a3af09a68d2" daemon [_thread_blocked, id=67280, stack(0x0000008ce9100000,0x0000008ce9200000) (1024K)]
  0x00000262f08f38d0 JavaThread "Bundle File Closer"         daemon [_thread_blocked, id=70684, stack(0x0000008ce9300000,0x0000008ce9400000) (1024K)]
  0x00000262f06ff000 JavaThread "SCR Component Actor"        daemon [_thread_blocked, id=76448, stack(0x0000008ce9200000,0x0000008ce9300000) (1024K)]
  0x00000262f0fcee50 JavaThread "Worker-JM"                         [_thread_blocked, id=76460, stack(0x0000008ce9600000,0x0000008ce9700000) (1024K)]
  0x00000262f0fce130 JavaThread "JNA Cleaner"                daemon [_thread_blocked, id=76512, stack(0x0000008ce9400000,0x0000008ce9500000) (1024K)]
  0x00000262f0fd0200 JavaThread "Worker-1: Send Classpath Notifications"        [_thread_blocked, id=76528, stack(0x0000008ce9800000,0x0000008ce9900000) (1024K)]
  0x00000262f0fcfb70 JavaThread "Worker-2"                          [_thread_blocked, id=76624, stack(0x0000008ce9900000,0x0000008ce9a00000) (1024K)]
  0x00000262f0fce7c0 JavaThread "Worker-3"                          [_thread_blocked, id=29244, stack(0x0000008ce9a00000,0x0000008ce9b00000) (1024K)]
  0x00000262f1bbf6e0 JavaThread "Java indexing"              daemon [_thread_blocked, id=72832, stack(0x0000008ce9b00000,0x0000008ce9c00000) (1024K)]
  0x00000262f1bbcf80 JavaThread "Thread-1"                   daemon [_thread_in_native, id=75008, stack(0x0000008cea000000,0x0000008cea100000) (1024K)]
  0x00000262f1bbf050 JavaThread "Thread-2"                   daemon [_thread_in_native, id=74976, stack(0x0000008cea100000,0x0000008cea200000) (1024K)]
  0x00000262f1bbdca0 JavaThread "Thread-3"                   daemon [_thread_in_native, id=74992, stack(0x0000008cea200000,0x0000008cea300000) (1024K)]
  0x00000262f1bc0a90 JavaThread "Thread-4"                   daemon [_thread_in_native, id=72056, stack(0x0000008cea300000,0x0000008cea400000) (1024K)]
  0x00000262f1bbe9c0 JavaThread "Thread-5"                   daemon [_thread_in_native, id=75036, stack(0x0000008cea400000,0x0000008cea500000) (1024K)]
  0x00000262f1bbd610 JavaThread "Thread-6"                   daemon [_thread_in_native, id=75000, stack(0x0000008cea500000,0x0000008cea600000) (1024K)]
  0x00000262f1bc1120 JavaThread "Thread-7"                   daemon [_thread_in_native, id=75032, stack(0x0000008cea600000,0x0000008cea700000) (1024K)]
  0x00000262f1bc17b0 JavaThread "Thread-8"                   daemon [_thread_in_native, id=75012, stack(0x0000008cea700000,0x0000008cea800000) (1024K)]
  0x00000262f1bbe330 JavaThread "Thread-9"                   daemon [_thread_in_native, id=75056, stack(0x0000008cea800000,0x0000008cea900000) (1024K)]
  0x00000262f1bc45a0 JavaThread "pool-2-thread-1"                   [_thread_blocked, id=75072, stack(0x0000008ceaa00000,0x0000008ceab00000) (1024K)]
  0x00000262f1bc3f10 JavaThread "WorkspaceEventsHandler"            [_thread_blocked, id=73456, stack(0x0000008ceab00000,0x0000008ceac00000) (1024K)]
  0x00000262f1bc1e40 JavaThread "pool-1-thread-1"                   [_thread_blocked, id=71732, stack(0x0000008ceac00000,0x0000008cead00000) (1024K)]
  0x00000262f1bbfd70 JavaThread "LocalFile Deleter"          daemon [_thread_blocked, id=77132, stack(0x0000008ce7800000,0x0000008ce7900000) (1024K)]
  0x00000262f1bc0400 JavaThread "LocalFile Deleter"          daemon [_thread_blocked, id=77136, stack(0x0000008ce9500000,0x0000008ce9600000) (1024K)]
  0x00000262f1bc31f0 JavaThread "LocalFile Deleter"          daemon [_thread_blocked, id=77140, stack(0x0000008ce9700000,0x0000008ce9800000) (1024K)]
  0x00000262f0fcf4e0 JavaThread "LocalFile Deleter"          daemon [_thread_blocked, id=77144, stack(0x0000008ce9c00000,0x0000008ce9d00000) (1024K)]
  0x00000262f4174a20 JavaThread "LocalFile Deleter"          daemon [_thread_blocked, id=77148, stack(0x0000008ce9f00000,0x0000008cea000000) (1024K)]
  0x00000262f4175740 JavaThread "LocalFile Deleter"          daemon [_thread_blocked, id=77152, stack(0x0000008cea900000,0x0000008ceaa00000) (1024K)]
  0x00000262f41750b0 JavaThread "LocalFile Deleter"          daemon [_thread_blocked, id=77156, stack(0x0000008ceae00000,0x0000008ceaf00000) (1024K)]
  0x00000262f4177810 JavaThread "Timer-0"                           [_thread_blocked, id=77160, stack(0x0000008ce7700000,0x0000008ce7800000) (1024K)]
  0x00000262f4175dd0 JavaThread "Worker-6"                          [_thread_blocked, id=77216, stack(0x0000008ceb000000,0x0000008ceb100000) (1024K)]
  0x00000262f4177ea0 JavaThread "Worker-7"                          [_thread_blocked, id=77220, stack(0x0000008ceb100000,0x0000008ceb200000) (1024K)]
  0x00000262f4961e90 JavaThread "Exec process"                      [_thread_blocked, id=76520, stack(0x0000008ceaf00000,0x0000008ceb000000) (1024K)]
  0x00000262f4962520 JavaThread "Exec process Thread 2"             [_thread_blocked, id=72096, stack(0x0000008ceb200000,0x0000008ceb300000) (1024K)]
  0x00000262f4962bb0 JavaThread "Exec process Thread 3"             [_thread_blocked, id=77184, stack(0x0000008ceb300000,0x0000008ceb400000) (1024K)]
  0x00000262f4963240 JavaThread "Timer-1"                           [_thread_blocked, id=77540, stack(0x0000008ce7600000,0x0000008ce7700000) (1024K)]
  0x00000262f4961800 JavaThread "Timer-2"                           [_thread_blocked, id=70116, stack(0x0000008ceb400000,0x0000008ceb500000) (1024K)]
  0x00000262f49638d0 JavaThread "Timer-3"                           [_thread_blocked, id=77028, stack(0x0000008ceb500000,0x0000008ceb600000) (1024K)]
  0x00000262f4960450 JavaThread "Timer-4"                           [_thread_blocked, id=75868, stack(0x0000008ce9e00000,0x0000008ce9f00000) (1024K)]
  0x00000262f4961170 JavaThread "Timer-5"                           [_thread_blocked, id=74200, stack(0x0000008ceb700000,0x0000008ceb800000) (1024K)]
  0x00000262f1481330 JavaThread "ForkJoinPool.commonPool-worker-1" daemon [_thread_blocked, id=77124, stack(0x0000008ceb900000,0x0000008ceba00000) (1024K)]
  0x00000262f10d3e00 JavaThread "C2 CompilerThread1"         daemon [_thread_blocked, id=75804, stack(0x0000008ceb600000,0x0000008ceb700000) (1024K)]
Total: 55

Other Threads:
  0x000002629271e730 VMThread "VM Thread"                           [id=75436, stack(0x0000008ce7c00000,0x0000008ce7d00000) (1024K)]
  0x00000262926c7d30 WatcherThread "VM Periodic Task Thread"        [id=75440, stack(0x0000008ce7b00000,0x0000008ce7c00000) (1024K)]
  0x000002629267b4b0 WorkerThread "GC Thread#0"                     [id=75456, stack(0x0000008ce7a00000,0x0000008ce7b00000) (1024K)]
  0x00000262f02c96f0 WorkerThread "GC Thread#1"                     [id=75676, stack(0x0000008ce8800000,0x0000008ce8900000) (1024K)]
  0x00000262f0455fb0 WorkerThread "GC Thread#2"                     [id=75668, stack(0x0000008ce8900000,0x0000008ce8a00000) (1024K)]
  0x00000262f03bccd0 WorkerThread "GC Thread#3"                     [id=75376, stack(0x0000008ce8a00000,0x0000008ce8b00000) (1024K)]
  0x00000262f03bd070 WorkerThread "GC Thread#4"                     [id=18060, stack(0x0000008ce8b00000,0x0000008ce8c00000) (1024K)]
  0x00000262f04adf80 WorkerThread "GC Thread#5"                     [id=74352, stack(0x0000008ce8c00000,0x0000008ce8d00000) (1024K)]
  0x00000262f04ae320 WorkerThread "GC Thread#6"                     [id=56916, stack(0x0000008ce8d00000,0x0000008ce8e00000) (1024K)]
  0x00000262f074ed90 WorkerThread "GC Thread#7"                     [id=73028, stack(0x0000008ce8600000,0x0000008ce8700000) (1024K)]
Total: 10

Threads with active compile tasks:
C2 CompilerThread0  153883 10110       4       java.lang.reflect.AccessibleObject::checkAccess (40 bytes)
Total: 1

VM state: not at safepoint (normal execution)

VM Mutex/Monitor currently owned by a thread: None

Heap address: 0x0000000080000000, size: 2048 MB, Compressed Oops mode: 32-bit

CDS archive(s) mapped at: [0x00000262a9000000-0x00000262a9ba0000-0x00000262a9ba0000), size 12189696, SharedBaseAddress: 0x00000262a9000000, ArchiveRelocationMode: 1.
Compressed class space mapped at: 0x00000262aa000000-0x00000262ea000000, reserved size: 1073741824
Narrow klass base: 0x00000262a9000000, Narrow klass shift: 0, Narrow klass range: 0x100000000

GC Precious Log:
 CardTable entry size: 512
 CPUs: 8 total, 8 available
 Memory: 16075M
 Large Page Support: Disabled
 NUMA Support: Disabled
 Compressed Oops: Enabled (32-bit)
 Alignments: Space 512K, Generation 512K, Heap 2M
 Heap Min Capacity: 100M
 Heap Initial Capacity: 100M
 Heap Max Capacity: 2G
 Pre-touch: Disabled
 Parallel Workers: 8

Heap:
 PSYoungGen      total 12800K, used 6365K [0x00000000d5580000, 0x00000000d6e00000, 0x0000000100000000)
  eden space 11264K, 42% used [0x00000000d5580000,0x00000000d5a37d60,0x00000000d6080000)
  from space 1536K, 99% used [0x00000000d6580000,0x00000000d66ff790,0x00000000d6700000)
  to   space 5120K, 0% used [0x00000000d6080000,0x00000000d6080000,0x00000000d6580000)
 ParOldGen       total 68608K, used 67463K [0x0000000080000000, 0x0000000084300000, 0x00000000d5580000)
  object space 68608K, 98% used [0x0000000080000000,0x00000000841e1d88,0x0000000084300000)
 Metaspace       used 76942K, committed 78400K, reserved 1179648K
  class space    used 9428K, committed 10112K, reserved 1048576K

Card table byte_map: [0x0000026292000000,0x0000026292410000] _byte_map_base: 0x0000026291c00000

Marking Bits: (ParMarkBitMap*) 0x00007ff8f5892460
 Begin Bits: [0x00000262a4b10000, 0x00000262a6b10000)
 End Bits:   [0x00000262a6b10000, 0x00000262a8b10000)

Polling page: 0x0000026290590000

Metaspace:

Usage:
  Non-class:     65.93 MB used.
      Class:      9.21 MB used.
       Both:     75.14 MB used.

Virtual space:
  Non-class space:      128.00 MB reserved,      66.69 MB ( 52%) committed,  2 nodes.
      Class space:        1.00 GB reserved,       9.88 MB ( <1%) committed,  1 nodes.
             Both:        1.12 GB reserved,      76.56 MB (  7%) committed. 

Chunk freelists:
   Non-Class:  12.75 MB
       Class:  6.04 MB
        Both:  18.79 MB

MaxMetaspaceSize: unlimited
CompressedClassSpaceSize: 1.00 GB
Initial GC threshold: 21.00 MB
Current GC threshold: 97.31 MB
CDS: on
 - commit_granule_bytes: 65536.
 - commit_granule_words: 8192.
 - virtual_space_node_default_size: 8388608.
 - enlarge_chunks_in_place: 1.
 - use_allocation_guard: 0.


Internal statistics:

num_allocs_failed_limit: 11.
num_arena_births: 1266.
num_arena_deaths: 26.
num_vsnodes_births: 3.
num_vsnodes_deaths: 0.
num_space_committed: 1225.
num_space_uncommitted: 0.
num_chunks_returned_to_freelist: 41.
num_chunks_taken_from_freelist: 4479.
num_chunk_merges: 15.
num_chunk_splits: 2883.
num_chunks_enlarged: 1804.
num_inconsistent_stats: 0.

CodeHeap 'non-profiled nmethods': size=120000Kb used=7078Kb max_used=7078Kb free=112921Kb
 bounds [0x000002629d330000, 0x000002629da20000, 0x00000262a4860000]
CodeHeap 'profiled nmethods': size=120000Kb used=19340Kb max_used=19340Kb free=100659Kb
 bounds [0x0000026295860000, 0x0000026296b50000, 0x000002629cd90000]
CodeHeap 'non-nmethods': size=5760Kb used=1476Kb max_used=1538Kb free=4283Kb
 bounds [0x000002629cd90000, 0x000002629d000000, 0x000002629d330000]
CodeCache: size=245760Kb, used=27894Kb, max_used=27956Kb, free=217863Kb
 total_blobs=10077, nmethods=9293, adapters=690, full_count=0
Compilation: enabled, stopped_count=0, restarted_count=0

Compilation events (20 events):
Event: 151.814 Thread 0x00000262f10d3e00 10124       4       java.lang.invoke.Invokers$Holder::linkToTargetMethod (10 bytes)
Event: 151.815 Thread 0x00000262925eeb90 nmethod 10147 0x0000026296b38690 code [0x0000026296b38920, 0x0000026296b395f8]
Event: 151.815 Thread 0x00000262925eeb90 10150       3       org.eclipse.jdt.internal.core.util.LRUCache::spaceFor (19 bytes)
Event: 151.816 Thread 0x00000262925eeb90 nmethod 10150 0x0000026296b39a90 code [0x0000026296b39c60, 0x0000026296b3a0b0]
Event: 151.816 Thread 0x00000262925eeb90 10151       3       org.eclipse.jdt.internal.core.OverflowingLRUCache::put (117 bytes)
Event: 151.817 Thread 0x00000262f10d3e00 nmethod 10124 0x000002629da15390 code [0x000002629da15520, 0x000002629da15620]
Event: 151.817 Thread 0x00000262f10d3e00 10113       4       org.eclipse.jdt.internal.core.JavaElement::hashCode (28 bytes)
Event: 151.817 Thread 0x00000262925eeb90 nmethod 10151 0x0000026296b3a190 code [0x0000026296b3a3e0, 0x0000026296b3b0e0]
Event: 151.817 Thread 0x00000262925eeb90 10152   !   3       org.eclipse.jdt.internal.core.OverflowingLRUCache::makeSpace (139 bytes)
Event: 151.818 Thread 0x00000262925eeb90 nmethod 10152 0x0000026296b3b410 code [0x0000026296b3b600, 0x0000026296b3bad8]
Event: 151.818 Thread 0x00000262925eeb90 10153       3       org.eclipse.jdt.internal.core.util.LRUCache::privateAdd (20 bytes)
Event: 151.818 Thread 0x00000262925eeb90 nmethod 10153 0x0000026296b3bc90 code [0x0000026296b3be40, 0x0000026296b3c168]
Event: 151.818 Thread 0x00000262925eeb90 10144       3       jdk.internal.jrtfs.JrtFileSystem::getPath (7 bytes)
Event: 151.818 Thread 0x00000262925eeb90 nmethod 10144 0x0000026296b3c290 code [0x0000026296b3c440, 0x0000026296b3c598]
Event: 151.819 Thread 0x00000262f10d3e00 nmethod 10113 0x000002629da15710 code [0x000002629da158a0, 0x000002629da15978]
Event: 151.819 Thread 0x00000262f10d3e00 10111       4       java.lang.reflect.AccessibleObject::verifyAccess (55 bytes)
Event: 151.827 Thread 0x00000262925eeb90 10155       3       java.lang.invoke.LambdaFormEditor::addArgumentForm (121 bytes)
Event: 151.828 Thread 0x00000262925eeb90 nmethod 10155 0x0000026296b3c690 code [0x0000026296b3c8e0, 0x0000026296b3cee0]
Event: 151.828 Thread 0x00000262925eeb90 10156       3       java.lang.invoke.LambdaFormBuffer::lambdaForm (37 bytes)
Event: 151.829 Thread 0x00000262925eeb90 nmethod 10156 0x0000026296b3d210 code [0x0000026296b3d400, 0x0000026296b3d7e0]

GC Heap History (20 events):
Event: 138.667 GC heap before
{Heap before GC invocations=58 (full 3):
 PSYoungGen      total 15872K, used 15871K [0x00000000d5580000, 0x00000000d6700000, 0x0000000100000000)
  eden space 14848K, 100% used [0x00000000d5580000,0x00000000d6400000,0x00000000d6400000)
  from space 1024K, 99% used [0x00000000d6580000,0x00000000d667ffe8,0x00000000d6680000)
  to   space 1536K, 0% used [0x00000000d6400000,0x00000000d6400000,0x00000000d6580000)
 ParOldGen       total 68608K, used 61978K [0x0000000080000000, 0x0000000084300000, 0x00000000d5580000)
  object space 68608K, 90% used [0x0000000080000000,0x0000000083c86bb8,0x0000000084300000)
 Metaspace       used 74140K, committed 75584K, reserved 1179648K
  class space    used 9069K, committed 9728K, reserved 1048576K
}
Event: 138.668 GC heap after
{Heap after GC invocations=58 (full 3):
 PSYoungGen      total 15872K, used 885K [0x00000000d5580000, 0x00000000d6600000, 0x0000000100000000)
  eden space 14848K, 0% used [0x00000000d5580000,0x00000000d5580000,0x00000000d6400000)
  from space 1024K, 86% used [0x00000000d6400000,0x00000000d64dd728,0x00000000d6500000)
  to   space 1024K, 0% used [0x00000000d6500000,0x00000000d6500000,0x00000000d6600000)
 ParOldGen       total 68608K, used 62018K [0x0000000080000000, 0x0000000084300000, 0x00000000d5580000)
  object space 68608K, 90% used [0x0000000080000000,0x0000000083c90bb8,0x0000000084300000)
 Metaspace       used 74140K, committed 75584K, reserved 1179648K
  class space    used 9069K, committed 9728K, reserved 1048576K
}
Event: 138.862 GC heap before
{Heap before GC invocations=59 (full 3):
 PSYoungGen      total 15872K, used 15733K [0x00000000d5580000, 0x00000000d6600000, 0x0000000100000000)
  eden space 14848K, 100% used [0x00000000d5580000,0x00000000d6400000,0x00000000d6400000)
  from space 1024K, 86% used [0x00000000d6400000,0x00000000d64dd728,0x00000000d6500000)
  to   space 1024K, 0% used [0x00000000d6500000,0x00000000d6500000,0x00000000d6600000)
 ParOldGen       total 68608K, used 62018K [0x0000000080000000, 0x0000000084300000, 0x00000000d5580000)
  object space 68608K, 90% used [0x0000000080000000,0x0000000083c90bb8,0x0000000084300000)
 Metaspace       used 74140K, committed 75584K, reserved 1179648K
  class space    used 9069K, committed 9728K, reserved 1048576K
}
Event: 138.863 GC heap after
{Heap after GC invocations=59 (full 3):
 PSYoungGen      total 15360K, used 192K [0x00000000d5580000, 0x00000000d6580000, 0x0000000100000000)
  eden space 14848K, 0% used [0x00000000d5580000,0x00000000d5580000,0x00000000d6400000)
  from space 512K, 37% used [0x00000000d6500000,0x00000000d6530000,0x00000000d6580000)
  to   space 512K, 0% used [0x00000000d6480000,0x00000000d6480000,0x00000000d6500000)
 ParOldGen       total 68608K, used 62155K [0x0000000080000000, 0x0000000084300000, 0x00000000d5580000)
  object space 68608K, 90% used [0x0000000080000000,0x0000000083cb2dd0,0x0000000084300000)
 Metaspace       used 74140K, committed 75584K, reserved 1179648K
  class space    used 9069K, committed 9728K, reserved 1048576K
}
Event: 139.065 GC heap before
{Heap before GC invocations=60 (full 3):
 PSYoungGen      total 15360K, used 15040K [0x00000000d5580000, 0x00000000d6580000, 0x0000000100000000)
  eden space 14848K, 100% used [0x00000000d5580000,0x00000000d6400000,0x00000000d6400000)
  from space 512K, 37% used [0x00000000d6500000,0x00000000d6530000,0x00000000d6580000)
  to   space 512K, 0% used [0x00000000d6480000,0x00000000d6480000,0x00000000d6500000)
 ParOldGen       total 68608K, used 62155K [0x0000000080000000, 0x0000000084300000, 0x00000000d5580000)
  object space 68608K, 90% used [0x0000000080000000,0x0000000083cb2dd0,0x0000000084300000)
 Metaspace       used 74140K, committed 75584K, reserved 1179648K
  class space    used 9069K, committed 9728K, reserved 1048576K
}
Event: 139.066 GC heap after
{Heap after GC invocations=60 (full 3):
 PSYoungGen      total 15360K, used 503K [0x00000000d5580000, 0x00000000d6700000, 0x0000000100000000)
  eden space 14848K, 0% used [0x00000000d5580000,0x00000000d5580000,0x00000000d6400000)
  from space 512K, 98% used [0x00000000d6480000,0x00000000d64fdd88,0x00000000d6500000)
  to   space 1536K, 0% used [0x00000000d6580000,0x00000000d6580000,0x00000000d6700000)
 ParOldGen       total 68608K, used 62773K [0x0000000080000000, 0x0000000084300000, 0x00000000d5580000)
  object space 68608K, 91% used [0x0000000080000000,0x0000000083d4d7c8,0x0000000084300000)
 Metaspace       used 74140K, committed 75584K, reserved 1179648K
  class space    used 9069K, committed 9728K, reserved 1048576K
}
Event: 139.272 GC heap before
{Heap before GC invocations=61 (full 3):
 PSYoungGen      total 15360K, used 15351K [0x00000000d5580000, 0x00000000d6700000, 0x0000000100000000)
  eden space 14848K, 100% used [0x00000000d5580000,0x00000000d6400000,0x00000000d6400000)
  from space 512K, 98% used [0x00000000d6480000,0x00000000d64fdd88,0x00000000d6500000)
  to   space 1536K, 0% used [0x00000000d6580000,0x00000000d6580000,0x00000000d6700000)
 ParOldGen       total 68608K, used 62773K [0x0000000080000000, 0x0000000084300000, 0x00000000d5580000)
  object space 68608K, 91% used [0x0000000080000000,0x0000000083d4d7c8,0x0000000084300000)
 Metaspace       used 74140K, committed 75584K, reserved 1179648K
  class space    used 9069K, committed 9728K, reserved 1048576K
}
Event: 139.274 GC heap after
{Heap after GC invocations=61 (full 3):
 PSYoungGen      total 15360K, used 441K [0x00000000d5580000, 0x00000000d6600000, 0x0000000100000000)
  eden space 14848K, 0% used [0x00000000d5580000,0x00000000d5580000,0x00000000d6400000)
  from space 512K, 86% used [0x00000000d6580000,0x00000000d65ee4d8,0x00000000d6600000)
  to   space 1024K, 0% used [0x00000000d6400000,0x00000000d6400000,0x00000000d6500000)
 ParOldGen       total 68608K, used 62789K [0x0000000080000000, 0x0000000084300000, 0x00000000d5580000)
  object space 68608K, 91% used [0x0000000080000000,0x0000000083d517c8,0x0000000084300000)
 Metaspace       used 74140K, committed 75584K, reserved 1179648K
  class space    used 9069K, committed 9728K, reserved 1048576K
}
Event: 139.612 GC heap before
{Heap before GC invocations=62 (full 3):
 PSYoungGen      total 15360K, used 15289K [0x00000000d5580000, 0x00000000d6600000, 0x0000000100000000)
  eden space 14848K, 100% used [0x00000000d5580000,0x00000000d6400000,0x00000000d6400000)
  from space 512K, 86% used [0x00000000d6580000,0x00000000d65ee4d8,0x00000000d6600000)
  to   space 1024K, 0% used [0x00000000d6400000,0x00000000d6400000,0x00000000d6500000)
 ParOldGen       total 68608K, used 62789K [0x0000000080000000, 0x0000000084300000, 0x00000000d5580000)
  object space 68608K, 91% used [0x0000000080000000,0x0000000083d517c8,0x0000000084300000)
 Metaspace       used 74140K, committed 75584K, reserved 1179648K
  class space    used 9069K, committed 9728K, reserved 1048576K
}
Event: 139.613 GC heap after
{Heap after GC invocations=62 (full 3):
 PSYoungGen      total 15872K, used 385K [0x00000000d5580000, 0x00000000d6600000, 0x0000000100000000)
  eden space 14848K, 0% used [0x00000000d5580000,0x00000000d5580000,0x00000000d6400000)
  from space 1024K, 37% used [0x00000000d6400000,0x00000000d64607e0,0x00000000d6500000)
  to   space 512K, 0% used [0x00000000d6580000,0x00000000d6580000,0x00000000d6600000)
 ParOldGen       total 68608K, used 63165K [0x0000000080000000, 0x0000000084300000, 0x00000000d5580000)
  object space 68608K, 92% used [0x0000000080000000,0x0000000083daf5c0,0x0000000084300000)
 Metaspace       used 74140K, committed 75584K, reserved 1179648K
  class space    used 9069K, committed 9728K, reserved 1048576K
}
Event: 139.836 GC heap before
{Heap before GC invocations=63 (full 3):
 PSYoungGen      total 15872K, used 15233K [0x00000000d5580000, 0x00000000d6600000, 0x0000000100000000)
  eden space 14848K, 100% used [0x00000000d5580000,0x00000000d6400000,0x00000000d6400000)
  from space 1024K, 37% used [0x00000000d6400000,0x00000000d64607e0,0x00000000d6500000)
  to   space 512K, 0% used [0x00000000d6580000,0x00000000d6580000,0x00000000d6600000)
 ParOldGen       total 68608K, used 63165K [0x0000000080000000, 0x0000000084300000, 0x00000000d5580000)
  object space 68608K, 92% used [0x0000000080000000,0x0000000083daf5c0,0x0000000084300000)
 Metaspace       used 74140K, committed 75584K, reserved 1179648K
  class space    used 9069K, committed 9728K, reserved 1048576K
}
Event: 139.838 GC heap after
{Heap after GC invocations=63 (full 3):
 PSYoungGen      total 15360K, used 500K [0x00000000d5580000, 0x00000000d6700000, 0x0000000100000000)
  eden space 14848K, 0% used [0x00000000d5580000,0x00000000d5580000,0x00000000d6400000)
  from space 512K, 97% used [0x00000000d6580000,0x00000000d65fd2f8,0x00000000d6600000)
  to   space 1536K, 0% used [0x00000000d6400000,0x00000000d6400000,0x00000000d6580000)
 ParOldGen       total 68608K, used 63905K [0x0000000080000000, 0x0000000084300000, 0x00000000d5580000)
  object space 68608K, 93% used [0x0000000080000000,0x0000000083e68558,0x0000000084300000)
 Metaspace       used 74140K, committed 75584K, reserved 1179648K
  class space    used 9069K, committed 9728K, reserved 1048576K
}
Event: 140.106 GC heap before
{Heap before GC invocations=64 (full 3):
 PSYoungGen      total 15360K, used 15348K [0x00000000d5580000, 0x00000000d6700000, 0x0000000100000000)
  eden space 14848K, 100% used [0x00000000d5580000,0x00000000d6400000,0x00000000d6400000)
  from space 512K, 97% used [0x00000000d6580000,0x00000000d65fd2f8,0x00000000d6600000)
  to   space 1536K, 0% used [0x00000000d6400000,0x00000000d6400000,0x00000000d6580000)
 ParOldGen       total 68608K, used 63905K [0x0000000080000000, 0x0000000084300000, 0x00000000d5580000)
  object space 68608K, 93% used [0x0000000080000000,0x0000000083e68558,0x0000000084300000)
 Metaspace       used 74464K, committed 75904K, reserved 1179648K
  class space    used 9131K, committed 9792K, reserved 1048576K
}
Event: 140.108 GC heap after
{Heap after GC invocations=64 (full 3):
 PSYoungGen      total 15360K, used 320K [0x00000000d5580000, 0x00000000d6600000, 0x0000000100000000)
  eden space 14848K, 0% used [0x00000000d5580000,0x00000000d5580000,0x00000000d6400000)
  from space 512K, 62% used [0x00000000d6400000,0x00000000d6450010,0x00000000d6480000)
  to   space 1024K, 0% used [0x00000000d6500000,0x00000000d6500000,0x00000000d6600000)
 ParOldGen       total 68608K, used 63945K [0x0000000080000000, 0x0000000084300000, 0x00000000d5580000)
  object space 68608K, 93% used [0x0000000080000000,0x0000000083e72558,0x0000000084300000)
 Metaspace       used 74464K, committed 75904K, reserved 1179648K
  class space    used 9131K, committed 9792K, reserved 1048576K
}
Event: 142.928 GC heap before
{Heap before GC invocations=65 (full 3):
 PSYoungGen      total 15360K, used 15168K [0x00000000d5580000, 0x00000000d6600000, 0x0000000100000000)
  eden space 14848K, 100% used [0x00000000d5580000,0x00000000d6400000,0x00000000d6400000)
  from space 512K, 62% used [0x00000000d6400000,0x00000000d6450010,0x00000000d6480000)
  to   space 1024K, 0% used [0x00000000d6500000,0x00000000d6500000,0x00000000d6600000)
 ParOldGen       total 68608K, used 63945K [0x0000000080000000, 0x0000000084300000, 0x00000000d5580000)
  object space 68608K, 93% used [0x0000000080000000,0x0000000083e72558,0x0000000084300000)
 Metaspace       used 75217K, committed 76608K, reserved 1179648K
  class space    used 9230K, committed 9856K, reserved 1048576K
}
Event: 142.931 GC heap after
{Heap after GC invocations=65 (full 3):
 PSYoungGen      total 15360K, used 435K [0x00000000d5580000, 0x00000000d6580000, 0x0000000100000000)
  eden space 14848K, 0% used [0x00000000d5580000,0x00000000d5580000,0x00000000d6400000)
  from space 512K, 85% used [0x00000000d6500000,0x00000000d656cf60,0x00000000d6580000)
  to   space 512K, 0% used [0x00000000d6400000,0x00000000d6400000,0x00000000d6480000)
 ParOldGen       total 68608K, used 64145K [0x0000000080000000, 0x0000000084300000, 0x00000000d5580000)
  object space 68608K, 93% used [0x0000000080000000,0x0000000083ea4568,0x0000000084300000)
 Metaspace       used 75217K, committed 76608K, reserved 1179648K
  class space    used 9230K, committed 9856K, reserved 1048576K
}
Event: 145.850 GC heap before
{Heap before GC invocations=66 (full 3):
 PSYoungGen      total 15360K, used 15283K [0x00000000d5580000, 0x00000000d6580000, 0x0000000100000000)
  eden space 14848K, 100% used [0x00000000d5580000,0x00000000d6400000,0x00000000d6400000)
  from space 512K, 85% used [0x00000000d6500000,0x00000000d656cf60,0x00000000d6580000)
  to   space 512K, 0% used [0x00000000d6400000,0x00000000d6400000,0x00000000d6480000)
 ParOldGen       total 68608K, used 64145K [0x0000000080000000, 0x0000000084300000, 0x00000000d5580000)
  object space 68608K, 93% used [0x0000000080000000,0x0000000083ea4568,0x0000000084300000)
 Metaspace       used 75923K, committed 77312K, reserved 1179648K
  class space    used 9314K, committed 9920K, reserved 1048576K
}
Event: 145.853 GC heap after
{Heap after GC invocations=66 (full 3):
 PSYoungGen      total 15360K, used 504K [0x00000000d5580000, 0x00000000d6700000, 0x0000000100000000)
  eden space 14848K, 0% used [0x00000000d5580000,0x00000000d5580000,0x00000000d6400000)
  from space 512K, 98% used [0x00000000d6400000,0x00000000d647e1a8,0x00000000d6480000)
  to   space 1536K, 0% used [0x00000000d6580000,0x00000000d6580000,0x00000000d6700000)
 ParOldGen       total 68608K, used 64757K [0x0000000080000000, 0x0000000084300000, 0x00000000d5580000)
  object space 68608K, 94% used [0x0000000080000000,0x0000000083f3d4c8,0x0000000084300000)
 Metaspace       used 75923K, committed 77312K, reserved 1179648K
  class space    used 9314K, committed 9920K, reserved 1048576K
}
Event: 147.784 GC heap before
{Heap before GC invocations=67 (full 3):
 PSYoungGen      total 15360K, used 15352K [0x00000000d5580000, 0x00000000d6700000, 0x0000000100000000)
  eden space 14848K, 100% used [0x00000000d5580000,0x00000000d6400000,0x00000000d6400000)
  from space 512K, 98% used [0x00000000d6400000,0x00000000d647e1a8,0x00000000d6480000)
  to   space 1536K, 0% used [0x00000000d6580000,0x00000000d6580000,0x00000000d6700000)
 ParOldGen       total 68608K, used 64757K [0x0000000080000000, 0x0000000084300000, 0x00000000d5580000)
  object space 68608K, 94% used [0x0000000080000000,0x0000000083f3d4c8,0x0000000084300000)
 Metaspace       used 76465K, committed 77952K, reserved 1179648K
  class space    used 9366K, committed 10048K, reserved 1048576K
}
Event: 147.791 GC heap after
{Heap after GC invocations=67 (full 3):
 PSYoungGen      total 12800K, used 1533K [0x00000000d5580000, 0x00000000d6e00000, 0x0000000100000000)
  eden space 11264K, 0% used [0x00000000d5580000,0x00000000d5580000,0x00000000d6080000)
  from space 1536K, 99% used [0x00000000d6580000,0x00000000d66ff790,0x00000000d6700000)
  to   space 5120K, 0% used [0x00000000d6080000,0x00000000d6080000,0x00000000d6580000)
 ParOldGen       total 68608K, used 67463K [0x0000000080000000, 0x0000000084300000, 0x00000000d5580000)
  object space 68608K, 98% used [0x0000000080000000,0x00000000841e1d88,0x0000000084300000)
 Metaspace       used 76465K, committed 77952K, reserved 1179648K
  class space    used 9366K, committed 10048K, reserved 1048576K
}

Dll operation events (15 events):
Event: 0.628 Loaded shared library c:\Users\82103\.cursor\extensions\redhat.java-1.51.0-win32-x64\jre\21.0.9-win32-x86_64\bin\java.dll
Event: 0.670 Loaded shared library c:\Users\82103\.cursor\extensions\redhat.java-1.51.0-win32-x64\jre\21.0.9-win32-x86_64\bin\zip.dll
Event: 0.750 Loaded shared library C:\Users\82103\.cursor\extensions\redhat.java-1.51.0-win32-x64\jre\21.0.9-win32-x86_64\bin\instrument.dll
Event: 0.905 Loaded shared library C:\Users\82103\.cursor\extensions\redhat.java-1.51.0-win32-x64\jre\21.0.9-win32-x86_64\bin\net.dll
Event: 1.047 Loaded shared library C:\Users\82103\.cursor\extensions\redhat.java-1.51.0-win32-x64\jre\21.0.9-win32-x86_64\bin\nio.dll
Event: 1.051 Loaded shared library C:\Users\82103\.cursor\extensions\redhat.java-1.51.0-win32-x64\jre\21.0.9-win32-x86_64\bin\zip.dll
Event: 1.077 Loaded shared library C:\Users\82103\.cursor\extensions\redhat.java-1.51.0-win32-x64\jre\21.0.9-win32-x86_64\bin\jimage.dll
Event: 1.289 Loaded shared library c:\Users\82103\.cursor\extensions\redhat.java-1.51.0-win32-x64\jre\21.0.9-win32-x86_64\bin\verify.dll
Event: 26.813 Loaded shared library C:\Users\82103\AppData\Roaming\Cursor\User\globalStorage\redhat.java\1.51.0\config_win\org.eclipse.equinox.launcher\org.eclipse.equinox.launcher.win32.win32.x86_64_1.2.1400.v20250801-0854\eclipse_11916.dll
Event: 49.902 Loaded shared library C:\Users\82103\AppData\Local\Temp\jna-53255354\jna5905357321114497971.dll
Event: 55.608 Loaded shared library C:\Users\82103\.cursor\extensions\redhat.java-1.51.0-win32-x64\jre\21.0.9-win32-x86_64\bin\sunmscapi.dll
Event: 56.991 Loaded shared library C:\Users\82103\.cursor\extensions\redhat.java-1.51.0-win32-x64\jre\21.0.9-win32-x86_64\bin\extnet.dll
Event: 124.999 Loaded shared library C:\Users\82103\.gradle\native\c067742578af261105cb4f569cf0c3c89f3d7b1fecec35dd04571415982c5e48\windows-amd64\native-platform.dll
Event: 129.187 Loaded shared library C:\Users\82103\.cursor\extensions\redhat.java-1.51.0-win32-x64\jre\21.0.9-win32-x86_64\bin\management.dll
Event: 129.289 Loaded shared library C:\Users\82103\.cursor\extensions\redhat.java-1.51.0-win32-x64\jre\21.0.9-win32-x86_64\bin\management_ext.dll

Deoptimization events (20 events):
Event: 147.965 Thread 0x00000262f4175dd0 DEOPT PACKING pc=0x000002629d449d48 sp=0x0000008ceb0ff010
Event: 147.965 Thread 0x00000262f4175dd0 DEOPT UNPACKING pc=0x000002629cde6da2 sp=0x0000008ceb0fef50 mode 2
Event: 148.411 Thread 0x00000262f1481330 Uncommon trap: trap_request=0xffffff45 fr.pc=0x000002629d837d18 relative=0x0000000000000078
Event: 148.411 Thread 0x00000262f1481330 Uncommon trap: reason=unstable_if action=reinterpret pc=0x000002629d837d18 method=org.eclipse.jdt.ls.core.internal.CancellableProgressMonitor.isCanceled()Z @ 13 c2
Event: 148.411 Thread 0x00000262f1481330 DEOPT PACKING pc=0x000002629d837d18 sp=0x0000008ceb9feac0
Event: 148.411 Thread 0x00000262f1481330 DEOPT UNPACKING pc=0x000002629cde6da2 sp=0x0000008ceb9fea58 mode 2
Event: 151.759 Thread 0x00000262f0fd0200 Uncommon trap: trap_request=0xffffff45 fr.pc=0x000002629d79d89c relative=0x000000000000007c
Event: 151.759 Thread 0x00000262f0fd0200 Uncommon trap: reason=unstable_if action=reinterpret pc=0x000002629d79d89c method=java.lang.invoke.MethodHandle.asTypeCached(Ljava/lang/invoke/MethodType;)Ljava/lang/invoke/MethodHandle; @ 25 c2
Event: 151.759 Thread 0x00000262f0fd0200 DEOPT PACKING pc=0x000002629d79d89c sp=0x0000008ce98fcb90
Event: 151.759 Thread 0x00000262f0fd0200 DEOPT UNPACKING pc=0x000002629cde6da2 sp=0x0000008ce98fcb10 mode 2
Event: 151.763 Thread 0x00000262f0fd0200 Uncommon trap: trap_request=0xffffff45 fr.pc=0x000002629d7cc9d0 relative=0x0000000000000db0
Event: 151.763 Thread 0x00000262f0fd0200 Uncommon trap: reason=unstable_if action=reinterpret pc=0x000002629d7cc9d0 method=org.eclipse.jdt.internal.core.util.WeakHashSet.cleanupGarbageCollectedValues()V @ 140 c2
Event: 151.763 Thread 0x00000262f0fd0200 DEOPT PACKING pc=0x000002629d7cc9d0 sp=0x0000008ce98fdd70
Event: 151.763 Thread 0x00000262f0fd0200 DEOPT UNPACKING pc=0x000002629cde6da2 sp=0x0000008ce98fdc88 mode 2
Event: 151.786 Thread 0x00000262f0fd0200 DEOPT PACKING pc=0x000002629689fba6 sp=0x0000008ce98fdb60
Event: 151.786 Thread 0x00000262f0fd0200 DEOPT UNPACKING pc=0x000002629cde78e2 sp=0x0000008ce98fd050 mode 0
Event: 151.826 Thread 0x00000262f0fd0200 Uncommon trap: trap_request=0xffffff3d fr.pc=0x000002629d894d00 relative=0x0000000000001500
Event: 151.826 Thread 0x00000262f0fd0200 Uncommon trap: reason=unstable_fused_if action=reinterpret pc=0x000002629d894d00 method=sun.nio.fs.WindowsPathParser.isLetter(C)Z @ 15 c2
Event: 151.826 Thread 0x00000262f0fd0200 DEOPT PACKING pc=0x000002629d894d00 sp=0x0000008ce98fecf0
Event: 151.826 Thread 0x00000262f0fd0200 DEOPT UNPACKING pc=0x000002629cde6da2 sp=0x0000008ce98fec38 mode 2

Classes loaded (20 events):
Event: 145.572 Loading class java/util/stream/Nodes$CollectorTask$OfRef
Event: 145.573 Loading class java/util/stream/Nodes$CollectorTask
Event: 145.574 Loading class java/util/stream/Nodes$CollectorTask done
Event: 145.574 Loading class java/util/stream/Nodes$CollectorTask$OfRef done
Event: 145.574 Loading class java/util/function/LongFunction
Event: 145.575 Loading class java/util/function/LongFunction done
Event: 145.575 Loading class java/util/stream/Nodes$ConcNode
Event: 145.576 Loading class java/util/stream/Nodes$AbstractConcNode
Event: 145.576 Loading class java/util/stream/Nodes$AbstractConcNode done
Event: 145.576 Loading class java/util/stream/Nodes$ConcNode done
Event: 145.672 Loading class java/util/concurrent/CompletableFuture$UniApply
Event: 145.674 Loading class java/util/concurrent/CompletableFuture$UniApply done
Event: 145.679 Loading class java/util/concurrent/CompletableFuture$UniExceptionally
Event: 145.679 Loading class java/util/concurrent/CompletableFuture$UniExceptionally done
Event: 145.834 Loading class java/util/concurrent/CompletableFuture$Signaller
Event: 145.835 Loading class java/util/concurrent/CompletableFuture$Signaller done
Event: 147.754 Loading class java/io/SequenceInputStream
Event: 147.755 Loading class java/io/SequenceInputStream done
Event: 151.780 Loading class java/lang/invoke/MethodHandleImpl$CountingWrapper$1
Event: 151.782 Loading class java/lang/invoke/MethodHandleImpl$CountingWrapper$1 done

Classes unloaded (13 events):
Event: 50.690 Thread 0x000002629271e730 Unloading class 0x00000262aa1aa800 'java/lang/invoke/LambdaForm$MH+0x00000262aa1aa800'
Event: 50.690 Thread 0x000002629271e730 Unloading class 0x00000262aa1aa400 'java/lang/invoke/LambdaForm$MH+0x00000262aa1aa400'
Event: 50.690 Thread 0x000002629271e730 Unloading class 0x00000262aa1aa000 'java/lang/invoke/LambdaForm$MH+0x00000262aa1aa000'
Event: 50.690 Thread 0x000002629271e730 Unloading class 0x00000262aa1a9c00 'java/lang/invoke/LambdaForm$MH+0x00000262aa1a9c00'
Event: 50.690 Thread 0x000002629271e730 Unloading class 0x00000262aa1a9800 'java/lang/invoke/LambdaForm$BMH+0x00000262aa1a9800'
Event: 50.690 Thread 0x000002629271e730 Unloading class 0x00000262aa1a9400 'java/lang/invoke/LambdaForm$DMH+0x00000262aa1a9400'
Event: 50.690 Thread 0x000002629271e730 Unloading class 0x00000262aa1a8400 'java/lang/invoke/LambdaForm$DMH+0x00000262aa1a8400'
Event: 53.279 Thread 0x000002629271e730 Unloading class 0x00000262aa313800 'java/lang/invoke/LambdaForm$MH+0x00000262aa313800'
Event: 53.279 Thread 0x000002629271e730 Unloading class 0x00000262aa312c00 'java/lang/invoke/LambdaForm$MH+0x00000262aa312c00'
Event: 53.279 Thread 0x000002629271e730 Unloading class 0x00000262aa312800 'java/lang/invoke/LambdaForm$MH+0x00000262aa312800'
Event: 53.279 Thread 0x000002629271e730 Unloading class 0x00000262aa312400 'java/lang/invoke/LambdaForm$MH+0x00000262aa312400'
Event: 53.279 Thread 0x000002629271e730 Unloading class 0x00000262aa311800 'java/lang/invoke/LambdaForm$MH+0x00000262aa311800'
Event: 53.279 Thread 0x000002629271e730 Unloading class 0x00000262aa311000 'java/lang/invoke/LambdaForm$MH+0x00000262aa311000'

Classes redefined (0 events):
No events

Internal exceptions (20 events):
Event: 145.650 Thread 0x00000262f1bc1e40 Exception <a 'sun/nio/fs/WindowsException'{0x00000000d6049f58}> (0x00000000d6049f58) 
thrown [s\src\hotspot\share\prims\jni.cpp, line 520]
Event: 145.654 Thread 0x00000262f1bc1e40 Exception <a 'sun/nio/fs/WindowsException'{0x00000000d6067710}> (0x00000000d6067710) 
thrown [s\src\hotspot\share\prims\jni.cpp, line 520]
Event: 145.654 Thread 0x00000262f1bc1e40 Exception <a 'sun/nio/fs/WindowsException'{0x00000000d6067fc0}> (0x00000000d6067fc0) 
thrown [s\src\hotspot\share\prims\jni.cpp, line 520]
Event: 145.655 Thread 0x00000262f1bc1e40 Exception <a 'sun/nio/fs/WindowsException'{0x00000000d606e118}> (0x00000000d606e118) 
thrown [s\src\hotspot\share\prims\jni.cpp, line 520]
Event: 145.656 Thread 0x00000262f1bc1e40 Exception <a 'sun/nio/fs/WindowsException'{0x00000000d606e9c0}> (0x00000000d606e9c0) 
thrown [s\src\hotspot\share\prims\jni.cpp, line 520]
Event: 145.656 Thread 0x00000262f1bc1e40 Exception <a 'sun/nio/fs/WindowsException'{0x00000000d606f898}> (0x00000000d606f898) 
thrown [s\src\hotspot\share\prims\jni.cpp, line 520]
Event: 145.656 Thread 0x00000262f1bc1e40 Exception <a 'sun/nio/fs/WindowsException'{0x00000000d6074ce0}> (0x00000000d6074ce0) 
thrown [s\src\hotspot\share\prims\jni.cpp, line 520]
Event: 145.667 Thread 0x00000262f1bc1e40 Exception <a 'java/lang/IncompatibleClassChangeError'{0x00000000d60c6028}: Found class java.lang.Object, but interface was expected> (0x00000000d60c6028) 
thrown [s\src\hotspot\share\interpreter\linkResolver.cpp, line 840]
Event: 146.284 Thread 0x00000262f1bc1e40 Exception <a 'java/lang/IncompatibleClassChangeError'{0x00000000d598b078}: Found class java.lang.Object, but interface was expected> (0x00000000d598b078) 
thrown [s\src\hotspot\share\interpreter\linkResolver.cpp, line 840]
Event: 147.027 Thread 0x00000262f1bc1e40 Exception <a 'java/lang/IncompatibleClassChangeError'{0x00000000d5d4d4a0}: Found class java.lang.Object, but interface was expected> (0x00000000d5d4d4a0) 
thrown [s\src\hotspot\share\interpreter\linkResolver.cpp, line 840]
Event: 147.176 Thread 0x00000262f0fcfb70 Exception <a 'java/io/FileNotFoundException'{0x00000000d5e8cd30}> (0x00000000d5e8cd30) 
thrown [s\src\hotspot\share\prims\jni.cpp, line 520]
Event: 147.178 Thread 0x00000262f0fcfb70 Exception <a 'java/io/FileNotFoundException'{0x00000000d5e8dcd8}> (0x00000000d5e8dcd8) 
thrown [s\src\hotspot\share\prims\jni.cpp, line 520]
Event: 147.185 Thread 0x00000262f4175dd0 Exception <a 'java/lang/NoSuchMethodError'{0x00000000d5eb8530}: 'java.lang.Object java.lang.invoke.DirectMethodHandle$Holder.invokeSpecial(java.lang.Object, java.lang.Object, int, long)'> (0x00000000d5eb8530) 
thrown [s\src\hotspot\share\interpreter\linkResolver.cpp, line 773]
Event: 147.232 Thread 0x00000262f4175dd0 Exception <a 'java/lang/NoSuchMethodError'{0x00000000d6110930}: 'java.lang.Object java.lang.invoke.DirectMethodHandle$Holder.invokeStatic(java.lang.Object, java.lang.Object, int, java.lang.Object)'> (0x00000000d6110930) 
thrown [s\src\hotspot\share\interpreter\linkResolver.cpp, line 773]
Event: 147.297 Thread 0x00000262f1481330 Implicit null exception at 0x000002629d9fe204 to 0x000002629d9fecf8
Event: 148.169 Thread 0x00000262f4175dd0 Exception <a 'java/io/FileNotFoundException'{0x00000000d56c0d98}> (0x00000000d56c0d98) 
thrown [s\src\hotspot\share\prims\jni.cpp, line 520]
Event: 148.169 Thread 0x00000262f4175dd0 Exception <a 'java/io/FileNotFoundException'{0x00000000d56c1fd8}> (0x00000000d56c1fd8) 
thrown [s\src\hotspot\share\prims\jni.cpp, line 520]
Event: 148.408 Thread 0x00000262f1bc1e40 Exception <a 'java/lang/IncompatibleClassChangeError'{0x00000000d5714550}: Found class java.lang.Object, but interface was expected> (0x00000000d5714550) 
thrown [s\src\hotspot\share\interpreter\linkResolver.cpp, line 840]
Event: 151.822 Thread 0x00000262f0fd0200 Exception <a 'sun/nio/fs/WindowsException'{0x00000000d59c8430}> (0x00000000d59c8430) 
thrown [s\src\hotspot\share\prims\jni.cpp, line 520]
Event: 151.822 Thread 0x00000262f0fd0200 Exception <a 'sun/nio/fs/WindowsException'{0x00000000d59c8a70}> (0x00000000d59c8a70) 
thrown [s\src\hotspot\share\prims\jni.cpp, line 520]

ZGC Phase Switch (0 events):
No events

VM Operations (20 events):
Event: 144.939 Executing VM operation: Cleanup done
Event: 145.598 Executing VM operation: HandshakeAllThreads (Deoptimize)
Event: 145.598 Executing VM operation: HandshakeAllThreads (Deoptimize) done
Event: 145.669 Executing VM operation: HandshakeAllThreads (Deoptimize)
Event: 145.669 Executing VM operation: HandshakeAllThreads (Deoptimize) done
Event: 145.674 Executing VM operation: HandshakeAllThreads (Deoptimize)
Event: 145.674 Executing VM operation: HandshakeAllThreads (Deoptimize) done
Event: 145.849 Executing VM operation: ParallelGCFailedAllocation (Allocation Failure)
Event: 145.854 Executing VM operation: ParallelGCFailedAllocation (Allocation Failure) done
Event: 146.862 Executing VM operation: Cleanup
Event: 146.862 Executing VM operation: Cleanup done
Event: 147.784 Executing VM operation: ParallelGCFailedAllocation (Allocation Failure)
Event: 147.791 Executing VM operation: ParallelGCFailedAllocation (Allocation Failure) done
Event: 148.805 Executing VM operation: Cleanup
Event: 148.805 Executing VM operation: Cleanup done
Event: 149.812 Executing VM operation: Cleanup
Event: 149.812 Executing VM operation: Cleanup done
Event: 151.821 Executing VM operation: Cleanup
Event: 151.821 Executing VM operation: Cleanup done
Event: 153.841 Executing VM operation: Cleanup

Memory protections (0 events):
No events

Nmethod flushes (20 events):
Event: 123.182 Thread 0x000002629271e730 flushing  nmethod 0x00000262962eca10
Event: 123.182 Thread 0x000002629271e730 flushing  nmethod 0x00000262962ed490
Event: 123.182 Thread 0x000002629271e730 flushing  nmethod 0x00000262962efa90
Event: 123.182 Thread 0x000002629271e730 flushing  nmethod 0x00000262962efe90
Event: 123.182 Thread 0x000002629271e730 flushing  nmethod 0x00000262962f5590
Event: 123.182 Thread 0x000002629271e730 flushing  nmethod 0x00000262962fc090
Event: 123.182 Thread 0x000002629271e730 flushing  nmethod 0x00000262962fc410
Event: 123.182 Thread 0x000002629271e730 flushing  nmethod 0x00000262962fc890
Event: 123.182 Thread 0x000002629271e730 flushing  nmethod 0x00000262962fcc90
Event: 123.182 Thread 0x000002629271e730 flushing  nmethod 0x00000262962fd010
Event: 123.182 Thread 0x000002629271e730 flushing  nmethod 0x00000262962fd590
Event: 123.182 Thread 0x000002629271e730 flushing  nmethod 0x00000262962fd990
Event: 123.182 Thread 0x000002629271e730 flushing  nmethod 0x00000262962fdf10
Event: 123.182 Thread 0x000002629271e730 flushing  nmethod 0x0000026296300810
Event: 123.182 Thread 0x000002629271e730 flushing  nmethod 0x0000026296309310
Event: 123.182 Thread 0x000002629271e730 flushing  nmethod 0x0000026296312b90
Event: 123.182 Thread 0x000002629271e730 flushing  nmethod 0x0000026296313190
Event: 123.182 Thread 0x000002629271e730 flushing  nmethod 0x0000026296325710
Event: 123.182 Thread 0x000002629271e730 flushing  nmethod 0x0000026296325c10
Event: 123.182 Thread 0x000002629271e730 flushing  nmethod 0x0000026296326190

Events (20 events):
Event: 142.688 Thread 0x00000262f4176af0 Thread added: 0x00000262f14819c0
Event: 142.727 Thread 0x00000262f10d3e00 Thread exited: 0x00000262f10d3e00
Event: 143.173 Thread 0x00000262f4176af0 Thread added: 0x00000262f1484120
Event: 143.188 Thread 0x00000262f1484120 Thread added: 0x00000262f1481330
Event: 143.188 Thread 0x00000262f1484120 Thread added: 0x00000262f1482050
Event: 143.190 Thread 0x00000262f1481330 Thread exited: 0x00000262f1481330
Event: 145.467 Thread 0x00000262f1484120 Thread exited: 0x00000262f1484120
Event: 145.467 Thread 0x00000262f1482050 Thread exited: 0x00000262f1482050
Event: 145.468 Thread 0x00000262f14819c0 Thread exited: 0x00000262f14819c0
Event: 145.469 Thread 0x00000262f4176af0 Thread exited: 0x00000262f4176af0
Event: 145.550 Thread 0x00000262925eeb90 Thread added: 0x00000262f10d5270
Event: 145.570 Thread 0x00000262f0fce7c0 Thread added: 0x00000262f1482d70
Event: 145.577 Thread 0x00000262f1482d70 Thread exited: 0x00000262f1482d70
Event: 145.585 Thread 0x00000262f0fce7c0 Thread added: 0x00000262f1483400
Event: 145.587 Thread 0x00000262f1483400 Thread exited: 0x00000262f1483400
Event: 145.606 Thread 0x00000262925eeb90 Thread added: 0x00000262f10d3e00
Event: 145.679 Thread 0x00000262f1bc1e40 Thread added: 0x00000262f1481330
Event: 146.197 Thread 0x00000262f10d3e00 Thread exited: 0x00000262f10d3e00
Event: 146.985 Thread 0x00000262f10d5270 Thread exited: 0x00000262f10d5270
Event: 151.797 Thread 0x00000262925eeb90 Thread added: 0x00000262f10d3e00


Dynamic libraries:
0x00007ff6a7340000 - 0x00007ff6a734e000 	c:\Users\82103\.cursor\extensions\redhat.java-1.51.0-win32-x64\jre\21.0.9-win32-x86_64\bin\java.exe
0x00007ff9bfdc0000 - 0x00007ff9c0028000 	C:\WINDOWS\SYSTEM32\ntdll.dll
0x00007ff9bdfc0000 - 0x00007ff9be089000 	C:\WINDOWS\System32\KERNEL32.DLL
0x00007ff9bd0f0000 - 0x00007ff9bd4dd000 	C:\WINDOWS\System32\KERNELBASE.dll
0x00007ff9bda10000 - 0x00007ff9bdb5b000 	C:\WINDOWS\System32\ucrtbase.dll
0x00007ff9a2440000 - 0x00007ff9a245e000 	c:\Users\82103\.cursor\extensions\redhat.java-1.51.0-win32-x64\jre\21.0.9-win32-x86_64\bin\VCRUNTIME140.dll
0x00007ff9a20e0000 - 0x00007ff9a20f8000 	c:\Users\82103\.cursor\extensions\redhat.java-1.51.0-win32-x64\jre\21.0.9-win32-x86_64\bin\jli.dll
0x00007ff9bdb70000 - 0x00007ff9bdd3c000 	C:\WINDOWS\System32\USER32.dll
0x00007ff9a1330000 - 0x00007ff9a15ca000 	C:\WINDOWS\WinSxS\amd64_microsoft.windows.common-controls_6595b64144ccf1df_6.0.26100.4484_none_3e0e6d4ce32ef3b3\COMCTL32.dll
0x00007ff9bd570000 - 0x00007ff9bd597000 	C:\WINDOWS\System32\win32u.dll
0x00007ff9be3b0000 - 0x00007ff9be459000 	C:\WINDOWS\System32\msvcrt.dll
0x00007ff9bde40000 - 0x00007ff9bde6b000 	C:\WINDOWS\System32\GDI32.dll
0x00007ff9bcfb0000 - 0x00007ff9bd0e7000 	C:\WINDOWS\System32\gdi32full.dll
0x00007ff9bd960000 - 0x00007ff9bda03000 	C:\WINDOWS\System32\msvcp_win.dll
0x00007ff9bdf00000 - 0x00007ff9bdf2f000 	C:\WINDOWS\System32\IMM32.DLL
0x00007ff9a9760000 - 0x00007ff9a976c000 	c:\Users\82103\.cursor\extensions\redhat.java-1.51.0-win32-x64\jre\21.0.9-win32-x86_64\bin\vcruntime140_1.dll
0x00007ff9724e0000 - 0x00007ff97256d000 	c:\Users\82103\.cursor\extensions\redhat.java-1.51.0-win32-x64\jre\21.0.9-win32-x86_64\bin\msvcp140.dll
0x00007ff8f4bd0000 - 0x00007ff8f5970000 	c:\Users\82103\.cursor\extensions\redhat.java-1.51.0-win32-x64\jre\21.0.9-win32-x86_64\bin\server\jvm.dll
0x00007ff9bf600000 - 0x00007ff9bf6b4000 	C:\WINDOWS\System32\ADVAPI32.dll
0x00007ff9be1c0000 - 0x00007ff9be266000 	C:\WINDOWS\System32\sechost.dll
0x00007ff9bfae0000 - 0x00007ff9bfbf8000 	C:\WINDOWS\System32\RPCRT4.dll
0x00007ff9be090000 - 0x00007ff9be104000 	C:\WINDOWS\System32\WS2_32.dll
0x00007ff9a12d0000 - 0x00007ff9a1305000 	C:\WINDOWS\SYSTEM32\WINMM.dll
0x00007ff9bcd60000 - 0x00007ff9bcdbe000 	C:\WINDOWS\SYSTEM32\POWRPROF.dll
0x00007ff9b4180000 - 0x00007ff9b418b000 	C:\WINDOWS\SYSTEM32\VERSION.dll
0x00007ff9bcd40000 - 0x00007ff9bcd54000 	C:\WINDOWS\SYSTEM32\UMPDC.dll
0x00007ff9bbcb0000 - 0x00007ff9bbccb000 	C:\WINDOWS\SYSTEM32\kernel.appcore.dll
0x00007ff9a9330000 - 0x00007ff9a933a000 	c:\Users\82103\.cursor\extensions\redhat.java-1.51.0-win32-x64\jre\21.0.9-win32-x86_64\bin\jimage.dll
0x00007ff9ba590000 - 0x00007ff9ba7d1000 	C:\WINDOWS\SYSTEM32\DBGHELP.DLL
0x00007ff9bf6c0000 - 0x00007ff9bfa46000 	C:\WINDOWS\System32\combase.dll
0x00007ff9be2a0000 - 0x00007ff9be380000 	C:\WINDOWS\System32\OLEAUT32.dll
0x00007ff9ad200000 - 0x00007ff9ad243000 	C:\WINDOWS\SYSTEM32\dbgcore.DLL
0x00007ff9bcf10000 - 0x00007ff9bcfa9000 	C:\WINDOWS\System32\bcryptPrimitives.dll
0x00007ff9ad360000 - 0x00007ff9ad36f000 	c:\Users\82103\.cursor\extensions\redhat.java-1.51.0-win32-x64\jre\21.0.9-win32-x86_64\bin\instrument.dll
0x00007ff999450000 - 0x00007ff999470000 	c:\Users\82103\.cursor\extensions\redhat.java-1.51.0-win32-x64\jre\21.0.9-win32-x86_64\bin\java.dll
0x00007ff9bee40000 - 0x00007ff9bf58a000 	C:\WINDOWS\System32\SHELL32.dll
0x00007ff9bd5a0000 - 0x00007ff9bd714000 	C:\WINDOWS\System32\wintypes.dll
0x00007ff9bab20000 - 0x00007ff9bb37b000 	C:\WINDOWS\SYSTEM32\windows.storage.dll
0x00007ff9be470000 - 0x00007ff9be565000 	C:\WINDOWS\System32\SHCORE.dll
0x00007ff9bf590000 - 0x00007ff9bf5fa000 	C:\WINDOWS\System32\shlwapi.dll
0x00007ff9bce20000 - 0x00007ff9bce4f000 	C:\WINDOWS\SYSTEM32\profapi.dll
0x00007ff998560000 - 0x00007ff998578000 	c:\Users\82103\.cursor\extensions\redhat.java-1.51.0-win32-x64\jre\21.0.9-win32-x86_64\bin\zip.dll
0x00007ff9a9100000 - 0x00007ff9a9110000 	C:\Users\82103\.cursor\extensions\redhat.java-1.51.0-win32-x64\jre\21.0.9-win32-x86_64\bin\net.dll
0x00007ff9b43c0000 - 0x00007ff9b44de000 	C:\WINDOWS\SYSTEM32\WINHTTP.dll
0x00007ff9bc240000 - 0x00007ff9bc2aa000 	C:\WINDOWS\system32\mswsock.dll
0x00007ff99a8b0000 - 0x00007ff99a8c6000 	C:\Users\82103\.cursor\extensions\redhat.java-1.51.0-win32-x64\jre\21.0.9-win32-x86_64\bin\nio.dll
0x00007ff9ad3d0000 - 0x00007ff9ad3e0000 	c:\Users\82103\.cursor\extensions\redhat.java-1.51.0-win32-x64\jre\21.0.9-win32-x86_64\bin\verify.dll
0x00007ff9a2f00000 - 0x00007ff9a2f44000 	C:\Users\82103\AppData\Roaming\Cursor\User\globalStorage\redhat.java\1.51.0\config_win\org.eclipse.equinox.launcher\org.eclipse.equinox.launcher.win32.win32.x86_64_1.2.1400.v20250801-0854\eclipse_11916.dll
0x00007ff9be570000 - 0x00007ff9be70e000 	C:\WINDOWS\System32\ole32.dll
0x00007ff9bc4f0000 - 0x00007ff9bc50b000 	C:\WINDOWS\SYSTEM32\CRYPTSP.dll
0x00007ff9bbc10000 - 0x00007ff9bbc4b000 	C:\WINDOWS\system32\rsaenh.dll
0x00007ff9bc2e0000 - 0x00007ff9bc30b000 	C:\WINDOWS\SYSTEM32\USERENV.dll
0x00007ff9bcdf0000 - 0x00007ff9bce16000 	C:\WINDOWS\SYSTEM32\bcrypt.dll
0x00007ff9bc510000 - 0x00007ff9bc51c000 	C:\WINDOWS\SYSTEM32\CRYPTBASE.dll
0x00007ff9bb750000 - 0x00007ff9bb783000 	C:\WINDOWS\SYSTEM32\IPHLPAPI.DLL
0x00007ff9bfc00000 - 0x00007ff9bfc0a000 	C:\WINDOWS\System32\NSI.dll
0x00007ff99a860000 - 0x00007ff99a8a9000 	C:\Users\82103\AppData\Local\Temp\jna-53255354\jna5905357321114497971.dll
0x00007ff9bdb60000 - 0x00007ff9bdb68000 	C:\WINDOWS\System32\PSAPI.DLL
0x00007ff9b5e90000 - 0x00007ff9b5eaf000 	C:\WINDOWS\SYSTEM32\dhcpcsvc6.DLL
0x00007ff9b5bc0000 - 0x00007ff9b5be5000 	C:\WINDOWS\SYSTEM32\dhcpcsvc.DLL
0x00007ff9a8f80000 - 0x00007ff9a8f8e000 	C:\Users\82103\.cursor\extensions\redhat.java-1.51.0-win32-x64\jre\21.0.9-win32-x86_64\bin\sunmscapi.dll
0x00007ff9bd720000 - 0x00007ff9bd897000 	C:\WINDOWS\System32\CRYPT32.dll
0x00007ff9bc710000 - 0x00007ff9bc740000 	C:\WINDOWS\SYSTEM32\ncrypt.dll
0x00007ff9bc6c0000 - 0x00007ff9bc6ff000 	C:\WINDOWS\SYSTEM32\NTASN1.dll
0x00007ff9bb820000 - 0x00007ff9bb946000 	C:\WINDOWS\SYSTEM32\DNSAPI.dll
0x00007ff9af670000 - 0x00007ff9af67b000 	C:\Windows\System32\rasadhlp.dll
0x00007ff9b6460000 - 0x00007ff9b64e6000 	C:\WINDOWS\System32\fwpuclnt.dll
0x00007ff9a6700000 - 0x00007ff9a6709000 	C:\Users\82103\.cursor\extensions\redhat.java-1.51.0-win32-x64\jre\21.0.9-win32-x86_64\bin\extnet.dll
0x00007ff99b160000 - 0x00007ff99b187000 	C:\Users\82103\.gradle\native\c067742578af261105cb4f569cf0c3c89f3d7b1fecec35dd04571415982c5e48\windows-amd64\native-platform.dll
0x00007ff9ad3c0000 - 0x00007ff9ad3ca000 	C:\Users\82103\.cursor\extensions\redhat.java-1.51.0-win32-x64\jre\21.0.9-win32-x86_64\bin\management.dll
0x00007ff9a9050000 - 0x00007ff9a905c000 	C:\Users\82103\.cursor\extensions\redhat.java-1.51.0-win32-x64\jre\21.0.9-win32-x86_64\bin\management_ext.dll

JVMTI agents:
c:\Users\82103\.cursor\extensions\redhat.java-1.51.0-win32-x64\lombok\lombok-1.18.39-4050.jar path:c:\Users\82103\.cursor\extensions\redhat.java-1.51.0-win32-x64\jre\21.0.9-win32-x86_64\bin\instrument.dll, loaded, initialized, instrumentlib options:none

dbghelp: loaded successfully - version: 4.0.5 - missing functions: none
symbol engine: initialized successfully - sym options: 0x614 - pdb path: .;c:\Users\82103\.cursor\extensions\redhat.java-1.51.0-win32-x64\jre\21.0.9-win32-x86_64\bin;C:\WINDOWS\SYSTEM32;C:\WINDOWS\WinSxS\amd64_microsoft.windows.common-controls_6595b64144ccf1df_6.0.26100.4484_none_3e0e6d4ce32ef3b3;c:\Users\82103\.cursor\extensions\redhat.java-1.51.0-win32-x64\jre\21.0.9-win32-x86_64\bin\server;C:\Users\82103\AppData\Roaming\Cursor\User\globalStorage\redhat.java\1.51.0\config_win\org.eclipse.equinox.launcher\org.eclipse.equinox.launcher.win32.win32.x86_64_1.2.1400.v20250801-0854;C:\Users\82103\AppData\Local\Temp\jna-53255354;C:\Users\82103\.gradle\native\c067742578af261105cb4f569cf0c3c89f3d7b1fecec35dd04571415982c5e48\windows-amd64

VM Arguments:
jvm_args: --add-modules=ALL-SYSTEM --add-opens=java.base/java.util=ALL-UNNAMED --add-opens=java.base/java.lang=ALL-UNNAMED --add-opens=java.base/sun.nio.fs=ALL-UNNAMED -Declipse.application=org.eclipse.jdt.ls.core.id1 -Dosgi.bundles.defaultStartLevel=4 -Declipse.product=org.eclipse.jdt.ls.core.product -Djava.import.generatesMetadataFilesAtProjectRoot=false -DDetectVMInstallationsJob.disabled=true -Dfile.encoding=utf8 -XX:+UseParallelGC -XX:GCTimeRatio=4 -XX:AdaptiveSizePolicyWeight=90 -Dsun.zip.disableMemoryMapping=true -Xmx2G -Xms100m -Xlog:disable -javaagent:c:\Users\82103\.cursor\extensions\redhat.java-1.51.0-win32-x64\lombok\lombok-1.18.39-4050.jar -XX:+HeapDumpOnOutOfMemoryError -XX:HeapDumpPath=c:\Users\82103\AppData\Roaming\Cursor\User\workspaceStorage\188db7536be9950b7912d41f0468fc29\redhat.java -Daether.dependencyCollector.impl=bf 
java_command: c:\Users\82103\.cursor\extensions\redhat.java-1.51.0-win32-x64\server\plugins\org.eclipse.equinox.launcher_1.7.100.v20251111-0406.jar -configuration c:\Users\82103\AppData\Roaming\Cursor\User\globalStorage\redhat.java\1.51.0\config_win -data c:\Users\82103\AppData\Roaming\Cursor\User\workspaceStorage\188db7536be9950b7912d41f0468fc29\redhat.java\jdt_ws --pipe=\\.\pipe\lsp-8d4041c942b67a768af064312a659289-sock
java_class_path (initial): c:\Users\82103\.cursor\extensions\redhat.java-1.51.0-win32-x64\server\plugins\org.eclipse.equinox.launcher_1.7.100.v20251111-0406.jar
Launcher Type: SUN_STANDARD

[Global flags]
    uintx AdaptiveSizePolicyWeight                 = 90                                        {product} {command line}
     intx CICompilerCount                          = 4                                         {product} {ergonomic}
    uintx GCTimeRatio                              = 4                                         {product} {command line}
     bool HeapDumpOnOutOfMemoryError               = true                                   {manageable} {command line}
    ccstr HeapDumpPath                             = c:\Users\82103\AppData\Roaming\Cursor\User\workspaceStorage\188db7536be9950b7912d41f0468fc29\redhat.java         {manageable} {command line}
   size_t InitialHeapSize                          = 104857600                                 {product} {command line}
   size_t MaxHeapSize                              = 2147483648                                {product} {command line}
   size_t MaxNewSize                               = 715653120                                 {product} {ergonomic}
   size_t MinHeapDeltaBytes                        = 524288                                    {product} {ergonomic}
   size_t MinHeapSize                              = 104857600                                 {product} {command line}
   size_t NewSize                                  = 34603008                                  {product} {ergonomic}
    uintx NonNMethodCodeHeapSize                   = 5839372                                {pd product} {ergonomic}
    uintx NonProfiledCodeHeapSize                  = 122909434                              {pd product} {ergonomic}
   size_t OldSize                                  = 70254592                                  {product} {ergonomic}
    uintx ProfiledCodeHeapSize                     = 122909434                              {pd product} {ergonomic}
    uintx ReservedCodeCacheSize                    = 251658240                              {pd product} {ergonomic}
     bool SegmentedCodeCache                       = true                                      {product} {ergonomic}
   size_t SoftMaxHeapSize                          = 2147483648                             {manageable} {ergonomic}
     bool UseCompressedOops                        = true                           {product lp64_product} {ergonomic}
     bool UseLargePagesIndividualAllocation        = false                                  {pd product} {ergonomic}
     bool UseParallelGC                            = true                                      {product} {command line}

Logging:
Log output configuration:
 #0: stdout all=off uptime,level,tags foldmultilines=false
 #1: stderr all=off uptime,level,tags foldmultilines=false

Release file:
JAVA_VERSION="21.0.9" 
MODULES="java.base java.compiler java.datatransfer java.xml java.prefs java.desktop java.instrument java.logging java.management java.security.sasl java.naming java.rmi java.management.rmi java.net.http java.scripting java.security.jgss java.transaction.xa java.sql java.sql.rowset java.xml.crypto java.se java.smartcardio jdk.accessibility jdk.internal.jvmstat jdk.attach jdk.charsets jdk.internal.opt jdk.zipfs jdk.compiler jdk.crypto.ec jdk.crypto.cryptoki jdk.crypto.mscapi jdk.dynalink jdk.internal.ed jdk.editpad jdk.hotspot.agent jdk.httpserver jdk.internal.le jdk.internal.vm.ci jdk.internal.vm.compiler jdk.internal.vm.compiler.management jdk.jartool jdk.javadoc jdk.jcmd jdk.management jdk.management.agent jdk.jconsole jdk.jdeps jdk.jdwp.agent jdk.jdi jdk.jfr jdk.jshell jdk.jsobject jdk.jstatd jdk.localedata jdk.management.jfr jdk.naming.dns jdk.naming.rmi jdk.net jdk.nio.mapmode jdk.random jdk.sctp jdk.security.auth jdk.security.jgss jdk.unsupported jdk.unsupported.desktop jdk.xml.dom" 

Environment Variables:
JAVA_HOME=C:\Program Files\Java\jdk-17.0.5
CLASSPATH=C:\Program Files\Java\jdk-17.0.5\lib
PATH=C:\Windows\system32;C:\Windows;C:\Windows\System32\Wbem;C:\Windows\System32\WindowsPowerShell\v1.0\;C:\Windows\System32\OpenSSH\;C:\Program Files (x86)\NVIDIA Corporation\PhysX\Common;C:\Program Files\NVIDIA Corporation\NVIDIA NvDLISR;C:\WINDOWS\system32;C:\WINDOWS;C:\WINDOWS\System32\Wbem;C:\WINDOWS\System32\WindowsPowerShell\v1.0\;C:\WINDOWS\System32\OpenSSH\;C:\Program Files\Java\jdk-17.0.5\bin;C:\Program Files\Git\cmd;C:\Users\82103\AppData\Roaming\nvm;C:\Program Files\nodejs;C:\Program Files\Bandizip\;C:\Program Files\Docker\Docker\resources\bin;C:\Program Files\cursor\resources\app\bin;C:\Users\82103\AppData\Local\Microsoft\WindowsApps;C:\Program Files\JetBrains\IntelliJ IDEA Community Edition 2021.2.3\bin;;C:\Users\82103\AppData\Local\Programs\Microsoft VS Code\bin;C:\Users\82103\AppData\Roaming\npm;C:\Users\82103\AppData\Roaming\nvm;C:\Program Files\nodejs;
USERNAME=82103
OS=Windows_NT
PROCESSOR_IDENTIFIER=Intel64 Family 6 Model 140 Stepping 1, GenuineIntel
TMP=C:\Users\82103\AppData\Local\Temp
TEMP=C:\Users\82103\AppData\Local\Temp




Periodic native trim disabled

---------------  S Y S T E M  ---------------

OS:
 Windows 11 , 64 bit Build 26100 (10.0.26100.4484)
OS uptime: 169 days 7:33 hours
Hyper-V role detected

CPU: total 8 (initial active 8) (4 cores per cpu, 2 threads per core) family 6 model 140 stepping 1 microcode 0xa4, cx8, cmov, fxsr, ht, mmx, 3dnowpref, sse, sse2, sse3, ssse3, sse4.1, sse4.2, popcnt, lzcnt, tsc, tscinvbit, avx, avx2, aes, erms, clmul, bmi1, bmi2, adx, avx512f, avx512dq, avx512cd, avx512bw, avx512vl, sha, fma, vzeroupper, avx512_vpopcntdq, avx512_vpclmulqdq, avx512_vaes, avx512_vnni, clflush, clflushopt, clwb, avx512_vbmi2, avx512_vbmi, hv, rdtscp, rdpid, fsrm, gfni, avx512_bitalg, f16c, cet_ibt, cet_ss, avx512_ifma
Processor Information for the first 8 processors :
  Max Mhz: 2419, Current Mhz: 2419, Mhz Limit: 2419

Memory: 4k page, system-wide physical 16075M (1346M free)
TotalPageFile size 58176M (AvailPageFile size 121M)
current process WorkingSet (physical memory assigned to process): 218M, peak: 266M
current process commit charge ("private bytes"): 385M, peak: 399M

vm_info: OpenJDK 64-Bit Server VM (21.0.9+10-LTS) for windows-amd64 JRE (21.0.9+10-LTS), built on 2025-10-21T00:00:00Z by "admin" with unknown MS VC++:1942

END.
