#
# There is insufficient memory for the Java Runtime Environment to continue.
# Native memory allocation (malloc) failed to allocate 1556032 bytes. Error detail: Chunk::new
# Possible reasons:
#   The system is out of physical RAM or swap space
#   This process is running with CompressedOops enabled, and the Java Heap may be blocking the growth of the native heap
# Possible solutions:
#   Reduce memory load on the system
#   Increase physical memory or swap space
#   Check if swap backing store is full
#   Decrease Java heap size (-Xmx/-Xms)
#   Decrease number of Java threads
#   Decrease Java thread stack sizes (-Xss)
#   Set larger code cache with -XX:ReservedCodeCacheSize=
#   JVM is running with Unscaled Compressed Oops mode in which the Java heap is
#     placed in the first 4GB address space. The Java Heap base address is the
#     maximum limit for the native heap growth. Please use -XX:HeapBaseMinAddress
#     to set the Java Heap base and to place the Java Heap above 4GB virtual address.
# This output file may be truncated or incomplete.
#
#  Out of Memory Error (arena.cpp:168), pid=78876, tid=73176
#
# JRE version: OpenJDK Runtime Environment Temurin-21.0.9+10 (21.0.9+10) (build 21.0.9+10-LTS)
# Java VM: OpenJDK 64-Bit Server VM Temurin-21.0.9+10 (21.0.9+10-LTS, mixed mode, sharing, tiered, compressed oops, compressed class ptrs, parallel gc, windows-amd64)
# No core dump will be written. Minidumps are not enabled by default on client versions of Windows
#

---------------  S U M M A R Y ------------

Command Line: --add-modules=ALL-SYSTEM --add-opens=java.base/java.util=ALL-UNNAMED --add-opens=java.base/java.lang=ALL-UNNAMED --add-opens=java.base/sun.nio.fs=ALL-UNNAMED -Declipse.application=org.eclipse.jdt.ls.core.id1 -Dosgi.bundles.defaultStartLevel=4 -Declipse.product=org.eclipse.jdt.ls.core.product -Djava.import.generatesMetadataFilesAtProjectRoot=false -DDetectVMInstallationsJob.disabled=true -Dfile.encoding=utf8 -XX:+UseParallelGC -XX:GCTimeRatio=4 -XX:AdaptiveSizePolicyWeight=90 -Dsun.zip.disableMemoryMapping=true -Xmx2G -Xms100m -Xlog:disable -javaagent:c:\Users\82103\.cursor\extensions\redhat.java-1.51.0-win32-x64\lombok\lombok-1.18.39-4050.jar -XX:+HeapDumpOnOutOfMemoryError -XX:HeapDumpPath=c:\Users\82103\AppData\Roaming\Cursor\User\workspaceStorage\188db7536be9950b7912d41f0468fc29\redhat.java -Daether.dependencyCollector.impl=bf c:\Users\82103\.cursor\extensions\redhat.java-1.51.0-win32-x64\server\plugins\org.eclipse.equinox.launcher_1.7.100.v20251111-0406.jar -configuration c:\Users\82103\AppData\Roaming\Cursor\User\globalStorage\redhat.java\1.51.0\config_win -data c:\Users\82103\AppData\Roaming\Cursor\User\workspaceStorage\188db7536be9950b7912d41f0468fc29\redhat.java\jdt_ws --pipe=\\.\pipe\lsp-7d4135569471e5ce5275768fa4e66235-sock

Host: 11th Gen Intel(R) Core(TM) i5-1135G7 @ 2.40GHz, 8 cores, 15G,  Windows 11 , 64 bit Build 26100 (10.0.26100.4484)
Time: Sun Feb  1 15:29:09 2026 elapsed time: 9.530069 seconds (0d 0h 0m 9s)

---------------  T H R E A D  ---------------

Current thread (0x000001f479481230):  JavaThread "C2 CompilerThread1" daemon [_thread_in_native, id=73176, stack(0x000000e2e8d00000,0x000000e2e8e00000) (1024K)]


Current CompileTask:
C2:9530 4667       4       org.eclipse.osgi.internal.loader.BundleLoader::addExportedProvidersFor (167 bytes)

Stack: [0x000000e2e8d00000,0x000000e2e8e00000]
Native frames: (J=compiled Java code, j=interpreted, Vv=VM code, C=native code)
V  [jvm.dll+0x6d6e29]
V  [jvm.dll+0x8b4b76]
V  [jvm.dll+0x8b712e]
V  [jvm.dll+0x8b7813]
V  [jvm.dll+0x283d86]
V  [jvm.dll+0xc66ed]
V  [jvm.dll+0xc6c31]
V  [jvm.dll+0x3be53b]
V  [jvm.dll+0x1e3d59]
V  [jvm.dll+0x24c0f3]
V  [jvm.dll+0x24b580]
V  [jvm.dll+0x1cb13e]
V  [jvm.dll+0x25b29d]
V  [jvm.dll+0x25982a]
V  [jvm.dll+0x3f7ea6]
V  [jvm.dll+0x85e9ad]
V  [jvm.dll+0x6d565d]
C  [ucrtbase.dll+0x37b0]
C  [KERNEL32.DLL+0x2e8d7]
C  [ntdll.dll+0x3c34c]


---------------  P R O C E S S  ---------------

Threads class SMR info:
_java_thread_list=0x000001f478523bd0, length=42, elements={
0x000001f419c6c250, 0x000001f419d2ce90, 0x000001f419d2dda0, 0x000001f419be9850,
0x000001f419bea980, 0x000001f419beca90, 0x000001f419bf0ce0, 0x000001f419bfdf50,
0x000001f419bffa10, 0x000001f4771c8660, 0x000001f477490020, 0x000001f477ba6ad0,
0x000001f477b18730, 0x000001f477e6f4d0, 0x000001f477d81360, 0x000001f4783da280,
0x000001f477f49840, 0x000001f478704ca0, 0x000001f4787038f0, 0x000001f478705330,
0x000001f478703260, 0x000001f478704610, 0x000001f478701eb0, 0x000001f479481230,
0x000001f478702540, 0x000001f478702bd0, 0x000001f47a139da0, 0x000001f47a8f0020,
0x000001f47a13a430, 0x000001f47a137640, 0x000001f47a1389f0, 0x000001f47a136fb0,
0x000001f47a138360, 0x000001f47a137cd0, 0x000001f47a13b7e0, 0x000001f47a13aac0,
0x000001f47a13c500, 0x000001f47a13be70, 0x000001f47a139710, 0x000001f47a139080,
0x000001f47a13d8b0, 0x000001f47a13e5d0
}

Java Threads: ( => current thread )
  0x000001f419c6c250 JavaThread "main"                              [_thread_in_Java, id=80132, stack(0x000000e2e6c00000,0x000000e2e6d00000) (1024K)]
  0x000001f419d2ce90 JavaThread "Reference Handler"          daemon [_thread_blocked, id=81584, stack(0x000000e2e7000000,0x000000e2e7100000) (1024K)]
  0x000001f419d2dda0 JavaThread "Finalizer"                  daemon [_thread_blocked, id=81432, stack(0x000000e2e7100000,0x000000e2e7200000) (1024K)]
  0x000001f419be9850 JavaThread "Signal Dispatcher"          daemon [_thread_blocked, id=81528, stack(0x000000e2e7200000,0x000000e2e7300000) (1024K)]
  0x000001f419bea980 JavaThread "Attach Listener"            daemon [_thread_blocked, id=37076, stack(0x000000e2e7300000,0x000000e2e7400000) (1024K)]
  0x000001f419beca90 JavaThread "Service Thread"             daemon [_thread_blocked, id=40864, stack(0x000000e2e7400000,0x000000e2e7500000) (1024K)]
  0x000001f419bf0ce0 JavaThread "Monitor Deflation Thread"   daemon [_thread_blocked, id=11468, stack(0x000000e2e7500000,0x000000e2e7600000) (1024K)]
  0x000001f419bfdf50 JavaThread "C2 CompilerThread0"         daemon [_thread_in_native, id=1148, stack(0x000000e2e7600000,0x000000e2e7700000) (1024K)]
  0x000001f419bffa10 JavaThread "C1 CompilerThread0"         daemon [_thread_in_vm, id=81080, stack(0x000000e2e7700000,0x000000e2e7800000) (1024K)]
  0x000001f4771c8660 JavaThread "Common-Cleaner"             daemon [_thread_blocked, id=41816, stack(0x000000e2e7800000,0x000000e2e7900000) (1024K)]
  0x000001f477490020 JavaThread "Notification Thread"        daemon [_thread_blocked, id=78784, stack(0x000000e2e7a00000,0x000000e2e7b00000) (1024K)]
  0x000001f477ba6ad0 JavaThread "Active Thread: Equinox Container: 53a99b7c-da7f-457b-a7cc-a8d11416dce3"        [_thread_blocked, id=79836, stack(0x000000e2e8200000,0x000000e2e8300000) (1024K)]
  0x000001f477b18730 JavaThread "Refresh Thread: Equinox Container: 53a99b7c-da7f-457b-a7cc-a8d11416dce3" daemon [_thread_blocked, id=78396, stack(0x000000e2e8400000,0x000000e2e8500000) (1024K)]
  0x000001f477e6f4d0 JavaThread "Framework Event Dispatcher: Equinox Container: 53a99b7c-da7f-457b-a7cc-a8d11416dce3" daemon [_thread_blocked, id=48032, stack(0x000000e2e8500000,0x000000e2e8600000) (1024K)]
  0x000001f477d81360 JavaThread "Start Level: Equinox Container: 53a99b7c-da7f-457b-a7cc-a8d11416dce3" daemon [_thread_blocked, id=69104, stack(0x000000e2e8600000,0x000000e2e8700000) (1024K)]
  0x000001f4783da280 JavaThread "Bundle File Closer"         daemon [_thread_blocked, id=69900, stack(0x000000e2e8700000,0x000000e2e8800000) (1024K)]
  0x000001f477f49840 JavaThread "SCR Component Actor"        daemon [_thread_blocked, id=50068, stack(0x000000e2e8800000,0x000000e2e8900000) (1024K)]
  0x000001f478704ca0 JavaThread "Worker-JM"                         [_thread_blocked, id=15440, stack(0x000000e2e8900000,0x000000e2e8a00000) (1024K)]
  0x000001f4787038f0 JavaThread "JNA Cleaner"                daemon [_thread_blocked, id=80016, stack(0x000000e2e7b00000,0x000000e2e7c00000) (1024K)]
  0x000001f478705330 JavaThread "Worker-0: Updating Maven Dependencies"        [_thread_blocked, id=79900, stack(0x000000e2e8a00000,0x000000e2e8b00000) (1024K)]
  0x000001f478703260 JavaThread "Worker-1: Refreshing workspace"        [_thread_in_vm, id=81908, stack(0x000000e2e8b00000,0x000000e2e8c00000) (1024K)]
  0x000001f478704610 JavaThread "Worker-2: Repository registry initialization"        [_thread_in_vm, id=75372, stack(0x000000e2e8c00000,0x000000e2e8d00000) (1024K)]
  0x000001f478701eb0 JavaThread "Worker-3: Updating workspace"        [_thread_blocked, id=71632, stack(0x000000e2e7900000,0x000000e2e7a00000) (1024K)]
=>0x000001f479481230 JavaThread "C2 CompilerThread1"         daemon [_thread_in_native, id=73176, stack(0x000000e2e8d00000,0x000000e2e8e00000) (1024K)]
  0x000001f478702540 JavaThread "Worker-4: Processing Java changes since last activation"        [_thread_blocked, id=80768, stack(0x000000e2e8f00000,0x000000e2e9000000) (1024K)]
  0x000001f478702bd0 JavaThread "Java indexing"              daemon [_thread_blocked, id=80300, stack(0x000000e2e9000000,0x000000e2e9100000) (1024K)]
  0x000001f47a139da0 JavaThread "Worker-5: Initialize After Load"        [_thread_blocked, id=79544, stack(0x000000e2e9100000,0x000000e2e9200000) (1024K)]
  0x000001f47a8f0020 JavaThread "C2 CompilerThread2"         daemon [_thread_in_native, id=81492, stack(0x000000e2e9300000,0x000000e2e9400000) (1024K)]
  0x000001f47a13a430 JavaThread "Worker-6"                          [_thread_blocked, id=81364, stack(0x000000e2e9400000,0x000000e2e9500000) (1024K)]
  0x000001f47a137640 JavaThread "Worker-7"                          [_thread_blocked, id=75964, stack(0x000000e2e9500000,0x000000e2e9600000) (1024K)]
  0x000001f47a1389f0 JavaThread "Worker-8: Synchronize Gradle projects with workspace"        [_thread_blocked, id=45992, stack(0x000000e2e9600000,0x000000e2e9700000) (1024K)]
  0x000001f47a136fb0 JavaThread "Thread-1"                   daemon [_thread_in_native, id=81240, stack(0x000000e2e9700000,0x000000e2e9800000) (1024K)]
  0x000001f47a138360 JavaThread "Thread-2"                   daemon [_thread_in_native, id=28652, stack(0x000000e2e9800000,0x000000e2e9900000) (1024K)]
  0x000001f47a137cd0 JavaThread "Thread-3"                   daemon [_thread_in_native, id=13088, stack(0x000000e2e9900000,0x000000e2e9a00000) (1024K)]
  0x000001f47a13b7e0 JavaThread "Thread-4"                   daemon [_thread_in_native, id=14984, stack(0x000000e2e9a00000,0x000000e2e9b00000) (1024K)]
  0x000001f47a13aac0 JavaThread "Thread-5"                   daemon [_thread_in_native, id=76364, stack(0x000000e2e9b00000,0x000000e2e9c00000) (1024K)]
  0x000001f47a13c500 JavaThread "Thread-6"                   daemon [_thread_in_native, id=77456, stack(0x000000e2e9c00000,0x000000e2e9d00000) (1024K)]
  0x000001f47a13be70 JavaThread "Thread-7"                   daemon [_thread_in_native, id=80036, stack(0x000000e2e9d00000,0x000000e2e9e00000) (1024K)]
  0x000001f47a139710 JavaThread "Thread-8"                   daemon [_thread_in_native, id=81808, stack(0x000000e2e9e00000,0x000000e2e9f00000) (1024K)]
  0x000001f47a139080 JavaThread "Thread-9"                   daemon [_thread_in_native, id=81900, stack(0x000000e2e9f00000,0x000000e2ea000000) (1024K)]
  0x000001f47a13d8b0 JavaThread "Timer-0"                           [_thread_blocked, id=80724, stack(0x000000e2ea000000,0x000000e2ea100000) (1024K)]
  0x000001f47a13e5d0 JavaThread "pool-2-thread-1"                   [_thread_blocked, id=76556, stack(0x000000e2ea100000,0x000000e2ea200000) (1024K)]
Total: 42

Other Threads:
  0x000001f419be1de0 VMThread "VM Thread"                           [id=72840, stack(0x000000e2e6f00000,0x000000e2e7000000) (1024K)]
  0x000001f419cd9c80 WatcherThread "VM Periodic Task Thread"        [id=64008, stack(0x000000e2e6e00000,0x000000e2e6f00000) (1024K)]
  0x000001f419c8ba80 WorkerThread "GC Thread#0"                     [id=76004, stack(0x000000e2e6d00000,0x000000e2e6e00000) (1024K)]
  0x000001f4777b2980 WorkerThread "GC Thread#1"                     [id=25524, stack(0x000000e2e7c00000,0x000000e2e7d00000) (1024K)]
  0x000001f477b2daf0 WorkerThread "GC Thread#2"                     [id=9936, stack(0x000000e2e7d00000,0x000000e2e7e00000) (1024K)]
  0x000001f477b2de90 WorkerThread "GC Thread#3"                     [id=17400, stack(0x000000e2e7e00000,0x000000e2e7f00000) (1024K)]
  0x000001f477b2e230 WorkerThread "GC Thread#4"                     [id=78892, stack(0x000000e2e7f00000,0x000000e2e8000000) (1024K)]
  0x000001f477a53850 WorkerThread "GC Thread#5"                     [id=78476, stack(0x000000e2e8000000,0x000000e2e8100000) (1024K)]
  0x000001f477d0d5e0 WorkerThread "GC Thread#6"                     [id=68776, stack(0x000000e2e8100000,0x000000e2e8200000) (1024K)]
  0x000001f477c97860 WorkerThread "GC Thread#7"                     [id=81140, stack(0x000000e2e8300000,0x000000e2e8400000) (1024K)]
Total: 10

Threads with active compile tasks:
C2 CompilerThread0  9549 4823   !   4       org.eclipse.osgi.internal.loader.classpath.ClasspathManager::defineClass (636 bytes)
C2 CompilerThread1  9549 4667       4       org.eclipse.osgi.internal.loader.BundleLoader::addExportedProvidersFor (167 bytes)
C2 CompilerThread2  9549 5046       4       java.util.regex.Pattern::atom (422 bytes)
Total: 3

VM state: not at safepoint (normal execution)

VM Mutex/Monitor currently owned by a thread:  ([mutex/lock_event])
[0x00007ff8f588d470] CodeCache_lock - owner thread: 0x000001f419c6c250

Heap address: 0x0000000080000000, size: 2048 MB, Compressed Oops mode: 32-bit

CDS archive(s) mapped at: [0x000001f431000000-0x000001f431ba0000-0x000001f431ba0000), size 12189696, SharedBaseAddress: 0x000001f431000000, ArchiveRelocationMode: 1.
Compressed class space mapped at: 0x000001f432000000-0x000001f472000000, reserved size: 1073741824
Narrow klass base: 0x000001f431000000, Narrow klass shift: 0, Narrow klass range: 0x100000000

GC Precious Log:
 CardTable entry size: 512
 CPUs: 8 total, 8 available
 Memory: 16075M
 Large Page Support: Disabled
 NUMA Support: Disabled
 Compressed Oops: Enabled (32-bit)
 Alignments: Space 512K, Generation 512K, Heap 2M
 Heap Min Capacity: 100M
 Heap Initial Capacity: 100M
 Heap Max Capacity: 2G
 Pre-touch: Disabled
 Parallel Workers: 8

Heap:
 PSYoungGen      total 24064K, used 20085K [0x00000000d5580000, 0x00000000d7180000, 0x0000000100000000)
  eden space 22016K, 83% used [0x00000000d5580000,0x00000000d6775560,0x00000000d6b00000)
  from space 2048K, 82% used [0x00000000d6f80000,0x00000000d7128000,0x00000000d7180000)
  to   space 2048K, 0% used [0x00000000d6d80000,0x00000000d6d80000,0x00000000d6f80000)
 ParOldGen       total 68608K, used 20209K [0x0000000080000000, 0x0000000084300000, 0x00000000d5580000)
  object space 68608K, 29% used [0x0000000080000000,0x00000000813bc718,0x0000000084300000)
 Metaspace       used 38772K, committed 40000K, reserved 1114112K
  class space    used 4135K, committed 4672K, reserved 1048576K

Card table byte_map: [0x000001f419610000,0x000001f419a20000] _byte_map_base: 0x000001f419210000

Marking Bits: (ParMarkBitMap*) 0x00007ff8f5892460
 Begin Bits: [0x000001f42c120000, 0x000001f42e120000)
 End Bits:   [0x000001f42e120000, 0x000001f430120000)

Polling page: 0x000001f417c10000

Metaspace:

Usage:
  Non-class:     33.83 MB used.
      Class:      4.04 MB used.
       Both:     37.86 MB used.

Virtual space:
  Non-class space:       64.00 MB reserved,      34.50 MB ( 54%) committed,  1 nodes.
      Class space:        1.00 GB reserved,       4.56 MB ( <1%) committed,  1 nodes.
             Both:        1.06 GB reserved,      39.06 MB (  4%) committed. 

Chunk freelists:
   Non-Class:  13.12 MB
       Class:  11.37 MB
        Both:  24.50 MB

MaxMetaspaceSize: unlimited
CompressedClassSpaceSize: 1.00 GB
Initial GC threshold: 21.00 MB
Current GC threshold: 58.38 MB
CDS: on
 - commit_granule_bytes: 65536.
 - commit_granule_words: 8192.
 - virtual_space_node_default_size: 8388608.
 - enlarge_chunks_in_place: 1.
 - use_allocation_guard: 0.


Internal statistics:

num_allocs_failed_limit: 6.
num_arena_births: 774.
num_arena_deaths: 30.
num_vsnodes_births: 2.
num_vsnodes_deaths: 0.
num_space_committed: 625.
num_space_uncommitted: 0.
num_chunks_returned_to_freelist: 37.
num_chunks_taken_from_freelist: 2517.
num_chunk_merges: 11.
num_chunk_splits: 1528.
num_chunks_enlarged: 875.
num_inconsistent_stats: 0.

CodeHeap 'non-profiled nmethods': size=120000Kb used=2314Kb max_used=2550Kb free=117685Kb
 bounds [0x000001f424940000, 0x000001f424bc0000, 0x000001f42be70000]
CodeHeap 'profiled nmethods': size=120000Kb used=9311Kb max_used=9987Kb free=110688Kb
 bounds [0x000001f41ce70000, 0x000001f41d840000, 0x000001f4243a0000]
CodeHeap 'non-nmethods': size=5760Kb used=1370Kb max_used=1412Kb free=4389Kb
 bounds [0x000001f4243a0000, 0x000001f424610000, 0x000001f424940000]
CodeCache: size=245760Kb, used=12995Kb, max_used=13949Kb, free=232762Kb
 total_blobs=5120, nmethods=4462, adapters=564, full_count=0
Compilation: enabled, stopped_count=0, restarted_count=0

Compilation events (20 events):
Event: 8.461 Thread 0x000001f419bffa10 nmethod 5042 0x000001f41d24c810 code [0x000001f41d24ca60, 0x000001f41d24d450]
Event: 8.464 Thread 0x000001f419bffa10 5039   !   3       java.util.zip.ZipFile$Source::get (177 bytes)
Event: 8.469 Thread 0x000001f419bffa10 nmethod 5039 0x000001f41d3cbb90 code [0x000001f41d3cbe80, 0x000001f41d3ccf80]
Event: 8.470 Thread 0x000001f419bffa10 5040       3       java.nio.file.Files::readAttributes (11 bytes)
Event: 8.471 Thread 0x000001f419bffa10 nmethod 5040 0x000001f41d24c210 code [0x000001f41d24c3e0, 0x000001f41d24c680]
Event: 8.472 Thread 0x000001f419bffa10 5037       3       java.nio.charset.CharsetDecoder::implReplaceWith (1 bytes)
Event: 8.472 Thread 0x000001f419bffa10 nmethod 5037 0x000001f41cefe690 code [0x000001f41cefe820, 0x000001f41cefe928]
Event: 8.473 Thread 0x000001f419bffa10 5044  s!   3       jdk.internal.loader.URLClassPath::getLoader (194 bytes)
Event: 8.476 Thread 0x000001f419bffa10 nmethod 5044 0x000001f41d058490 code [0x000001f41d058780, 0x000001f41d059b78]
Event: 8.489 Thread 0x000001f47a8f0020 nmethod 4965 0x000001f4249b5790 code [0x000001f4249b5980, 0x000001f4249b6338]
Event: 8.489 Thread 0x000001f47a8f0020 5043       4       java.util.Comparator$$Lambda/0x000001f432023af0::compare (16 bytes)
Event: 8.499 Thread 0x000001f47a8f0020 nmethod 5043 0x000001f42499c510 code [0x000001f42499c6c0, 0x000001f42499c8b0]
Event: 8.503 Thread 0x000001f47a8f0020 5046       4       java.util.regex.Pattern::atom (422 bytes)
Event: 8.511 Thread 0x000001f419bffa10 5048       1       com.google.inject.internal.MoreTypes$ParameterizedTypeImpl::getRawType (5 bytes)
Event: 8.512 Thread 0x000001f419bffa10 nmethod 5048 0x000001f424a1c190 code [0x000001f424a1c320, 0x000001f424a1c3e8]
Event: 8.513 Thread 0x000001f419bffa10 5049       3       sun.reflect.generics.parser.SignatureParser::parseTypeSig (10 bytes)
Event: 8.514 Thread 0x000001f419bffa10 nmethod 5049 0x000001f41cf72c90 code [0x000001f41cf72e40, 0x000001f41cf73000]
Event: 8.516 Thread 0x000001f419bffa10 5050       3       sun.reflect.annotation.AnnotationParser::toClass (34 bytes)
Event: 8.518 Thread 0x000001f419bffa10 nmethod 5050 0x000001f41d081090 code [0x000001f41d0812e0, 0x000001f41d081d50]
Event: 8.859 Thread 0x000001f419bffa10 5052       3       org.eclipse.core.internal.jobs.JobQueue::peek (26 bytes)

GC Heap History (20 events):
Event: 4.001 GC heap before
{Heap before GC invocations=7 (full 0):
 PSYoungGen      total 30720K, used 29545K [0x00000000d5580000, 0x00000000d7a00000, 0x0000000100000000)
  eden space 24576K, 95% used [0x00000000d5580000,0x00000000d6c871c8,0x00000000d6d80000)
  from space 6144K, 97% used [0x00000000d7400000,0x00000000d79d3330,0x00000000d7a00000)
  to   space 6144K, 0% used [0x00000000d6e00000,0x00000000d6e00000,0x00000000d7400000)
 ParOldGen       total 68608K, used 8217K [0x0000000080000000, 0x0000000084300000, 0x00000000d5580000)
  object space 68608K, 11% used [0x0000000080000000,0x0000000080806608,0x0000000084300000)
 Metaspace       used 20673K, committed 21504K, reserved 1114112K
  class space    used 2197K, committed 2560K, reserved 1048576K
}
Event: 4.010 GC heap after
{Heap after GC invocations=7 (full 0):
 PSYoungGen      total 29696K, used 5048K [0x00000000d5580000, 0x00000000d7880000, 0x0000000100000000)
  eden space 24576K, 0% used [0x00000000d5580000,0x00000000d5580000,0x00000000d6d80000)
  from space 5120K, 98% used [0x00000000d6e00000,0x00000000d72ee248,0x00000000d7300000)
  to   space 5632K, 0% used [0x00000000d7300000,0x00000000d7300000,0x00000000d7880000)
 ParOldGen       total 68608K, used 9637K [0x0000000080000000, 0x0000000084300000, 0x00000000d5580000)
  object space 68608K, 14% used [0x0000000080000000,0x0000000080969580,0x0000000084300000)
 Metaspace       used 20673K, committed 21504K, reserved 1114112K
  class space    used 2197K, committed 2560K, reserved 1048576K
}
Event: 4.010 GC heap before
{Heap before GC invocations=8 (full 1):
 PSYoungGen      total 29696K, used 5048K [0x00000000d5580000, 0x00000000d7880000, 0x0000000100000000)
  eden space 24576K, 0% used [0x00000000d5580000,0x00000000d5580000,0x00000000d6d80000)
  from space 5120K, 98% used [0x00000000d6e00000,0x00000000d72ee248,0x00000000d7300000)
  to   space 5632K, 0% used [0x00000000d7300000,0x00000000d7300000,0x00000000d7880000)
 ParOldGen       total 68608K, used 9637K [0x0000000080000000, 0x0000000084300000, 0x00000000d5580000)
  object space 68608K, 14% used [0x0000000080000000,0x0000000080969580,0x0000000084300000)
 Metaspace       used 20673K, committed 21504K, reserved 1114112K
  class space    used 2197K, committed 2560K, reserved 1048576K
}
Event: 4.068 GC heap after
{Heap after GC invocations=8 (full 1):
 PSYoungGen      total 29696K, used 0K [0x00000000d5580000, 0x00000000d7880000, 0x0000000100000000)
  eden space 24576K, 0% used [0x00000000d5580000,0x00000000d5580000,0x00000000d6d80000)
  from space 5120K, 0% used [0x00000000d6e00000,0x00000000d6e00000,0x00000000d7300000)
  to   space 5632K, 0% used [0x00000000d7300000,0x00000000d7300000,0x00000000d7880000)
 ParOldGen       total 68608K, used 14051K [0x0000000080000000, 0x0000000084300000, 0x00000000d5580000)
  object space 68608K, 20% used [0x0000000080000000,0x0000000080db8c40,0x0000000084300000)
 Metaspace       used 20661K, committed 21504K, reserved 1114112K
  class space    used 2193K, committed 2560K, reserved 1048576K
}
Event: 4.537 GC heap before
{Heap before GC invocations=9 (full 1):
 PSYoungGen      total 29696K, used 24440K [0x00000000d5580000, 0x00000000d7880000, 0x0000000100000000)
  eden space 24576K, 99% used [0x00000000d5580000,0x00000000d6d5e378,0x00000000d6d80000)
  from space 5120K, 0% used [0x00000000d6e00000,0x00000000d6e00000,0x00000000d7300000)
  to   space 5632K, 0% used [0x00000000d7300000,0x00000000d7300000,0x00000000d7880000)
 ParOldGen       total 68608K, used 14051K [0x0000000080000000, 0x0000000084300000, 0x00000000d5580000)
  object space 68608K, 20% used [0x0000000080000000,0x0000000080db8c40,0x0000000084300000)
 Metaspace       used 22797K, committed 23680K, reserved 1114112K
  class space    used 2377K, committed 2752K, reserved 1048576K
}
Event: 4.539 GC heap after
{Heap after GC invocations=9 (full 1):
 PSYoungGen      total 25600K, used 1094K [0x00000000d5580000, 0x00000000d7480000, 0x0000000100000000)
  eden space 24064K, 0% used [0x00000000d5580000,0x00000000d5580000,0x00000000d6d00000)
  from space 1536K, 71% used [0x00000000d7300000,0x00000000d7411bf0,0x00000000d7480000)
  to   space 3072K, 0% used [0x00000000d6e80000,0x00000000d6e80000,0x00000000d7180000)
 ParOldGen       total 68608K, used 14059K [0x0000000080000000, 0x0000000084300000, 0x00000000d5580000)
  object space 68608K, 20% used [0x0000000080000000,0x0000000080dbac40,0x0000000084300000)
 Metaspace       used 22797K, committed 23680K, reserved 1114112K
  class space    used 2377K, committed 2752K, reserved 1048576K
}
Event: 5.080 GC heap before
{Heap before GC invocations=10 (full 1):
 PSYoungGen      total 25600K, used 25158K [0x00000000d5580000, 0x00000000d7480000, 0x0000000100000000)
  eden space 24064K, 100% used [0x00000000d5580000,0x00000000d6d00000,0x00000000d6d00000)
  from space 1536K, 71% used [0x00000000d7300000,0x00000000d7411bf0,0x00000000d7480000)
  to   space 3072K, 0% used [0x00000000d6e80000,0x00000000d6e80000,0x00000000d7180000)
 ParOldGen       total 68608K, used 14059K [0x0000000080000000, 0x0000000084300000, 0x00000000d5580000)
  object space 68608K, 20% used [0x0000000080000000,0x0000000080dbac40,0x0000000084300000)
 Metaspace       used 26428K, committed 27392K, reserved 1114112K
  class space    used 2665K, committed 3072K, reserved 1048576K
}
Event: 5.083 GC heap after
{Heap after GC invocations=10 (full 1):
 PSYoungGen      total 26624K, used 1486K [0x00000000d5580000, 0x00000000d7380000, 0x0000000100000000)
  eden space 23552K, 0% used [0x00000000d5580000,0x00000000d5580000,0x00000000d6c80000)
  from space 3072K, 48% used [0x00000000d6e80000,0x00000000d6ff3be0,0x00000000d7180000)
  to   space 2048K, 0% used [0x00000000d7180000,0x00000000d7180000,0x00000000d7380000)
 ParOldGen       total 68608K, used 14067K [0x0000000080000000, 0x0000000084300000, 0x00000000d5580000)
  object space 68608K, 20% used [0x0000000080000000,0x0000000080dbcc40,0x0000000084300000)
 Metaspace       used 26428K, committed 27392K, reserved 1114112K
  class space    used 2665K, committed 3072K, reserved 1048576K
}
Event: 5.487 GC heap before
{Heap before GC invocations=11 (full 1):
 PSYoungGen      total 26624K, used 25038K [0x00000000d5580000, 0x00000000d7380000, 0x0000000100000000)
  eden space 23552K, 100% used [0x00000000d5580000,0x00000000d6c80000,0x00000000d6c80000)
  from space 3072K, 48% used [0x00000000d6e80000,0x00000000d6ff3be0,0x00000000d7180000)
  to   space 2048K, 0% used [0x00000000d7180000,0x00000000d7180000,0x00000000d7380000)
 ParOldGen       total 68608K, used 14067K [0x0000000080000000, 0x0000000084300000, 0x00000000d5580000)
  object space 68608K, 20% used [0x0000000080000000,0x0000000080dbcc40,0x0000000084300000)
 Metaspace       used 28160K, committed 29120K, reserved 1114112K
  class space    used 2834K, committed 3264K, reserved 1048576K
}
Event: 5.491 GC heap after
{Heap after GC invocations=11 (full 1):
 PSYoungGen      total 25088K, used 1787K [0x00000000d5580000, 0x00000000d7380000, 0x0000000100000000)
  eden space 23040K, 0% used [0x00000000d5580000,0x00000000d5580000,0x00000000d6c00000)
  from space 2048K, 87% used [0x00000000d7180000,0x00000000d733eda0,0x00000000d7380000)
  to   space 2048K, 0% used [0x00000000d6f80000,0x00000000d6f80000,0x00000000d7180000)
 ParOldGen       total 68608K, used 15836K [0x0000000080000000, 0x0000000084300000, 0x00000000d5580000)
  object space 68608K, 23% used [0x0000000080000000,0x0000000080f77048,0x0000000084300000)
 Metaspace       used 28160K, committed 29120K, reserved 1114112K
  class space    used 2834K, committed 3264K, reserved 1048576K
}
Event: 6.600 GC heap before
{Heap before GC invocations=12 (full 1):
 PSYoungGen      total 25088K, used 24827K [0x00000000d5580000, 0x00000000d7380000, 0x0000000100000000)
  eden space 23040K, 100% used [0x00000000d5580000,0x00000000d6c00000,0x00000000d6c00000)
  from space 2048K, 87% used [0x00000000d7180000,0x00000000d733eda0,0x00000000d7380000)
  to   space 2048K, 0% used [0x00000000d6f80000,0x00000000d6f80000,0x00000000d7180000)
 ParOldGen       total 68608K, used 15836K [0x0000000080000000, 0x0000000084300000, 0x00000000d5580000)
  object space 68608K, 23% used [0x0000000080000000,0x0000000080f77048,0x0000000084300000)
 Metaspace       used 30845K, committed 31872K, reserved 1114112K
  class space    used 3157K, committed 3648K, reserved 1048576K
}
Event: 6.604 GC heap after
{Heap after GC invocations=12 (full 1):
 PSYoungGen      total 24064K, used 1279K [0x00000000d5580000, 0x00000000d7200000, 0x0000000100000000)
  eden space 22528K, 0% used [0x00000000d5580000,0x00000000d5580000,0x00000000d6b80000)
  from space 1536K, 83% used [0x00000000d6f80000,0x00000000d70bfd08,0x00000000d7100000)
  to   space 1024K, 0% used [0x00000000d7100000,0x00000000d7100000,0x00000000d7200000)
 ParOldGen       total 68608K, used 17480K [0x0000000080000000, 0x0000000084300000, 0x00000000d5580000)
  object space 68608K, 25% used [0x0000000080000000,0x0000000081112028,0x0000000084300000)
 Metaspace       used 30845K, committed 31872K, reserved 1114112K
  class space    used 3157K, committed 3648K, reserved 1048576K
}
Event: 7.297 GC heap before
{Heap before GC invocations=13 (full 1):
 PSYoungGen      total 24064K, used 23807K [0x00000000d5580000, 0x00000000d7200000, 0x0000000100000000)
  eden space 22528K, 100% used [0x00000000d5580000,0x00000000d6b80000,0x00000000d6b80000)
  from space 1536K, 83% used [0x00000000d6f80000,0x00000000d70bfd08,0x00000000d7100000)
  to   space 1024K, 0% used [0x00000000d7100000,0x00000000d7100000,0x00000000d7200000)
 ParOldGen       total 68608K, used 17480K [0x0000000080000000, 0x0000000084300000, 0x00000000d5580000)
  object space 68608K, 25% used [0x0000000080000000,0x0000000081112028,0x0000000084300000)
 Metaspace       used 33350K, committed 34432K, reserved 1114112K
  class space    used 3444K, committed 3904K, reserved 1048576K
}
Event: 7.300 GC heap after
{Heap after GC invocations=13 (full 1):
 PSYoungGen      total 23040K, used 1005K [0x00000000d5580000, 0x00000000d7200000, 0x0000000100000000)
  eden space 22016K, 0% used [0x00000000d5580000,0x00000000d5580000,0x00000000d6b00000)
  from space 1024K, 98% used [0x00000000d7100000,0x00000000d71fb460,0x00000000d7200000)
  to   space 2560K, 0% used [0x00000000d6d00000,0x00000000d6d00000,0x00000000d6f80000)
 ParOldGen       total 68608K, used 18648K [0x0000000080000000, 0x0000000084300000, 0x00000000d5580000)
  object space 68608K, 27% used [0x0000000080000000,0x0000000081236060,0x0000000084300000)
 Metaspace       used 33350K, committed 34432K, reserved 1114112K
  class space    used 3444K, committed 3904K, reserved 1048576K
}
Event: 7.577 GC heap before
{Heap before GC invocations=14 (full 1):
 PSYoungGen      total 23040K, used 15191K [0x00000000d5580000, 0x00000000d7200000, 0x0000000100000000)
  eden space 22016K, 64% used [0x00000000d5580000,0x00000000d635a880,0x00000000d6b00000)
  from space 1024K, 98% used [0x00000000d7100000,0x00000000d71fb460,0x00000000d7200000)
  to   space 2560K, 0% used [0x00000000d6d00000,0x00000000d6d00000,0x00000000d6f80000)
 ParOldGen       total 68608K, used 18648K [0x0000000080000000, 0x0000000084300000, 0x00000000d5580000)
  object space 68608K, 27% used [0x0000000080000000,0x0000000081236060,0x0000000084300000)
 Metaspace       used 34762K, committed 35840K, reserved 1114112K
  class space    used 3610K, committed 4032K, reserved 1048576K
}
Event: 7.581 GC heap after
{Heap after GC invocations=14 (full 1):
 PSYoungGen      total 24576K, used 1646K [0x00000000d5580000, 0x00000000d7180000, 0x0000000100000000)
  eden space 22016K, 0% used [0x00000000d5580000,0x00000000d5580000,0x00000000d6b00000)
  from space 2560K, 64% used [0x00000000d6d00000,0x00000000d6e9b8e8,0x00000000d6f80000)
  to   space 2048K, 0% used [0x00000000d6f80000,0x00000000d6f80000,0x00000000d7180000)
 ParOldGen       total 68608K, used 19589K [0x0000000080000000, 0x0000000084300000, 0x00000000d5580000)
  object space 68608K, 28% used [0x0000000080000000,0x00000000813214f8,0x0000000084300000)
 Metaspace       used 34762K, committed 35840K, reserved 1114112K
  class space    used 3610K, committed 4032K, reserved 1048576K
}
Event: 7.581 GC heap before
{Heap before GC invocations=15 (full 2):
 PSYoungGen      total 24576K, used 1646K [0x00000000d5580000, 0x00000000d7180000, 0x0000000100000000)
  eden space 22016K, 0% used [0x00000000d5580000,0x00000000d5580000,0x00000000d6b00000)
  from space 2560K, 64% used [0x00000000d6d00000,0x00000000d6e9b8e8,0x00000000d6f80000)
  to   space 2048K, 0% used [0x00000000d6f80000,0x00000000d6f80000,0x00000000d7180000)
 ParOldGen       total 68608K, used 19589K [0x0000000080000000, 0x0000000084300000, 0x00000000d5580000)
  object space 68608K, 28% used [0x0000000080000000,0x00000000813214f8,0x0000000084300000)
 Metaspace       used 34762K, committed 35840K, reserved 1114112K
  class space    used 3610K, committed 4032K, reserved 1048576K
}
Event: 7.646 GC heap after
{Heap after GC invocations=15 (full 2):
 PSYoungGen      total 24576K, used 0K [0x00000000d5580000, 0x00000000d7180000, 0x0000000100000000)
  eden space 22016K, 0% used [0x00000000d5580000,0x00000000d5580000,0x00000000d6b00000)
  from space 2560K, 0% used [0x00000000d6d00000,0x00000000d6d00000,0x00000000d6f80000)
  to   space 2048K, 0% used [0x00000000d6f80000,0x00000000d6f80000,0x00000000d7180000)
 ParOldGen       total 68608K, used 20201K [0x0000000080000000, 0x0000000084300000, 0x00000000d5580000)
  object space 68608K, 29% used [0x0000000080000000,0x00000000813ba718,0x0000000084300000)
 Metaspace       used 34748K, committed 35840K, reserved 1114112K
  class space    used 3606K, committed 4032K, reserved 1048576K
}
Event: 8.104 GC heap before
{Heap before GC invocations=16 (full 2):
 PSYoungGen      total 24576K, used 22016K [0x00000000d5580000, 0x00000000d7180000, 0x0000000100000000)
  eden space 22016K, 100% used [0x00000000d5580000,0x00000000d6b00000,0x00000000d6b00000)
  from space 2560K, 0% used [0x00000000d6d00000,0x00000000d6d00000,0x00000000d6f80000)
  to   space 2048K, 0% used [0x00000000d6f80000,0x00000000d6f80000,0x00000000d7180000)
 ParOldGen       total 68608K, used 20201K [0x0000000080000000, 0x0000000084300000, 0x00000000d5580000)
  object space 68608K, 29% used [0x0000000080000000,0x00000000813ba718,0x0000000084300000)
 Metaspace       used 36962K, committed 38016K, reserved 1114112K
  class space    used 3906K, committed 4352K, reserved 1048576K
}
Event: 8.108 GC heap after
{Heap after GC invocations=16 (full 2):
 PSYoungGen      total 24064K, used 1696K [0x00000000d5580000, 0x00000000d7180000, 0x0000000100000000)
  eden space 22016K, 0% used [0x00000000d5580000,0x00000000d5580000,0x00000000d6b00000)
  from space 2048K, 82% used [0x00000000d6f80000,0x00000000d7128000,0x00000000d7180000)
  to   space 2048K, 0% used [0x00000000d6d80000,0x00000000d6d80000,0x00000000d6f80000)
 ParOldGen       total 68608K, used 20209K [0x0000000080000000, 0x0000000084300000, 0x00000000d5580000)
  object space 68608K, 29% used [0x0000000080000000,0x00000000813bc718,0x0000000084300000)
 Metaspace       used 36962K, committed 38016K, reserved 1114112K
  class space    used 3906K, committed 4352K, reserved 1048576K
}

Dll operation events (10 events):
Event: 0.013 Loaded shared library c:\Users\82103\.cursor\extensions\redhat.java-1.51.0-win32-x64\jre\21.0.9-win32-x86_64\bin\java.dll
Event: 0.046 Loaded shared library c:\Users\82103\.cursor\extensions\redhat.java-1.51.0-win32-x64\jre\21.0.9-win32-x86_64\bin\zip.dll
Event: 0.100 Loaded shared library C:\Users\82103\.cursor\extensions\redhat.java-1.51.0-win32-x64\jre\21.0.9-win32-x86_64\bin\instrument.dll
Event: 0.104 Loaded shared library C:\Users\82103\.cursor\extensions\redhat.java-1.51.0-win32-x64\jre\21.0.9-win32-x86_64\bin\net.dll
Event: 0.106 Loaded shared library C:\Users\82103\.cursor\extensions\redhat.java-1.51.0-win32-x64\jre\21.0.9-win32-x86_64\bin\nio.dll
Event: 0.108 Loaded shared library C:\Users\82103\.cursor\extensions\redhat.java-1.51.0-win32-x64\jre\21.0.9-win32-x86_64\bin\zip.dll
Event: 0.121 Loaded shared library C:\Users\82103\.cursor\extensions\redhat.java-1.51.0-win32-x64\jre\21.0.9-win32-x86_64\bin\jimage.dll
Event: 0.178 Loaded shared library c:\Users\82103\.cursor\extensions\redhat.java-1.51.0-win32-x64\jre\21.0.9-win32-x86_64\bin\verify.dll
Event: 1.231 Loaded shared library C:\Users\82103\AppData\Roaming\Cursor\User\globalStorage\redhat.java\1.51.0\config_win\org.eclipse.equinox.launcher\org.eclipse.equinox.launcher.win32.win32.x86_64_1.2.1400.v20250801-0854\eclipse_11916.dll
Event: 3.119 Loaded shared library C:\Users\82103\AppData\Local\Temp\jna-53255354\jna469316701049636429.dll

Deoptimization events (20 events):
Event: 7.799 Thread 0x000001f47a13c500 DEOPT PACKING pc=0x000001f424b6f348 sp=0x000000e2e9cff450
Event: 7.799 Thread 0x000001f47a13c500 DEOPT UNPACKING pc=0x000001f4243f6da2 sp=0x000000e2e9cff390 mode 2
Event: 7.849 Thread 0x000001f47a139da0 Uncommon trap: trap_request=0xffffff45 fr.pc=0x000001f424bb6618 relative=0x0000000000000998
Event: 7.849 Thread 0x000001f47a139da0 Uncommon trap: reason=unstable_if action=reinterpret pc=0x000001f424bb6618 method=java.util.concurrent.locks.ReentrantReadWriteLock$Sync.tryReleaseShared(I)Z @ 129 c2
Event: 7.849 Thread 0x000001f47a139da0 DEOPT PACKING pc=0x000001f424bb6618 sp=0x000000e2e91fdb60
Event: 7.849 Thread 0x000001f47a139da0 DEOPT UNPACKING pc=0x000001f4243f6da2 sp=0x000000e2e91fd7e8 mode 2
Event: 8.158 Thread 0x000001f478703260 Uncommon trap: trap_request=0xffffffc6 fr.pc=0x000001f424a408c8 relative=0x0000000000000f68
Event: 8.158 Thread 0x000001f478703260 Uncommon trap: reason=bimorphic_or_optimized_type_check action=maybe_recompile pc=0x000001f424a408c8 method=java.util.Properties$LineReader.readLine()I @ 479 c2
Event: 8.158 Thread 0x000001f478703260 DEOPT PACKING pc=0x000001f424a408c8 sp=0x000000e2e8bfd840
Event: 8.158 Thread 0x000001f478703260 DEOPT UNPACKING pc=0x000001f4243f6da2 sp=0x000000e2e8bfd7d8 mode 2
Event: 8.159 Thread 0x000001f478703260 Uncommon trap: trap_request=0xffffffc6 fr.pc=0x000001f424a408c8 relative=0x0000000000000f68
Event: 8.169 Thread 0x000001f478703260 Uncommon trap: reason=bimorphic_or_optimized_type_check action=maybe_recompile pc=0x000001f424a408c8 method=java.util.Properties$LineReader.readLine()I @ 479 c2
Event: 8.180 Thread 0x000001f478703260 DEOPT PACKING pc=0x000001f424a408c8 sp=0x000000e2e8bfd840
Event: 8.183 Thread 0x000001f478703260 DEOPT UNPACKING pc=0x000001f4243f6da2 sp=0x000000e2e8bfd7d8 mode 2
Event: 8.194 Thread 0x000001f478703260 Uncommon trap: trap_request=0xffffffc6 fr.pc=0x000001f424a408c8 relative=0x0000000000000f68
Event: 8.194 Thread 0x000001f478703260 Uncommon trap: reason=bimorphic_or_optimized_type_check action=maybe_recompile pc=0x000001f424a408c8 method=java.util.Properties$LineReader.readLine()I @ 479 c2
Event: 8.194 Thread 0x000001f478703260 DEOPT PACKING pc=0x000001f424a408c8 sp=0x000000e2e8bfd840
Event: 8.194 Thread 0x000001f478703260 DEOPT UNPACKING pc=0x000001f4243f6da2 sp=0x000000e2e8bfd7d8 mode 2
Event: 8.201 Thread 0x000001f478703260 DEOPT PACKING pc=0x000001f41cf3126e sp=0x000000e2e8bfd760
Event: 8.201 Thread 0x000001f478703260 DEOPT UNPACKING pc=0x000001f4243f78e2 sp=0x000000e2e8bfcce0 mode 0

Classes loaded (20 events):
Event: 8.426 Loading class jdk/internal/vm/annotation/IntrinsicCandidate
Event: 8.426 Loading class jdk/internal/vm/annotation/IntrinsicCandidate done
Event: 8.430 Loading class java/nio/file/spi/FileSystemProvider$1
Event: 8.431 Loading class java/nio/file/spi/FileSystemProvider$1 done
Event: 8.436 Loading class java/nio/file/ProviderMismatchException
Event: 8.436 Loading class java/nio/file/ProviderMismatchException done
Event: 8.441 Loading class jdk/internal/jrtfs/JrtFileSystemProvider
Event: 8.444 Loading class jdk/internal/jrtfs/JrtFileSystemProvider done
Event: 8.447 Loading class jdk/internal/jrtfs/JrtFileSystemProvider$1
Event: 8.448 Loading class jdk/internal/jrtfs/JrtFileSystemProvider$1 done
Event: 8.448 Loading class jdk/internal/jrtfs/JrtFileSystemProvider$JrtFsLoader
Event: 8.449 Loading class jdk/internal/jrtfs/JrtFileSystemProvider$JrtFsLoader done
Event: 8.475 Loading class java/nio/file/InvalidPathException
Event: 8.475 Loading class java/nio/file/InvalidPathException done
Event: 8.475 Loading class java/nio/file/ClosedFileSystemException
Event: 8.475 Loading class java/nio/file/ClosedFileSystemException done
Event: 8.475 Loading class java/nio/file/ReadOnlyFileSystemException
Event: 8.476 Loading class java/nio/file/ReadOnlyFileSystemException done
Event: 8.476 Loading class java/nio/file/NotDirectoryException
Event: 8.476 Loading class java/nio/file/NotDirectoryException done

Classes unloaded (15 events):
Event: 4.020 Thread 0x000001f419be1de0 Unloading class 0x000001f4321ab000 'java/lang/invoke/LambdaForm$MH+0x000001f4321ab000'
Event: 4.020 Thread 0x000001f419be1de0 Unloading class 0x000001f4321aac00 'java/lang/invoke/LambdaForm$MH+0x000001f4321aac00'
Event: 4.020 Thread 0x000001f419be1de0 Unloading class 0x000001f4321aa800 'java/lang/invoke/LambdaForm$MH+0x000001f4321aa800'
Event: 4.020 Thread 0x000001f419be1de0 Unloading class 0x000001f4321aa400 'java/lang/invoke/LambdaForm$MH+0x000001f4321aa400'
Event: 4.020 Thread 0x000001f419be1de0 Unloading class 0x000001f4321aa000 'java/lang/invoke/LambdaForm$BMH+0x000001f4321aa000'
Event: 4.020 Thread 0x000001f419be1de0 Unloading class 0x000001f4321a9c00 'java/lang/invoke/LambdaForm$DMH+0x000001f4321a9c00'
Event: 4.020 Thread 0x000001f419be1de0 Unloading class 0x000001f4321a8c00 'java/lang/invoke/LambdaForm$DMH+0x000001f4321a8c00'
Event: 7.592 Thread 0x000001f419be1de0 Unloading class 0x000001f43230c400 'java/lang/invoke/LambdaForm$MH+0x000001f43230c400'
Event: 7.592 Thread 0x000001f419be1de0 Unloading class 0x000001f43230c000 'java/lang/invoke/LambdaForm$MH+0x000001f43230c000'
Event: 7.592 Thread 0x000001f419be1de0 Unloading class 0x000001f43230ac00 'java/lang/invoke/LambdaForm$MH+0x000001f43230ac00'
Event: 7.592 Thread 0x000001f419be1de0 Unloading class 0x000001f432303800 'java/lang/invoke/LambdaForm$MH+0x000001f432303800'
Event: 7.592 Thread 0x000001f419be1de0 Unloading class 0x000001f432302c00 'java/lang/invoke/LambdaForm$MH+0x000001f432302c00'
Event: 7.592 Thread 0x000001f419be1de0 Unloading class 0x000001f432302400 'java/lang/invoke/LambdaForm$MH+0x000001f432302400'
Event: 7.592 Thread 0x000001f419be1de0 Unloading class 0x000001f432301c00 'java/lang/invoke/LambdaForm$MH+0x000001f432301c00'
Event: 7.592 Thread 0x000001f419be1de0 Unloading class 0x000001f432300c00 'java/lang/invoke/LambdaForm$MH+0x000001f432300c00'

Classes redefined (0 events):
No events

Internal exceptions (20 events):
Event: 7.434 Thread 0x000001f478703260 Exception <a 'sun/nio/fs/WindowsException'{0x00000000d5cec6a8}> (0x00000000d5cec6a8) 
thrown [s\src\hotspot\share\prims\jni.cpp, line 520]
Event: 7.435 Thread 0x000001f478703260 Exception <a 'sun/nio/fs/WindowsException'{0x00000000d5cecf98}> (0x00000000d5cecf98) 
thrown [s\src\hotspot\share\prims\jni.cpp, line 520]
Event: 7.435 Thread 0x000001f478703260 Exception <a 'sun/nio/fs/WindowsException'{0x00000000d5cedcb8}> (0x00000000d5cedcb8) 
thrown [s\src\hotspot\share\prims\jni.cpp, line 520]
Event: 7.435 Thread 0x000001f478703260 Exception <a 'sun/nio/fs/WindowsException'{0x00000000d5cee5a8}> (0x00000000d5cee5a8) 
thrown [s\src\hotspot\share\prims\jni.cpp, line 520]
Event: 7.437 Thread 0x000001f478703260 Exception <a 'sun/nio/fs/WindowsException'{0x00000000d5cefed0}> (0x00000000d5cefed0) 
thrown [s\src\hotspot\share\prims\jni.cpp, line 520]
Event: 7.437 Thread 0x000001f478703260 Exception <a 'sun/nio/fs/WindowsException'{0x00000000d5cf07c0}> (0x00000000d5cf07c0) 
thrown [s\src\hotspot\share\prims\jni.cpp, line 520]
Event: 7.447 Thread 0x000001f47a13a430 Exception <a 'java/lang/NoSuchMethodError'{0x00000000d5d911e0}: 'void java.lang.invoke.DirectMethodHandle$Holder.invokeStaticInit(java.lang.Object, java.lang.Object, java.lang.Object, java.lang.Object)'> (0x00000000d5d911e0) 
thrown [s\src\hotspot\share\interpreter\linkResolver.cpp, line 773]
Event: 7.461 Thread 0x000001f478703260 Exception <a 'java/lang/NoSuchMethodError'{0x00000000d5e34590}: 'void java.lang.invoke.DirectMethodHandle$Holder.invokeVirtual(java.lang.Object, java.lang.Object, java.lang.Object, java.lang.Object)'> (0x00000000d5e34590) 
thrown [s\src\hotspot\share\interpreter\linkResolver.cpp, line 773]
Event: 7.729 Thread 0x000001f419c6c250 Exception <a 'java/lang/NoSuchMethodError'{0x00000000d5a59b08}: 'java.lang.Object java.lang.invoke.DirectMethodHandle$Holder.invokeStatic(java.lang.Object, long, java.lang.Object)'> (0x00000000d5a59b08) 
thrown [s\src\hotspot\share\interpreter\linkResolver.cpp, line 773]
Event: 7.734 Thread 0x000001f419c6c250 Exception <a 'java/lang/NoSuchMethodError'{0x00000000d5a80550}: 'java.lang.Object java.lang.invoke.DirectMethodHandle$Holder.invokeStaticInit(java.lang.Object, long, java.lang.Object)'> (0x00000000d5a80550) 
thrown [s\src\hotspot\share\interpreter\linkResolver.cpp, line 773]
Event: 7.741 Thread 0x000001f419c6c250 Exception <a 'java/lang/NoSuchMethodError'{0x00000000d5ab49e8}: 'java.lang.Object java.lang.invoke.DirectMethodHandle$Holder.newInvokeSpecial(java.lang.Object, long)'> (0x00000000d5ab49e8) 
thrown [s\src\hotspot\share\interpreter\linkResolver.cpp, line 773]
Event: 7.772 Thread 0x000001f47a139da0 Exception <a 'java/io/FileNotFoundException'{0x00000000d5bf8e98}> (0x00000000d5bf8e98) 
thrown [s\src\hotspot\share\prims\jni.cpp, line 520]
Event: 8.276 Thread 0x000001f478703260 Exception <a 'sun/nio/fs/WindowsException'{0x00000000d59d4ae8}> (0x00000000d59d4ae8) 
thrown [s\src\hotspot\share\prims\jni.cpp, line 520]
Event: 8.276 Thread 0x000001f478703260 Exception <a 'sun/nio/fs/WindowsException'{0x00000000d59d53e8}> (0x00000000d59d53e8) 
thrown [s\src\hotspot\share\prims\jni.cpp, line 520]
Event: 8.280 Thread 0x000001f478703260 Exception <a 'sun/nio/fs/WindowsException'{0x00000000d5a2f088}> (0x00000000d5a2f088) 
thrown [s\src\hotspot\share\prims\jni.cpp, line 520]
Event: 8.280 Thread 0x000001f478703260 Exception <a 'sun/nio/fs/WindowsException'{0x00000000d5a2f978}> (0x00000000d5a2f978) 
thrown [s\src\hotspot\share\prims\jni.cpp, line 520]
Event: 8.357 Thread 0x000001f478703260 Exception <a 'sun/nio/fs/WindowsException'{0x00000000d5c45e08}> (0x00000000d5c45e08) 
thrown [s\src\hotspot\share\prims\jni.cpp, line 520]
Event: 8.357 Thread 0x000001f478703260 Exception <a 'sun/nio/fs/WindowsException'{0x00000000d5c466f8}> (0x00000000d5c466f8) 
thrown [s\src\hotspot\share\prims\jni.cpp, line 520]
Event: 8.360 Thread 0x000001f478703260 Exception <a 'sun/nio/fs/WindowsException'{0x00000000d5c5bff8}> (0x00000000d5c5bff8) 
thrown [s\src\hotspot\share\prims\jni.cpp, line 520]
Event: 8.361 Thread 0x000001f478703260 Exception <a 'sun/nio/fs/WindowsException'{0x00000000d5c5c8e8}> (0x00000000d5c5c8e8) 
thrown [s\src\hotspot\share\prims\jni.cpp, line 520]

ZGC Phase Switch (0 events):
No events

VM Operations (20 events):
Event: 6.600 Executing VM operation: HandshakeAllThreads (Deoptimize) done
Event: 6.600 Executing VM operation: Cleanup
Event: 6.600 Executing VM operation: Cleanup done
Event: 6.600 Executing VM operation: ParallelGCFailedAllocation (Allocation Failure)
Event: 6.604 Executing VM operation: ParallelGCFailedAllocation (Allocation Failure) done
Event: 6.611 Executing VM operation: HandshakeAllThreads (Deoptimize)
Event: 6.612 Executing VM operation: HandshakeAllThreads (Deoptimize) done
Event: 7.038 Executing VM operation: HandshakeAllThreads (Deoptimize)
Event: 7.051 Executing VM operation: HandshakeAllThreads (Deoptimize) done
Event: 7.289 Executing VM operation: ParallelGCFailedAllocation (Allocation Failure)
Event: 7.300 Executing VM operation: ParallelGCFailedAllocation (Allocation Failure) done
Event: 7.575 Executing VM operation: CollectForMetadataAllocation (Metadata GC Threshold)
Event: 7.646 Executing VM operation: CollectForMetadataAllocation (Metadata GC Threshold) done
Event: 8.101 Executing VM operation: ParallelGCFailedAllocation (Allocation Failure)
Event: 8.108 Executing VM operation: ParallelGCFailedAllocation (Allocation Failure) done
Event: 8.420 Executing VM operation: HandshakeAllThreads (Deoptimize)
Event: 8.420 Executing VM operation: HandshakeAllThreads (Deoptimize) done
Event: 8.487 Executing VM operation: HandshakeAllThreads (Deoptimize)
Event: 8.488 Executing VM operation: HandshakeAllThreads (Deoptimize) done
Event: 9.488 Executing VM operation: Cleanup

Memory protections (0 events):
No events

Nmethod flushes (20 events):
Event: 7.610 Thread 0x000001f419be1de0 flushing  nmethod 0x000001f41d4e6690
Event: 7.610 Thread 0x000001f419be1de0 flushing  nmethod 0x000001f41d4e7890
Event: 7.610 Thread 0x000001f419be1de0 flushing  nmethod 0x000001f41d4e8a90
Event: 7.610 Thread 0x000001f419be1de0 flushing  nmethod 0x000001f41d4e9210
Event: 7.610 Thread 0x000001f419be1de0 flushing  nmethod 0x000001f41d4ea790
Event: 7.610 Thread 0x000001f419be1de0 flushing  nmethod 0x000001f41d4eb310
Event: 7.610 Thread 0x000001f419be1de0 flushing  nmethod 0x000001f41d4ec110
Event: 7.610 Thread 0x000001f419be1de0 flushing  nmethod 0x000001f41d4ee110
Event: 7.610 Thread 0x000001f419be1de0 flushing  nmethod 0x000001f41d4eed90
Event: 7.610 Thread 0x000001f419be1de0 flushing  nmethod 0x000001f41d4ef590
Event: 7.610 Thread 0x000001f419be1de0 flushing  nmethod 0x000001f41d4f0410
Event: 7.610 Thread 0x000001f419be1de0 flushing  nmethod 0x000001f41d4f9410
Event: 7.610 Thread 0x000001f419be1de0 flushing  nmethod 0x000001f41d50e590
Event: 7.610 Thread 0x000001f419be1de0 flushing  nmethod 0x000001f41d515510
Event: 7.610 Thread 0x000001f419be1de0 flushing  nmethod 0x000001f41d527710
Event: 7.610 Thread 0x000001f419be1de0 flushing  nmethod 0x000001f41d52c490
Event: 7.610 Thread 0x000001f419be1de0 flushing  nmethod 0x000001f41d52ff90
Event: 7.610 Thread 0x000001f419be1de0 flushing  nmethod 0x000001f41d537090
Event: 7.610 Thread 0x000001f419be1de0 flushing  nmethod 0x000001f41d58b790
Event: 7.610 Thread 0x000001f419be1de0 flushing  nmethod 0x000001f41d5a5e10

Events (20 events):
Event: 5.849 Thread 0x000001f479c1eb40 Thread exited: 0x000001f479c1eb40
Event: 6.041 Thread 0x000001f419bffa10 Thread added: 0x000001f47af3c850
Event: 6.062 Thread 0x000001f477d81360 Thread added: 0x000001f478702bd0
Event: 6.063 Thread 0x000001f478702540 Thread added: 0x000001f47a139da0
Event: 6.537 Thread 0x000001f47af3c850 Thread exited: 0x000001f47af3c850
Event: 6.785 Thread 0x000001f419bffa10 Thread added: 0x000001f47a8f0020
Event: 7.320 Thread 0x000001f47a139da0 Thread added: 0x000001f47a13a430
Event: 7.366 Thread 0x000001f47a13a430 Thread added: 0x000001f47a137640
Event: 7.433 Thread 0x000001f47a137640 Thread added: 0x000001f47a1389f0
Event: 7.777 Thread 0x000001f419c6c250 Thread added: 0x000001f47a136fb0
Event: 7.779 Thread 0x000001f419c6c250 Thread added: 0x000001f47a138360
Event: 7.780 Thread 0x000001f419c6c250 Thread added: 0x000001f47a137cd0
Event: 7.780 Thread 0x000001f419c6c250 Thread added: 0x000001f47a13b7e0
Event: 7.781 Thread 0x000001f419c6c250 Thread added: 0x000001f47a13aac0
Event: 7.783 Thread 0x000001f419c6c250 Thread added: 0x000001f47a13c500
Event: 7.785 Thread 0x000001f419c6c250 Thread added: 0x000001f47a13be70
Event: 7.787 Thread 0x000001f419c6c250 Thread added: 0x000001f47a139710
Event: 7.793 Thread 0x000001f419c6c250 Thread added: 0x000001f47a139080
Event: 8.089 Thread 0x000001f47a1389f0 Thread added: 0x000001f47a13d8b0
Event: 8.366 Thread 0x000001f419c6c250 Thread added: 0x000001f47a13e5d0


Dynamic libraries:
0x00007ff6a7340000 - 0x00007ff6a734e000 	c:\Users\82103\.cursor\extensions\redhat.java-1.51.0-win32-x64\jre\21.0.9-win32-x86_64\bin\java.exe
0x00007ff9bfdc0000 - 0x00007ff9c0028000 	C:\WINDOWS\SYSTEM32\ntdll.dll
0x00007ff9bdfc0000 - 0x00007ff9be089000 	C:\WINDOWS\System32\KERNEL32.DLL
0x00007ff9bd0f0000 - 0x00007ff9bd4dd000 	C:\WINDOWS\System32\KERNELBASE.dll
0x00007ff9bda10000 - 0x00007ff9bdb5b000 	C:\WINDOWS\System32\ucrtbase.dll
0x00007ff9a20e0000 - 0x00007ff9a20f8000 	c:\Users\82103\.cursor\extensions\redhat.java-1.51.0-win32-x64\jre\21.0.9-win32-x86_64\bin\jli.dll
0x00007ff9a2440000 - 0x00007ff9a245e000 	c:\Users\82103\.cursor\extensions\redhat.java-1.51.0-win32-x64\jre\21.0.9-win32-x86_64\bin\VCRUNTIME140.dll
0x00007ff9bdb70000 - 0x00007ff9bdd3c000 	C:\WINDOWS\System32\USER32.dll
0x00007ff9a1330000 - 0x00007ff9a15ca000 	C:\WINDOWS\WinSxS\amd64_microsoft.windows.common-controls_6595b64144ccf1df_6.0.26100.4484_none_3e0e6d4ce32ef3b3\COMCTL32.dll
0x00007ff9bd570000 - 0x00007ff9bd597000 	C:\WINDOWS\System32\win32u.dll
0x00007ff9bde40000 - 0x00007ff9bde6b000 	C:\WINDOWS\System32\GDI32.dll
0x00007ff9be3b0000 - 0x00007ff9be459000 	C:\WINDOWS\System32\msvcrt.dll
0x00007ff9bcfb0000 - 0x00007ff9bd0e7000 	C:\WINDOWS\System32\gdi32full.dll
0x00007ff9bd960000 - 0x00007ff9bda03000 	C:\WINDOWS\System32\msvcp_win.dll
0x00007ff9bdf00000 - 0x00007ff9bdf2f000 	C:\WINDOWS\System32\IMM32.DLL
0x00007ff9a9760000 - 0x00007ff9a976c000 	c:\Users\82103\.cursor\extensions\redhat.java-1.51.0-win32-x64\jre\21.0.9-win32-x86_64\bin\vcruntime140_1.dll
0x00007ff9724e0000 - 0x00007ff97256d000 	c:\Users\82103\.cursor\extensions\redhat.java-1.51.0-win32-x64\jre\21.0.9-win32-x86_64\bin\msvcp140.dll
0x00007ff8f4bd0000 - 0x00007ff8f5970000 	c:\Users\82103\.cursor\extensions\redhat.java-1.51.0-win32-x64\jre\21.0.9-win32-x86_64\bin\server\jvm.dll
0x00007ff9bf600000 - 0x00007ff9bf6b4000 	C:\WINDOWS\System32\ADVAPI32.dll
0x00007ff9be1c0000 - 0x00007ff9be266000 	C:\WINDOWS\System32\sechost.dll
0x00007ff9bfae0000 - 0x00007ff9bfbf8000 	C:\WINDOWS\System32\RPCRT4.dll
0x00007ff9be090000 - 0x00007ff9be104000 	C:\WINDOWS\System32\WS2_32.dll
0x00007ff9bcd60000 - 0x00007ff9bcdbe000 	C:\WINDOWS\SYSTEM32\POWRPROF.dll
0x00007ff9b4180000 - 0x00007ff9b418b000 	C:\WINDOWS\SYSTEM32\VERSION.dll
0x00007ff9a12d0000 - 0x00007ff9a1305000 	C:\WINDOWS\SYSTEM32\WINMM.dll
0x00007ff9bcd40000 - 0x00007ff9bcd54000 	C:\WINDOWS\SYSTEM32\UMPDC.dll
0x00007ff9bbcb0000 - 0x00007ff9bbccb000 	C:\WINDOWS\SYSTEM32\kernel.appcore.dll
0x00007ff9a9330000 - 0x00007ff9a933a000 	c:\Users\82103\.cursor\extensions\redhat.java-1.51.0-win32-x64\jre\21.0.9-win32-x86_64\bin\jimage.dll
0x00007ff9ba590000 - 0x00007ff9ba7d1000 	C:\WINDOWS\SYSTEM32\DBGHELP.DLL
0x00007ff9bf6c0000 - 0x00007ff9bfa46000 	C:\WINDOWS\System32\combase.dll
0x00007ff9be2a0000 - 0x00007ff9be380000 	C:\WINDOWS\System32\OLEAUT32.dll
0x00007ff9ad200000 - 0x00007ff9ad243000 	C:\WINDOWS\SYSTEM32\dbgcore.DLL
0x00007ff9bcf10000 - 0x00007ff9bcfa9000 	C:\WINDOWS\System32\bcryptPrimitives.dll
0x00007ff9af4d0000 - 0x00007ff9af4df000 	c:\Users\82103\.cursor\extensions\redhat.java-1.51.0-win32-x64\jre\21.0.9-win32-x86_64\bin\instrument.dll
0x00007ff999450000 - 0x00007ff999470000 	c:\Users\82103\.cursor\extensions\redhat.java-1.51.0-win32-x64\jre\21.0.9-win32-x86_64\bin\java.dll
0x00007ff9bee40000 - 0x00007ff9bf58a000 	C:\WINDOWS\System32\SHELL32.dll
0x00007ff9bd5a0000 - 0x00007ff9bd714000 	C:\WINDOWS\System32\wintypes.dll
0x00007ff9bab20000 - 0x00007ff9bb37b000 	C:\WINDOWS\SYSTEM32\windows.storage.dll
0x00007ff9be470000 - 0x00007ff9be565000 	C:\WINDOWS\System32\SHCORE.dll
0x00007ff9bf590000 - 0x00007ff9bf5fa000 	C:\WINDOWS\System32\shlwapi.dll
0x00007ff9bce20000 - 0x00007ff9bce4f000 	C:\WINDOWS\SYSTEM32\profapi.dll
0x00007ff998560000 - 0x00007ff998578000 	c:\Users\82103\.cursor\extensions\redhat.java-1.51.0-win32-x64\jre\21.0.9-win32-x86_64\bin\zip.dll
0x00007ff9a9100000 - 0x00007ff9a9110000 	C:\Users\82103\.cursor\extensions\redhat.java-1.51.0-win32-x64\jre\21.0.9-win32-x86_64\bin\net.dll
0x00007ff9b43c0000 - 0x00007ff9b44de000 	C:\WINDOWS\SYSTEM32\WINHTTP.dll
0x00007ff9bc240000 - 0x00007ff9bc2aa000 	C:\WINDOWS\system32\mswsock.dll
0x00007ff99a8b0000 - 0x00007ff99a8c6000 	C:\Users\82103\.cursor\extensions\redhat.java-1.51.0-win32-x64\jre\21.0.9-win32-x86_64\bin\nio.dll
0x00007ff9ad3d0000 - 0x00007ff9ad3e0000 	c:\Users\82103\.cursor\extensions\redhat.java-1.51.0-win32-x64\jre\21.0.9-win32-x86_64\bin\verify.dll
0x00007ff9927f0000 - 0x00007ff992834000 	C:\Users\82103\AppData\Roaming\Cursor\User\globalStorage\redhat.java\1.51.0\config_win\org.eclipse.equinox.launcher\org.eclipse.equinox.launcher.win32.win32.x86_64_1.2.1400.v20250801-0854\eclipse_11916.dll
0x00007ff9be570000 - 0x00007ff9be70e000 	C:\WINDOWS\System32\ole32.dll
0x00007ff9bc4f0000 - 0x00007ff9bc50b000 	C:\WINDOWS\SYSTEM32\CRYPTSP.dll
0x00007ff9bbc10000 - 0x00007ff9bbc4b000 	C:\WINDOWS\system32\rsaenh.dll
0x00007ff9bc2e0000 - 0x00007ff9bc30b000 	C:\WINDOWS\SYSTEM32\USERENV.dll
0x00007ff9bcdf0000 - 0x00007ff9bce16000 	C:\WINDOWS\SYSTEM32\bcrypt.dll
0x00007ff9bc510000 - 0x00007ff9bc51c000 	C:\WINDOWS\SYSTEM32\CRYPTBASE.dll
0x00007ff9bb750000 - 0x00007ff9bb783000 	C:\WINDOWS\SYSTEM32\IPHLPAPI.DLL
0x00007ff9bfc00000 - 0x00007ff9bfc0a000 	C:\WINDOWS\System32\NSI.dll
0x00007ff98bc00000 - 0x00007ff98bc49000 	C:\Users\82103\AppData\Local\Temp\jna-53255354\jna469316701049636429.dll
0x00007ff9bdb60000 - 0x00007ff9bdb68000 	C:\WINDOWS\System32\PSAPI.DLL
0x00007ff9b5e90000 - 0x00007ff9b5eaf000 	C:\WINDOWS\SYSTEM32\dhcpcsvc6.DLL
0x00007ff9b5bc0000 - 0x00007ff9b5be5000 	C:\WINDOWS\SYSTEM32\dhcpcsvc.DLL

JVMTI agents:
c:\Users\82103\.cursor\extensions\redhat.java-1.51.0-win32-x64\lombok\lombok-1.18.39-4050.jar path:c:\Users\82103\.cursor\extensions\redhat.java-1.51.0-win32-x64\jre\21.0.9-win32-x86_64\bin\instrument.dll, loaded, initialized, instrumentlib options:none

dbghelp: loaded successfully - version: 4.0.5 - missing functions: none
symbol engine: initialized successfully - sym options: 0x614 - pdb path: .;c:\Users\82103\.cursor\extensions\redhat.java-1.51.0-win32-x64\jre\21.0.9-win32-x86_64\bin;C:\WINDOWS\SYSTEM32;C:\WINDOWS\WinSxS\amd64_microsoft.windows.common-controls_6595b64144ccf1df_6.0.26100.4484_none_3e0e6d4ce32ef3b3;c:\Users\82103\.cursor\extensions\redhat.java-1.51.0-win32-x64\jre\21.0.9-win32-x86_64\bin\server;C:\Users\82103\AppData\Roaming\Cursor\User\globalStorage\redhat.java\1.51.0\config_win\org.eclipse.equinox.launcher\org.eclipse.equinox.launcher.win32.win32.x86_64_1.2.1400.v20250801-0854;C:\Users\82103\AppData\Local\Temp\jna-53255354

VM Arguments:
jvm_args: --add-modules=ALL-SYSTEM --add-opens=java.base/java.util=ALL-UNNAMED --add-opens=java.base/java.lang=ALL-UNNAMED --add-opens=java.base/sun.nio.fs=ALL-UNNAMED -Declipse.application=org.eclipse.jdt.ls.core.id1 -Dosgi.bundles.defaultStartLevel=4 -Declipse.product=org.eclipse.jdt.ls.core.product -Djava.import.generatesMetadataFilesAtProjectRoot=false -DDetectVMInstallationsJob.disabled=true -Dfile.encoding=utf8 -XX:+UseParallelGC -XX:GCTimeRatio=4 -XX:AdaptiveSizePolicyWeight=90 -Dsun.zip.disableMemoryMapping=true -Xmx2G -Xms100m -Xlog:disable -javaagent:c:\Users\82103\.cursor\extensions\redhat.java-1.51.0-win32-x64\lombok\lombok-1.18.39-4050.jar -XX:+HeapDumpOnOutOfMemoryError -XX:HeapDumpPath=c:\Users\82103\AppData\Roaming\Cursor\User\workspaceStorage\188db7536be9950b7912d41f0468fc29\redhat.java -Daether.dependencyCollector.impl=bf 
java_command: c:\Users\82103\.cursor\extensions\redhat.java-1.51.0-win32-x64\server\plugins\org.eclipse.equinox.launcher_1.7.100.v20251111-0406.jar -configuration c:\Users\82103\AppData\Roaming\Cursor\User\globalStorage\redhat.java\1.51.0\config_win -data c:\Users\82103\AppData\Roaming\Cursor\User\workspaceStorage\188db7536be9950b7912d41f0468fc29\redhat.java\jdt_ws --pipe=\\.\pipe\lsp-7d4135569471e5ce5275768fa4e66235-sock
java_class_path (initial): c:\Users\82103\.cursor\extensions\redhat.java-1.51.0-win32-x64\server\plugins\org.eclipse.equinox.launcher_1.7.100.v20251111-0406.jar
Launcher Type: SUN_STANDARD

[Global flags]
    uintx AdaptiveSizePolicyWeight                 = 90                                        {product} {command line}
     intx CICompilerCount                          = 4                                         {product} {ergonomic}
    uintx GCTimeRatio                              = 4                                         {product} {command line}
     bool HeapDumpOnOutOfMemoryError               = true                                   {manageable} {command line}
    ccstr HeapDumpPath                             = c:\Users\82103\AppData\Roaming\Cursor\User\workspaceStorage\188db7536be9950b7912d41f0468fc29\redhat.java         {manageable} {command line}
   size_t InitialHeapSize                          = 104857600                                 {product} {command line}
   size_t MaxHeapSize                              = 2147483648                                {product} {command line}
   size_t MaxNewSize                               = 715653120                                 {product} {ergonomic}
   size_t MinHeapDeltaBytes                        = 524288                                    {product} {ergonomic}
   size_t MinHeapSize                              = 104857600                                 {product} {command line}
   size_t NewSize                                  = 34603008                                  {product} {ergonomic}
    uintx NonNMethodCodeHeapSize                   = 5839372                                {pd product} {ergonomic}
    uintx NonProfiledCodeHeapSize                  = 122909434                              {pd product} {ergonomic}
   size_t OldSize                                  = 70254592                                  {product} {ergonomic}
    uintx ProfiledCodeHeapSize                     = 122909434                              {pd product} {ergonomic}
    uintx ReservedCodeCacheSize                    = 251658240                              {pd product} {ergonomic}
     bool SegmentedCodeCache                       = true                                      {product} {ergonomic}
   size_t SoftMaxHeapSize                          = 2147483648                             {manageable} {ergonomic}
     bool UseCompressedOops                        = true                           {product lp64_product} {ergonomic}
     bool UseLargePagesIndividualAllocation        = false                                  {pd product} {ergonomic}
     bool UseParallelGC                            = true                                      {product} {command line}

Logging:
Log output configuration:
 #0: stdout all=off uptime,level,tags foldmultilines=false
 #1: stderr all=off uptime,level,tags foldmultilines=false

Release file:
JAVA_VERSION="21.0.9" 
MODULES="java.base java.compiler java.datatransfer java.xml java.prefs java.desktop java.instrument java.logging java.management java.security.sasl java.naming java.rmi java.management.rmi java.net.http java.scripting java.security.jgss java.transaction.xa java.sql java.sql.rowset java.xml.crypto java.se java.smartcardio jdk.accessibility jdk.internal.jvmstat jdk.attach jdk.charsets jdk.internal.opt jdk.zipfs jdk.compiler jdk.crypto.ec jdk.crypto.cryptoki jdk.crypto.mscapi jdk.dynalink jdk.internal.ed jdk.editpad jdk.hotspot.agent jdk.httpserver jdk.internal.le jdk.internal.vm.ci jdk.internal.vm.compiler jdk.internal.vm.compiler.management jdk.jartool jdk.javadoc jdk.jcmd jdk.management jdk.management.agent jdk.jconsole jdk.jdeps jdk.jdwp.agent jdk.jdi jdk.jfr jdk.jshell jdk.jsobject jdk.jstatd jdk.localedata jdk.management.jfr jdk.naming.dns jdk.naming.rmi jdk.net jdk.nio.mapmode jdk.random jdk.sctp jdk.security.auth jdk.security.jgss jdk.unsupported jdk.unsupported.desktop jdk.xml.dom" 

Environment Variables:
JAVA_HOME=C:\Program Files\Java\jdk-17.0.5
CLASSPATH=C:\Program Files\Java\jdk-17.0.5\lib
PATH=C:\Windows\system32;C:\Windows;C:\Windows\System32\Wbem;C:\Windows\System32\WindowsPowerShell\v1.0\;C:\Windows\System32\OpenSSH\;C:\Program Files (x86)\NVIDIA Corporation\PhysX\Common;C:\Program Files\NVIDIA Corporation\NVIDIA NvDLISR;C:\WINDOWS\system32;C:\WINDOWS;C:\WINDOWS\System32\Wbem;C:\WINDOWS\System32\WindowsPowerShell\v1.0\;C:\WINDOWS\System32\OpenSSH\;C:\Program Files\Java\jdk-17.0.5\bin;C:\Program Files\Git\cmd;C:\Users\82103\AppData\Roaming\nvm;C:\Program Files\nodejs;C:\Program Files\Bandizip\;C:\Program Files\Docker\Docker\resources\bin;C:\Program Files\cursor\resources\app\bin;C:\Users\82103\AppData\Local\Microsoft\WindowsApps;C:\Program Files\JetBrains\IntelliJ IDEA Community Edition 2021.2.3\bin;;C:\Users\82103\AppData\Local\Programs\Microsoft VS Code\bin;C:\Users\82103\AppData\Roaming\npm;C:\Users\82103\AppData\Roaming\nvm;C:\Program Files\nodejs;
USERNAME=82103
OS=Windows_NT
PROCESSOR_IDENTIFIER=Intel64 Family 6 Model 140 Stepping 1, GenuineIntel
TMP=C:\Users\82103\AppData\Local\Temp
TEMP=C:\Users\82103\AppData\Local\Temp




Periodic native trim disabled

---------------  S Y S T E M  ---------------

OS:
 Windows 11 , 64 bit Build 26100 (10.0.26100.4484)
OS uptime: 169 days 7:41 hours
Hyper-V role detected

CPU: total 8 (initial active 8) (4 cores per cpu, 2 threads per core) family 6 model 140 stepping 1 microcode 0xa4, cx8, cmov, fxsr, ht, mmx, 3dnowpref, sse, sse2, sse3, ssse3, sse4.1, sse4.2, popcnt, lzcnt, tsc, tscinvbit, avx, avx2, aes, erms, clmul, bmi1, bmi2, adx, avx512f, avx512dq, avx512cd, avx512bw, avx512vl, sha, fma, vzeroupper, avx512_vpopcntdq, avx512_vpclmulqdq, avx512_vaes, avx512_vnni, clflush, clflushopt, clwb, avx512_vbmi2, avx512_vbmi, hv, rdtscp, rdpid, fsrm, gfni, avx512_bitalg, f16c, cet_ibt, cet_ss, avx512_ifma
Processor Information for the first 8 processors :
  Max Mhz: 2419, Current Mhz: 2419, Mhz Limit: 2419

Memory: 4k page, system-wide physical 16075M (1001M free)
TotalPageFile size 58176M (AvailPageFile size 37M)
current process WorkingSet (physical memory assigned to process): 212M, peak: 215M
current process commit charge ("private bytes"): 334M, peak: 336M

vm_info: OpenJDK 64-Bit Server VM (21.0.9+10-LTS) for windows-amd64 JRE (21.0.9+10-LTS), built on 2025-10-21T00:00:00Z by "admin" with unknown MS VC++:1942

END.
